
Running 84 tests using 1 worker

(node:2390563) Warning: The 'NO_COLOR' env is ignored due to the 'FORCE_COLOR' env being set.
(Use `node --trace-warnings ...` to show where the warning was created)
  ✓   1 [chromium] › tests/flex.spec.ts:3:1 › accepted native view changes preserve caller content and focus (1.5s)
  ✓   2 [chromium] › tests/flex.spec.ts:30:1 › application rejection leaves the previous view intact (955ms)
  ✓   3 [chromium] › tests/flex.spec.ts:43:1 › unsupported snapshots use Animotion and rapid switches finish in order (1.3s)
  ✓   4 [chromium] › tests/flex.spec.ts:62:1 › reduced motion retains functional navigation (922ms)
  ✓   5 [chromium] › tests/gallery.spec.ts:3:1 › gallery navigation, theme and controls are usable (1.6s)
  ✓   6 [chromium] › tests/gallery.spec.ts:21:1 › chat submits text, preserves Shift+Enter and ignores IME Enter (1.8s)
  ✓   7 [chromium] › tests/gallery.spec.ts:53:1 › chat failures retain drafts, pending completion does not erase a changed draft (3.3s)
  ✓   8 [chromium] › tests/gallery.spec.ts:75:1 › Flow choices are keyboard buttons and change the host selection (904ms)
  ✓   9 [chromium] › tests/gallery.spec.ts:86:1 › mobile navigation and chat fit without horizontal overflow (1.6s)
  ✓  10 [chromium] › tests/gallery.spec.ts:104:1 › authority change isolates a pending message from the replacement conversation (2.2s)
  ✓  11 [chromium] › tests/gallery.spec.ts:128:1 › responsive panel preserves the focused editor and returns focus on close (1.7s)
  ✓  12 [chromium] › tests/gallery.spec.ts:163:1 › conversation text is escaped and search opens its matching demo (2.3s)
  ✓  13 [chromium] › tests/gallery.spec.ts:191:1 › inactive Flow fitting does not reset a manually zoomed viewport (2.1s)
  ✓  14 [chromium] › tests/gallery.spec.ts:207:1 › ROM focus correction moves a hidden expansion control to its frame (1.2s)
  ✓  15 [chromium] › tests/gallery.spec.ts:221:1 › ROM focus correction does not reclaim focus after deliberate blur (2.0s)
  ✓  16 [chromium] › tests/gallery.spec.ts:236:1 › long messages scroll inside the conversation with a visible mobile composer (2.2s)
  ✓  17 [chromium] › tests/gallery.spec.ts:263:1 › one composer retains pending ownership when moved into the panel (1.9s)
  ✓  18 [chromium] › tests/gallery.spec.ts:285:1 › skip link preserves the current demo and focuses main (941ms)
  ✓  19 [chromium] › tests/gallery.spec.ts:300:1 › collapsed mobile navigation does not receive keyboard focus (617ms)
  ✓  20 [chromium] › tests/gallery.spec.ts:314:3 › Flow auto fit animates according to no-preference (3.1s)
  ✓  21 [chromium] › tests/gallery.spec.ts:314:3 › Flow auto fit animates according to reduce (3.1s)
  ✓  22 [chromium] › tests/gallery.spec.ts:348:1 › composer extensions are interactive without submitting the draft (2.3s)
  ✓  23 [chromium] › tests/gallery.spec.ts:380:1 › agent activity details and application actions are interactive (2.2s)
  ✓  24 [chromium] › tests/maps.spec.ts:3:1 › real MapLibre map renders synthetic ROM resources and keyboard selection (1.9s)
  ✓  25 [chromium] › tests/maps.spec.ts:20:1 › map selection rejection and unknown outcome preserve host state until explicit recovery (2.6s)
  ✓  26 [chromium] › tests/maps.spec.ts:60:1 › theme and responsive transitions retain map layers and do not fetch hidden default providers (2.1s)
  ✓  27 [chromium] › tests/maps.spec.ts:93:1 › clusters render on a tileless style without implicit font requests (1.8s)
  ✓  28 [chromium] › tests/maps.spec.ts:114:1 › street basemap renders geographic features and attribution, with a schematic fallback (4.5s)
  ✓  29 [chromium] › tests/maps.spec.ts:142:1 › an unavailable street provider can recover into the schematic view (2.5s)
  ✓  30 [chromium] › tests/maps.spec.ts:161:1 › gallery light theme overrides a dark operating-system preference (1.7s)
  ✓  31 [chromium] › tests/snippets.spec.ts:66:3 › controls has a copyable example for every listed export (1.3s)
  ✓  32 [chromium] › tests/snippets.spec.ts:66:3 › studio-primitives has a copyable example for every listed export (1.5s)
  ✓  33 [chromium] › tests/snippets.spec.ts:66:3 › compositions has a copyable example for every listed export (1.0s)
  ✓  34 [chromium] › tests/snippets.spec.ts:66:3 › chat has a copyable example for every listed export (977ms)
  ✓  35 [chromium] › tests/snippets.spec.ts:66:3 › flow has a copyable example for every listed export (809ms)
  ✓  36 [chromium] › tests/snippets.spec.ts:66:3 › flex has a copyable example for every listed export (892ms)
  ✓  37 [chromium] › tests/snippets.spec.ts:66:3 › maps has a copyable example for every listed export (2.0s)
  ✓  38 [chromium] › tests/snippets.spec.ts:93:1 › copy writes the complete selected example and announces success (756ms)
  ✓  39 [chromium] › tests/snippets.spec.ts:119:3 › copy rejection keeps selectable code and announces recovery (743ms)
  ✓  40 [chromium] › tests/snippets.spec.ts:119:3 › copy without clipboard access keeps selectable code and announces recovery (854ms)
  ✓  41 [chromium] › tests/snippets.spec.ts:147:1 › expanded examples fit a mobile viewport in the dark theme (1.8s)
  ✓  42 [chromium] › tests/studio-primitives.spec.ts:2:1 › shared Studio primitives are reachable and interactive in the English gallery (2.3s)
(node:2398692) Warning: The 'NO_COLOR' env is ignored due to the 'FORCE_COLOR' env being set.
(Use `node --trace-warnings ...` to show where the warning was created)
  ✓  43 [webkit] › tests/flex.spec.ts:3:1 › accepted native view changes preserve caller content and focus (1.6s)
  ✓  44 [webkit] › tests/flex.spec.ts:30:1 › application rejection leaves the previous view intact (1.1s)
  ✓  45 [webkit] › tests/flex.spec.ts:43:1 › unsupported snapshots use Animotion and rapid switches finish in order (1.3s)
  ✓  46 [webkit] › tests/flex.spec.ts:62:1 › reduced motion retains functional navigation (1.0s)
  ✓  47 [webkit] › tests/gallery.spec.ts:3:1 › gallery navigation, theme and controls are usable (1.2s)
  ✓  48 [webkit] › tests/gallery.spec.ts:21:1 › chat submits text, preserves Shift+Enter and ignores IME Enter (2.1s)
  ✓  49 [webkit] › tests/gallery.spec.ts:53:1 › chat failures retain drafts, pending completion does not erase a changed draft (2.9s)
  ✓  50 [webkit] › tests/gallery.spec.ts:75:1 › Flow choices are keyboard buttons and change the host selection (1.8s)
  ✓  51 [webkit] › tests/gallery.spec.ts:86:1 › mobile navigation and chat fit without horizontal overflow (1.8s)
  ✓  52 [webkit] › tests/gallery.spec.ts:104:1 › authority change isolates a pending message from the replacement conversation (1.8s)
  ✓  53 [webkit] › tests/gallery.spec.ts:128:1 › responsive panel preserves the focused editor and returns focus on close (1.3s)
  ✓  54 [webkit] › tests/gallery.spec.ts:163:1 › conversation text is escaped and search opens its matching demo (2.3s)
  ✓  55 [webkit] › tests/gallery.spec.ts:191:1 › inactive Flow fitting does not reset a manually zoomed viewport (1.9s)
  ✓  56 [webkit] › tests/gallery.spec.ts:207:1 › ROM focus correction moves a hidden expansion control to its frame (1.3s)
  ✓  57 [webkit] › tests/gallery.spec.ts:221:1 › ROM focus correction does not reclaim focus after deliberate blur (1.1s)
  ✓  58 [webkit] › tests/gallery.spec.ts:236:1 › long messages scroll inside the conversation with a visible mobile composer (2.0s)
  ✓  59 [webkit] › tests/gallery.spec.ts:263:1 › one composer retains pending ownership when moved into the panel (1.9s)
  ✓  60 [webkit] › tests/gallery.spec.ts:285:1 › skip link preserves the current demo and focuses main (984ms)
  ✓  61 [webkit] › tests/gallery.spec.ts:300:1 › collapsed mobile navigation does not receive keyboard focus (873ms)
  ✓  62 [webkit] › tests/gallery.spec.ts:314:3 › Flow auto fit animates according to no-preference (2.5s)
  ✓  63 [webkit] › tests/gallery.spec.ts:314:3 › Flow auto fit animates according to reduce (2.7s)
  ✓  64 [webkit] › tests/gallery.spec.ts:348:1 › composer extensions are interactive without submitting the draft (1.9s)
  ✓  65 [webkit] › tests/gallery.spec.ts:380:1 › agent activity details and application actions are interactive (2.2s)
  ✓  66 [webkit] › tests/maps.spec.ts:3:1 › real MapLibre map renders synthetic ROM resources and keyboard selection (2.4s)
  ✓  67 [webkit] › tests/maps.spec.ts:20:1 › map selection rejection and unknown outcome preserve host state until explicit recovery (3.4s)
  ✓  68 [webkit] › tests/maps.spec.ts:60:1 › theme and responsive transitions retain map layers and do not fetch hidden default providers (2.2s)
  ✓  69 [webkit] › tests/maps.spec.ts:93:1 › clusters render on a tileless style without implicit font requests (2.6s)
  ✓  70 [webkit] › tests/maps.spec.ts:114:1 › street basemap renders geographic features and attribution, with a schematic fallback (3.4s)
  ✓  71 [webkit] › tests/maps.spec.ts:142:1 › an unavailable street provider can recover into the schematic view (2.4s)
  ✓  72 [webkit] › tests/maps.spec.ts:161:1 › gallery light theme overrides a dark operating-system preference (1.6s)
  ✓  73 [webkit] › tests/snippets.spec.ts:66:3 › controls has a copyable example for every listed export (1.3s)
  ✓  74 [webkit] › tests/snippets.spec.ts:66:3 › studio-primitives has a copyable example for every listed export (1.5s)
  ✓  75 [webkit] › tests/snippets.spec.ts:66:3 › compositions has a copyable example for every listed export (1.2s)
  ✓  76 [webkit] › tests/snippets.spec.ts:66:3 › chat has a copyable example for every listed export (1.2s)
  ✓  77 [webkit] › tests/snippets.spec.ts:66:3 › flow has a copyable example for every listed export (1.1s)
  ✓  78 [webkit] › tests/snippets.spec.ts:66:3 › flex has a copyable example for every listed export (1.1s)
  ✓  79 [webkit] › tests/snippets.spec.ts:66:3 › maps has a copyable example for every listed export (2.5s)
  ✓  80 [webkit] › tests/snippets.spec.ts:93:1 › copy writes the complete selected example and announces success (1.1s)
  ✓  81 [webkit] › tests/snippets.spec.ts:119:3 › copy rejection keeps selectable code and announces recovery (993ms)
  ✓  82 [webkit] › tests/snippets.spec.ts:119:3 › copy without clipboard access keeps selectable code and announces recovery (1.0s)
  ✓  83 [webkit] › tests/snippets.spec.ts:147:1 › expanded examples fit a mobile viewport in the dark theme (1.8s)
  ✓  84 [webkit] › tests/studio-primitives.spec.ts:2:1 › shared Studio primitives are reachable and interactive in the English gallery (2.1s)

  84 passed (2.5m)
