#0 building with "default" instance using docker driver

#1 [internal] load build definition from Dockerfile
#1 transferring dockerfile: 238B done
#1 DONE 0.0s

#2 [internal] load metadata for docker.io/library/nginx@sha256:3bcf852aed06467cf075c6105892e4d5a6ebbbafa0ce22d35062db9e90ddef4c
#2 DONE 0.9s

#3 [internal] load .dockerignore
#3 transferring context: 2B done
#3 DONE 0.0s

#4 [1/3] FROM docker.io/library/nginx@sha256:3bcf852aed06467cf075c6105892e4d5a6ebbbafa0ce22d35062db9e90ddef4c
#4 resolve docker.io/library/nginx@sha256:3bcf852aed06467cf075c6105892e4d5a6ebbbafa0ce22d35062db9e90ddef4c 0.0s done
#4 DONE 0.0s

#5 [internal] load build context
#5 transferring context: 2.68MB 0.1s done
#5 DONE 0.1s

#6 [2/3] COPY deploy/nginx.conf /etc/nginx/conf.d/default.conf
#6 CACHED

#7 [3/3] COPY dist/ /usr/share/nginx/html/
#7 DONE 0.2s

#8 exporting to image
#8 exporting layers
#8 exporting layers 0.3s done
#8 exporting manifest sha256:4c28778ce9f5473df0036f24c9e710a3b944933ec1346e1188c2597a5b3e6f27 0.0s done
#8 exporting config sha256:1fe7c609d0c4ef031caf0ae559f1ab7d882366b94d7cdc82983c1a361fb78b29 0.0s done
#8 exporting attestation manifest sha256:052a486199f9c35970ccc9e5194da862850bc66e720db603cb61c7199e923455 0.1s done
#8 exporting manifest list sha256:9d95d6e4bb9dfc73ec8143c0f6cdaf187fe40b90df05da7cd662199601a3c5b4
#8 exporting manifest list sha256:9d95d6e4bb9dfc73ec8143c0f6cdaf187fe40b90df05da7cd662199601a3c5b4 0.0s done
#8 naming to docker.io/library/rom-ui-gallery:b722ba2 done
#8 unpacking to docker.io/library/rom-ui-gallery:b722ba2 0.1s done
#8 DONE 0.7s
 Container rom-ui-gallery Recreate 
 Container rom-ui-gallery Recreated 
 Container rom-ui-gallery Starting 
 Container rom-ui-gallery Started 
sha256:9d95d6e4bb9dfc73ec8143c0f6cdaf187fe40b90df05da7cd662199601a3c5b4 true
