
Running 72 tests using 1 worker

(node:1698994) Warning: The 'NO_COLOR' env is ignored due to the 'FORCE_COLOR' env being set.
(Use `node --trace-warnings ...` to show where the warning was created)
  ✓   1 [chromium] › tests/flex.spec.ts:3:1 › accepted native view changes preserve caller content and focus (1.6s)
  ✓   2 [chromium] › tests/flex.spec.ts:30:1 › application rejection leaves the previous view intact (1.3s)
  ✓   3 [chromium] › tests/flex.spec.ts:43:1 › unsupported snapshots use Animotion and rapid switches finish in order (1.3s)
  ✓   4 [chromium] › tests/flex.spec.ts:62:1 › reduced motion retains functional navigation (1.2s)
  ✓   5 [chromium] › tests/gallery.spec.ts:3:1 › gallery navigation, theme and controls are usable (1.2s)
  ✓   6 [chromium] › tests/gallery.spec.ts:21:1 › chat submits text, preserves Shift+Enter and ignores IME Enter (1.8s)
  ✓   7 [chromium] › tests/gallery.spec.ts:53:1 › chat failures retain drafts, pending completion does not erase a changed draft (2.6s)
  ✓   8 [chromium] › tests/gallery.spec.ts:75:1 › Flow choices are keyboard buttons and change the host selection (986ms)
  ✓   9 [chromium] › tests/gallery.spec.ts:86:1 › mobile navigation and chat fit without horizontal overflow (1.2s)
  ✓  10 [chromium] › tests/gallery.spec.ts:104:1 › authority change isolates a pending message from the replacement conversation (1.8s)
  ✓  11 [chromium] › tests/gallery.spec.ts:128:1 › responsive panel preserves the focused editor and returns focus on close (1.1s)
  ✓  12 [chromium] › tests/gallery.spec.ts:163:1 › conversation text is escaped and search opens its matching demo (2.0s)
  ✓  13 [chromium] › tests/gallery.spec.ts:191:1 › inactive Flow fitting does not reset a manually zoomed viewport (1.4s)
  ✓  14 [chromium] › tests/gallery.spec.ts:207:1 › ROM focus correction moves a hidden expansion control to its frame (968ms)
  ✓  15 [chromium] › tests/gallery.spec.ts:221:1 › ROM focus correction does not reclaim focus after deliberate blur (887ms)
  ✓  16 [chromium] › tests/gallery.spec.ts:236:1 › long messages scroll inside the conversation with a visible mobile composer (2.5s)
  ✓  17 [chromium] › tests/gallery.spec.ts:263:1 › one composer retains pending ownership when moved into the panel (1.9s)
  ✓  18 [chromium] › tests/gallery.spec.ts:285:1 › skip link preserves the current demo and focuses main (2.1s)
  ✓  19 [chromium] › tests/gallery.spec.ts:300:1 › collapsed mobile navigation does not receive keyboard focus (713ms)
  ✓  20 [chromium] › tests/maps.spec.ts:3:1 › real MapLibre map renders synthetic ROM resources and keyboard selection (2.3s)
  ✓  21 [chromium] › tests/maps.spec.ts:20:1 › map selection rejection and unknown outcome preserve host state until explicit recovery (3.9s)
  ✓  22 [chromium] › tests/maps.spec.ts:60:1 › theme and responsive transitions retain map layers and do not fetch hidden default providers (3.0s)
  ✓  23 [chromium] › tests/maps.spec.ts:93:1 › clusters render on a tileless style without implicit font requests (3.1s)
  ✓  24 [chromium] › tests/maps.spec.ts:114:1 › street basemap renders geographic features and attribution, with a schematic fallback (3.6s)
  ✓  25 [chromium] › tests/maps.spec.ts:142:1 › an unavailable street provider can recover into the schematic view (1.5s)
  ✓  26 [chromium] › tests/maps.spec.ts:161:1 › gallery light theme overrides a dark operating-system preference (1.8s)
  ✓  27 [chromium] › tests/snippets.spec.ts:48:3 › controls has a copyable example for every listed export (1.3s)
  ✓  28 [chromium] › tests/snippets.spec.ts:48:3 › compositions has a copyable example for every listed export (1.2s)
  ✓  29 [chromium] › tests/snippets.spec.ts:48:3 › chat has a copyable example for every listed export (972ms)
  ✓  30 [chromium] › tests/snippets.spec.ts:48:3 › flow has a copyable example for every listed export (747ms)
  ✓  31 [chromium] › tests/snippets.spec.ts:48:3 › flex has a copyable example for every listed export (855ms)
  ✓  32 [chromium] › tests/snippets.spec.ts:48:3 › maps has a copyable example for every listed export (3.8s)
  ✓  33 [chromium] › tests/snippets.spec.ts:75:1 › copy writes the complete selected example and announces success (1.1s)
  ✓  34 [chromium] › tests/snippets.spec.ts:101:3 › copy rejection keeps selectable code and announces recovery (988ms)
  ✓  35 [chromium] › tests/snippets.spec.ts:101:3 › copy without clipboard access keeps selectable code and announces recovery (896ms)
  ✓  36 [chromium] › tests/snippets.spec.ts:129:1 › expanded examples fit a mobile viewport in the dark theme (1.9s)
(node:1707628) Warning: The 'NO_COLOR' env is ignored due to the 'FORCE_COLOR' env being set.
(Use `node --trace-warnings ...` to show where the warning was created)
  ✓  37 [webkit] › tests/flex.spec.ts:3:1 › accepted native view changes preserve caller content and focus (3.2s)
  ✓  38 [webkit] › tests/flex.spec.ts:30:1 › application rejection leaves the previous view intact (1.5s)
  ✓  39 [webkit] › tests/flex.spec.ts:43:1 › unsupported snapshots use Animotion and rapid switches finish in order (2.1s)
  ✓  40 [webkit] › tests/flex.spec.ts:62:1 › reduced motion retains functional navigation (1.5s)
  ✓  41 [webkit] › tests/gallery.spec.ts:3:1 › gallery navigation, theme and controls are usable (1.9s)
  ✓  42 [webkit] › tests/gallery.spec.ts:21:1 › chat submits text, preserves Shift+Enter and ignores IME Enter (2.4s)
  ✓  43 [webkit] › tests/gallery.spec.ts:53:1 › chat failures retain drafts, pending completion does not erase a changed draft (3.4s)
  ✓  44 [webkit] › tests/gallery.spec.ts:75:1 › Flow choices are keyboard buttons and change the host selection (1.6s)
  ✓  45 [webkit] › tests/gallery.spec.ts:86:1 › mobile navigation and chat fit without horizontal overflow (1.9s)
  ✓  46 [webkit] › tests/gallery.spec.ts:104:1 › authority change isolates a pending message from the replacement conversation (2.3s)
  ✓  47 [webkit] › tests/gallery.spec.ts:128:1 › responsive panel preserves the focused editor and returns focus on close (1.7s)
  ✓  48 [webkit] › tests/gallery.spec.ts:163:1 › conversation text is escaped and search opens its matching demo (3.0s)
  ✓  49 [webkit] › tests/gallery.spec.ts:191:1 › inactive Flow fitting does not reset a manually zoomed viewport (2.3s)
  ✓  50 [webkit] › tests/gallery.spec.ts:207:1 › ROM focus correction moves a hidden expansion control to its frame (1.6s)
  ✓  51 [webkit] › tests/gallery.spec.ts:221:1 › ROM focus correction does not reclaim focus after deliberate blur (1.6s)
  ✓  52 [webkit] › tests/gallery.spec.ts:236:1 › long messages scroll inside the conversation with a visible mobile composer (2.4s)
  ✓  53 [webkit] › tests/gallery.spec.ts:263:1 › one composer retains pending ownership when moved into the panel (2.4s)
  ✓  54 [webkit] › tests/gallery.spec.ts:285:1 › skip link preserves the current demo and focuses main (1.4s)
  ✓  55 [webkit] › tests/gallery.spec.ts:300:1 › collapsed mobile navigation does not receive keyboard focus (987ms)
  ✓  56 [webkit] › tests/maps.spec.ts:3:1 › real MapLibre map renders synthetic ROM resources and keyboard selection (2.1s)
  ✓  57 [webkit] › tests/maps.spec.ts:20:1 › map selection rejection and unknown outcome preserve host state until explicit recovery (3.3s)
  ✓  58 [webkit] › tests/maps.spec.ts:60:1 › theme and responsive transitions retain map layers and do not fetch hidden default providers (3.1s)
  ✓  59 [webkit] › tests/maps.spec.ts:93:1 › clusters render on a tileless style without implicit font requests (2.6s)
  ✓  60 [webkit] › tests/maps.spec.ts:114:1 › street basemap renders geographic features and attribution, with a schematic fallback (4.4s)
  ✓  61 [webkit] › tests/maps.spec.ts:142:1 › an unavailable street provider can recover into the schematic view (5.3s)
  ✓  62 [webkit] › tests/maps.spec.ts:161:1 › gallery light theme overrides a dark operating-system preference (2.3s)
  ✓  63 [webkit] › tests/snippets.spec.ts:48:3 › controls has a copyable example for every listed export (1.7s)
  ✓  64 [webkit] › tests/snippets.spec.ts:48:3 › compositions has a copyable example for every listed export (1.7s)
  ✓  65 [webkit] › tests/snippets.spec.ts:48:3 › chat has a copyable example for every listed export (1.3s)
  ✓  66 [webkit] › tests/snippets.spec.ts:48:3 › flow has a copyable example for every listed export (1.4s)
  ✓  67 [webkit] › tests/snippets.spec.ts:48:3 › flex has a copyable example for every listed export (1.3s)
  ✓  68 [webkit] › tests/snippets.spec.ts:48:3 › maps has a copyable example for every listed export (2.4s)
  ✓  69 [webkit] › tests/snippets.spec.ts:75:1 › copy writes the complete selected example and announces success (1.2s)
  ✓  70 [webkit] › tests/snippets.spec.ts:101:3 › copy rejection keeps selectable code and announces recovery (1.3s)
  ✓  71 [webkit] › tests/snippets.spec.ts:101:3 › copy without clipboard access keeps selectable code and announces recovery (1.4s)
  ✓  72 [webkit] › tests/snippets.spec.ts:129:1 › expanded examples fit a mobile viewport in the dark theme (3.1s)

  72 passed (2.4m)
