
Running 19 tests using 1 worker

(node:1472521) Warning: The 'NO_COLOR' env is ignored due to the 'FORCE_COLOR' env being set.
(Use `node --trace-warnings ...` to show where the warning was created)
  ✓   1 [webkit] › tests/gallery.spec.ts:3:1 › gallery navigation, theme and controls are usable (1.5s)
  ✓   2 [webkit] › tests/gallery.spec.ts:19:1 › chat submits text, preserves Shift+Enter and ignores IME Enter (2.1s)
  ✓   3 [webkit] › tests/gallery.spec.ts:51:1 › chat failures retain drafts, pending completion does not erase a changed draft (2.7s)
  ✓   4 [webkit] › tests/gallery.spec.ts:77:1 › Flow choices are keyboard buttons and change the host selection (1.1s)
  ✓   5 [webkit] › tests/gallery.spec.ts:88:1 › mobile navigation and chat fit without horizontal overflow (1.7s)
  ✓   6 [webkit] › tests/gallery.spec.ts:106:1 › authority change isolates a pending message from the replacement conversation (1.7s)
  ✓   7 [webkit] › tests/gallery.spec.ts:128:1 › responsive panel preserves the focused editor and returns focus on close (1.2s)
  ✓   8 [webkit] › tests/gallery.spec.ts:163:1 › conversation text is escaped and search opens its matching demo (2.0s)
  ✓   9 [webkit] › tests/gallery.spec.ts:191:1 › inactive Flow fitting does not reset a manually zoomed viewport (1.9s)
  ✓  10 [webkit] › tests/gallery.spec.ts:213:1 › ROM focus correction moves a hidden expansion control to its frame (1.1s)
  ✓  11 [webkit] › tests/gallery.spec.ts:227:1 › ROM focus correction does not reclaim focus after deliberate blur (1.1s)
  ✓  12 [webkit] › tests/gallery.spec.ts:242:1 › long messages scroll inside the conversation with a visible mobile composer (1.9s)
  ✓  13 [webkit] › tests/gallery.spec.ts:271:1 › one composer retains pending ownership when moved into the panel (2.0s)
  ✓  14 [webkit] › tests/gallery.spec.ts:293:1 › skip link preserves the current demo and focuses main (1.0s)
  ✓  15 [webkit] › tests/gallery.spec.ts:308:1 › collapsed mobile navigation does not receive keyboard focus (891ms)
  ✓  16 [webkit] › tests/maps.spec.ts:3:1 › real MapLibre map renders synthetic ROM resources and keyboard selection (2.3s)
  ✓  17 [webkit] › tests/maps.spec.ts:20:1 › map selection rejection and unknown outcome preserve host state until explicit recovery (2.4s)
  ✓  18 [webkit] › tests/maps.spec.ts:56:1 › theme and responsive transitions retain map layers and do not fetch hidden default providers (2.0s)
  ✓  19 [webkit] › tests/maps.spec.ts:89:1 › clusters render on a tileless style without implicit font requests (2.4s)

  19 passed (33.9s)
