#0 building with "default" instance using docker driver

#1 [internal] load build definition from Dockerfile
#1 transferring dockerfile: 238B done
#1 DONE 0.0s

#2 [internal] load metadata for docker.io/library/nginx@sha256:3bcf852aed06467cf075c6105892e4d5a6ebbbafa0ce22d35062db9e90ddef4c
#2 DONE 0.8s

#3 [internal] load .dockerignore
#3 transferring context: 2B done
#3 DONE 0.0s

#4 [1/3] FROM docker.io/library/nginx@sha256:3bcf852aed06467cf075c6105892e4d5a6ebbbafa0ce22d35062db9e90ddef4c
#4 resolve docker.io/library/nginx@sha256:3bcf852aed06467cf075c6105892e4d5a6ebbbafa0ce22d35062db9e90ddef4c 0.0s done
#4 DONE 0.0s

#5 [internal] load build context
#5 transferring context: 2.66MB 0.0s done
#5 DONE 0.1s

#6 [2/3] COPY deploy/nginx.conf /etc/nginx/conf.d/default.conf
#6 CACHED

#7 [3/3] COPY dist/ /usr/share/nginx/html/
#7 DONE 0.1s

#8 exporting to image
#8 exporting layers
#8 exporting layers 0.2s done
#8 exporting manifest sha256:78055e8bd2a1b5032b7d0370642b0e05b3bc30697d0b3109465a79fbf981090d 0.0s done
#8 exporting config sha256:0e92c8b0f2e064fa0e2c780e571061a7dbc803e2b1c6f5f41f4a49c2a541cddd 0.0s done
#8 exporting attestation manifest sha256:e8ccf342b8489a87e6949d4e9196df757451e82daab4e616744c393e7b3b393c 0.0s done
#8 exporting manifest list sha256:9872dc72b2b2d8a8844151c593755d786422b9ec6a963ac18ca98e02db8f67dc 0.0s done
#8 naming to docker.io/library/rom-ui-gallery:64e9f57 done
#8 unpacking to docker.io/library/rom-ui-gallery:64e9f57 0.1s done
#8 DONE 0.4s
 Container rom-ui-gallery Recreate 
 Container rom-ui-gallery Recreated 
 Container rom-ui-gallery Starting 
 Container rom-ui-gallery Started 
rom-ui-gallery:64e9f57 sha256:9872dc72b2b2d8a8844151c593755d786422b9ec6a963ac18ca98e02db8f67dc running
