#0 building with "default" instance using docker driver

#1 [internal] load build definition from Dockerfile
#1 transferring dockerfile: 238B done
#1 DONE 0.0s

#2 [internal] load metadata for docker.io/library/nginx@sha256:3bcf852aed06467cf075c6105892e4d5a6ebbbafa0ce22d35062db9e90ddef4c
#2 DONE 0.7s

#3 [internal] load .dockerignore
#3 transferring context: 2B done
#3 DONE 0.0s

#4 [1/3] FROM docker.io/library/nginx@sha256:3bcf852aed06467cf075c6105892e4d5a6ebbbafa0ce22d35062db9e90ddef4c
#4 resolve docker.io/library/nginx@sha256:3bcf852aed06467cf075c6105892e4d5a6ebbbafa0ce22d35062db9e90ddef4c 0.0s done
#4 DONE 0.0s

#5 [internal] load build context
#5 transferring context: 2.68MB 0.0s done
#5 DONE 0.1s

#6 [2/3] COPY deploy/nginx.conf /etc/nginx/conf.d/default.conf
#6 CACHED

#7 [3/3] COPY dist/ /usr/share/nginx/html/
#7 DONE 0.1s

#8 exporting to image
#8 exporting layers
#8 exporting layers 0.2s done
#8 exporting manifest sha256:715b04d24fde282fb070efbaeb3881ff797e1c96a568e5db125584c503bdb11e 0.0s done
#8 exporting config sha256:25228a3e4773c871a5604fe51b5760f250117da7f734d9077999c9db6c07d146 0.0s done
#8 exporting attestation manifest sha256:4840fd77b48ddebf6c34af1b7d6ed247455e2b6c7133431ce1ec0662472bba05 0.0s done
#8 exporting manifest list sha256:5cc5e9e8c0662cc99c07bb3df10286b68287c8e38065c60ed39f15cfc054c384 0.0s done
#8 naming to docker.io/library/rom-ui-gallery:a72d166 done
#8 unpacking to docker.io/library/rom-ui-gallery:a72d166 0.1s done
#8 DONE 0.3s
 Container rom-ui-gallery Recreate 
 Container rom-ui-gallery Recreated 
 Container rom-ui-gallery Starting 
 Container rom-ui-gallery Started 
rom-ui-gallery:a72d166 sha256:5cc5e9e8c0662cc99c07bb3df10286b68287c8e38065c60ed39f15cfc054c384 running
