[WebServer] (node:2529123) Warning: The 'NO_COLOR' env is ignored due to the 'FORCE_COLOR' env being set.
[WebServer] (Use `node --trace-warnings ...` to show where the warning was created)
[WebServer] (node:2529160) Warning: The 'NO_COLOR' env is ignored due to the 'FORCE_COLOR' env being set.
[WebServer] (Use `node --trace-warnings ...` to show where the warning was created)

Running 98 tests using 1 worker

(node:2529229) Warning: The 'NO_COLOR' env is ignored due to the 'FORCE_COLOR' env being set.
(Use `node --trace-warnings ...` to show where the warning was created)
  ✓   1 [chromium] › tests/flex.spec.ts:3:1 › accepted native view changes preserve caller content and focus (664ms)
  ✓   2 [chromium] › tests/flex.spec.ts:30:1 › application rejection leaves the previous view intact (281ms)
  ✓   3 [chromium] › tests/flex.spec.ts:43:1 › unsupported snapshots use Animotion and rapid switches finish in order (540ms)
  ✓   4 [chromium] › tests/flex.spec.ts:62:1 › reduced motion retains functional navigation (159ms)
  ✓   5 [chromium] › tests/forms.spec.ts:2:1 › Studio descriptor forms preserve exact values and rejected drafts (317ms)
  ✓   6 [chromium] › tests/forms.spec.ts:18:1 › Studio forms distinguish false, unchanged, null and removal and respect read-only state (1.3s)
  ✓   7 [chromium] › tests/forms.spec.ts:43:1 › Studio forms expose structured fields and typed action input (839ms)
  ✓   8 [chromium] › tests/gallery.spec.ts:3:1 › gallery navigation, theme and controls are usable (304ms)
  ✓   9 [chromium] › tests/gallery.spec.ts:21:1 › chat submits text, preserves Shift+Enter and ignores IME Enter (994ms)
  ✓  10 [chromium] › tests/gallery.spec.ts:53:1 › chat failures retain drafts, pending completion does not erase a changed draft (1.8s)
  ✓  11 [chromium] › tests/gallery.spec.ts:75:1 › Flow choices are keyboard buttons and change the host selection (160ms)
  ✓  12 [chromium] › tests/gallery.spec.ts:86:1 › mobile navigation and chat fit without horizontal overflow (265ms)
  ✓  13 [chromium] › tests/gallery.spec.ts:104:1 › authority change isolates a pending message from the replacement conversation (899ms)
  ✓  14 [chromium] › tests/gallery.spec.ts:128:1 › responsive panel preserves the focused editor and returns focus on close (373ms)
  ✓  15 [chromium] › tests/gallery.spec.ts:163:1 › conversation text is escaped and search opens its matching demo (1.4s)
  ✓  16 [chromium] › tests/gallery.spec.ts:191:1 › inactive Flow fitting does not reset a manually zoomed viewport (838ms)
  ✓  17 [chromium] › tests/gallery.spec.ts:207:1 › ROM focus correction moves a hidden expansion control to its frame (186ms)
  ✓  18 [chromium] › tests/gallery.spec.ts:221:1 › ROM focus correction does not reclaim focus after deliberate blur (202ms)
  ✓  19 [chromium] › tests/gallery.spec.ts:236:1 › long messages scroll inside the conversation with a visible mobile composer (1.1s)
  ✓  20 [chromium] › tests/gallery.spec.ts:263:1 › one composer retains pending ownership when moved into the panel (988ms)
  ✓  21 [chromium] › tests/gallery.spec.ts:285:1 › skip link preserves the current demo and focuses main (150ms)
  ✓  22 [chromium] › tests/gallery.spec.ts:300:1 › collapsed mobile navigation does not receive keyboard focus (109ms)
  ✓  23 [chromium] › tests/gallery.spec.ts:314:3 › Flow auto fit animates according to no-preference (1.7s)
  ✓  24 [chromium] › tests/gallery.spec.ts:314:3 › Flow auto fit animates according to reduce (1.7s)
  ✓  25 [chromium] › tests/gallery.spec.ts:348:1 › composer extensions are interactive without submitting the draft (1.1s)
  ✓  26 [chromium] › tests/gallery.spec.ts:380:1 › agent activity details and application actions are interactive (1.2s)
  ✓  27 [chromium] › tests/maps.spec.ts:3:1 › real MapLibre map renders synthetic ROM resources and keyboard selection (626ms)
  ✓  28 [chromium] › tests/maps.spec.ts:20:1 › map selection rejection and unknown outcome preserve host state until explicit recovery (1.4s)
  ✓  29 [chromium] › tests/maps.spec.ts:60:1 › theme and responsive transitions retain map layers and do not fetch hidden default providers (465ms)
  ✓  30 [chromium] › tests/maps.spec.ts:93:1 › clusters render on a tileless style without implicit font requests (1.2s)
  ✓  31 [chromium] › tests/maps.spec.ts:114:1 › street basemap renders geographic features and attribution, with a schematic fallback (2.4s)
  ✓  32 [chromium] › tests/maps.spec.ts:142:1 › an unavailable street provider can recover into the schematic view (286ms)
  ✓  33 [chromium] › tests/maps.spec.ts:161:1 › gallery light theme overrides a dark operating-system preference (243ms)
  ✓  34 [chromium] › tests/overlays.spec.ts:2:1 › shared dialog and sheet retain drafts and return focus; notifications can be dismissed (1.1s)
  ✓  35 [chromium] › tests/overlays.spec.ts:30:1 › dialog content respects reduced motion (199ms)
  ✓  36 [chromium] › tests/snippets.spec.ts:68:3 › overlays has a copyable example for every listed export (258ms)
  ✓  37 [chromium] › tests/snippets.spec.ts:68:3 › forms has a copyable example for every listed export (265ms)
  ✓  38 [chromium] › tests/snippets.spec.ts:68:3 › controls has a copyable example for every listed export (505ms)
  ✓  39 [chromium] › tests/snippets.spec.ts:68:3 › studio-primitives has a copyable example for every listed export (646ms)
  ✓  40 [chromium] › tests/snippets.spec.ts:68:3 › compositions has a copyable example for every listed export (358ms)
  ✓  41 [chromium] › tests/snippets.spec.ts:68:3 › chat has a copyable example for every listed export (262ms)
  ✓  42 [chromium] › tests/snippets.spec.ts:68:3 › flow has a copyable example for every listed export (230ms)
  ✓  43 [chromium] › tests/snippets.spec.ts:68:3 › flex has a copyable example for every listed export (206ms)
  ✓  44 [chromium] › tests/snippets.spec.ts:68:3 › maps has a copyable example for every listed export (1.7s)
  ✓  45 [chromium] › tests/snippets.spec.ts:95:1 › copy writes the complete selected example and announces success (206ms)
  ✓  46 [chromium] › tests/snippets.spec.ts:121:3 › copy rejection keeps selectable code and announces recovery (212ms)
  ✓  47 [chromium] › tests/snippets.spec.ts:121:3 › copy without clipboard access keeps selectable code and announces recovery (211ms)
  ✓  48 [chromium] › tests/snippets.spec.ts:149:1 › expanded examples fit a mobile viewport in the dark theme (863ms)
  ✓  49 [chromium] › tests/studio-primitives.spec.ts:2:1 › shared Studio primitives are reachable and interactive in the English gallery (998ms)
(node:2531427) Warning: The 'NO_COLOR' env is ignored due to the 'FORCE_COLOR' env being set.
(Use `node --trace-warnings ...` to show where the warning was created)
  ✓  50 [webkit] › tests/flex.spec.ts:3:1 › accepted native view changes preserve caller content and focus (755ms)
  ✓  51 [webkit] › tests/flex.spec.ts:30:1 › application rejection leaves the previous view intact (428ms)
  ✓  52 [webkit] › tests/flex.spec.ts:43:1 › unsupported snapshots use Animotion and rapid switches finish in order (777ms)
  ✓  53 [webkit] › tests/flex.spec.ts:62:1 › reduced motion retains functional navigation (360ms)
  ✓  54 [webkit] › tests/forms.spec.ts:2:1 › Studio descriptor forms preserve exact values and rejected drafts (624ms)
  ✓  55 [webkit] › tests/forms.spec.ts:18:1 › Studio forms distinguish false, unchanged, null and removal and respect read-only state (1.7s)
  ✓  56 [webkit] › tests/forms.spec.ts:43:1 › Studio forms expose structured fields and typed action input (1.3s)
  ✓  57 [webkit] › tests/gallery.spec.ts:3:1 › gallery navigation, theme and controls are usable (584ms)
  ✓  58 [webkit] › tests/gallery.spec.ts:21:1 › chat submits text, preserves Shift+Enter and ignores IME Enter (1.2s)
  ✓  59 [webkit] › tests/gallery.spec.ts:53:1 › chat failures retain drafts, pending completion does not erase a changed draft (2.0s)
  ✓  60 [webkit] › tests/gallery.spec.ts:75:1 › Flow choices are keyboard buttons and change the host selection (424ms)
  ✓  61 [webkit] › tests/gallery.spec.ts:86:1 › mobile navigation and chat fit without horizontal overflow (472ms)
  ✓  62 [webkit] › tests/gallery.spec.ts:104:1 › authority change isolates a pending message from the replacement conversation (1.1s)
  ✓  63 [webkit] › tests/gallery.spec.ts:128:1 › responsive panel preserves the focused editor and returns focus on close (584ms)
  ✓  64 [webkit] › tests/gallery.spec.ts:163:1 › conversation text is escaped and search opens its matching demo (1.4s)
  ✓  65 [webkit] › tests/gallery.spec.ts:191:1 › inactive Flow fitting does not reset a manually zoomed viewport (1.1s)
  ✓  66 [webkit] › tests/gallery.spec.ts:207:1 › ROM focus correction moves a hidden expansion control to its frame (367ms)
  ✓  67 [webkit] › tests/gallery.spec.ts:221:1 › ROM focus correction does not reclaim focus after deliberate blur (388ms)
  ✓  68 [webkit] › tests/gallery.spec.ts:236:1 › long messages scroll inside the conversation with a visible mobile composer (1.3s)
  ✓  69 [webkit] › tests/gallery.spec.ts:263:1 › one composer retains pending ownership when moved into the panel (1.2s)
  ✓  70 [webkit] › tests/gallery.spec.ts:285:1 › skip link preserves the current demo and focuses main (361ms)
  ✓  71 [webkit] › tests/gallery.spec.ts:300:1 › collapsed mobile navigation does not receive keyboard focus (298ms)
  ✓  72 [webkit] › tests/gallery.spec.ts:314:3 › Flow auto fit animates according to no-preference (1.9s)
  ✓  73 [webkit] › tests/gallery.spec.ts:314:3 › Flow auto fit animates according to reduce (2.0s)
  ✓  74 [webkit] › tests/gallery.spec.ts:348:1 › composer extensions are interactive without submitting the draft (1.3s)
  ✓  75 [webkit] › tests/gallery.spec.ts:380:1 › agent activity details and application actions are interactive (1.5s)
  ✓  76 [webkit] › tests/maps.spec.ts:3:1 › real MapLibre map renders synthetic ROM resources and keyboard selection (793ms)
  ✓  77 [webkit] › tests/maps.spec.ts:20:1 › map selection rejection and unknown outcome preserve host state until explicit recovery (1.6s)
  ✓  78 [webkit] › tests/maps.spec.ts:60:1 › theme and responsive transitions retain map layers and do not fetch hidden default providers (706ms)
  ✓  79 [webkit] › tests/maps.spec.ts:93:1 › clusters render on a tileless style without implicit font requests (1.4s)
  ✓  80 [webkit] › tests/maps.spec.ts:114:1 › street basemap renders geographic features and attribution, with a schematic fallback (2.5s)
  ✓  81 [webkit] › tests/maps.spec.ts:142:1 › an unavailable street provider can recover into the schematic view (498ms)
  ✓  82 [webkit] › tests/maps.spec.ts:161:1 › gallery light theme overrides a dark operating-system preference (458ms)
  ✓  83 [webkit] › tests/overlays.spec.ts:2:1 › shared dialog and sheet retain drafts and return focus; notifications can be dismissed (1.6s)
  ✓  84 [webkit] › tests/overlays.spec.ts:30:1 › dialog content respects reduced motion (398ms)
  ✓  85 [webkit] › tests/snippets.spec.ts:68:3 › overlays has a copyable example for every listed export (468ms)
  ✓  86 [webkit] › tests/snippets.spec.ts:68:3 › forms has a copyable example for every listed export (455ms)
  ✓  87 [webkit] › tests/snippets.spec.ts:68:3 › controls has a copyable example for every listed export (711ms)
  ✓  88 [webkit] › tests/snippets.spec.ts:68:3 › studio-primitives has a copyable example for every listed export (821ms)
  ✓  89 [webkit] › tests/snippets.spec.ts:68:3 › compositions has a copyable example for every listed export (562ms)
  ✓  90 [webkit] › tests/snippets.spec.ts:68:3 › chat has a copyable example for every listed export (514ms)
  ✓  91 [webkit] › tests/snippets.spec.ts:68:3 › flow has a copyable example for every listed export (439ms)
  ✓  92 [webkit] › tests/snippets.spec.ts:68:3 › flex has a copyable example for every listed export (357ms)
  ✓  93 [webkit] › tests/snippets.spec.ts:68:3 › maps has a copyable example for every listed export (1.3s)
  ✓  94 [webkit] › tests/snippets.spec.ts:95:1 › copy writes the complete selected example and announces success (418ms)
  ✓  95 [webkit] › tests/snippets.spec.ts:121:3 › copy rejection keeps selectable code and announces recovery (418ms)
  ✓  96 [webkit] › tests/snippets.spec.ts:121:3 › copy without clipboard access keeps selectable code and announces recovery (424ms)
  ✓  97 [webkit] › tests/snippets.spec.ts:149:1 › expanded examples fit a mobile viewport in the dark theme (1.1s)
  ✓  98 [webkit] › tests/studio-primitives.spec.ts:2:1 › shared Studio primitives are reachable and interactive in the English gallery (1.3s)

  98 passed (1.4m)
