[WebServer] (node:2485395) Warning: The 'NO_COLOR' env is ignored due to the 'FORCE_COLOR' env being set.
[WebServer] (Use `node --trace-warnings ...` to show where the warning was created)
[WebServer] (node:2485418) Warning: The 'NO_COLOR' env is ignored due to the 'FORCE_COLOR' env being set.
[WebServer] (Use `node --trace-warnings ...` to show where the warning was created)

Running 92 tests using 1 worker

(node:2485489) Warning: The 'NO_COLOR' env is ignored due to the 'FORCE_COLOR' env being set.
(Use `node --trace-warnings ...` to show where the warning was created)
  ✓   1 [chromium] › tests/flex.spec.ts:3:1 › accepted native view changes preserve caller content and focus (677ms)
  ✓   2 [chromium] › tests/flex.spec.ts:30:1 › application rejection leaves the previous view intact (259ms)
  ✓   3 [chromium] › tests/flex.spec.ts:43:1 › unsupported snapshots use Animotion and rapid switches finish in order (545ms)
  ✓   4 [chromium] › tests/flex.spec.ts:62:1 › reduced motion retains functional navigation (158ms)
  ✓   5 [chromium] › tests/forms.spec.ts:2:1 › Studio descriptor forms preserve exact values and rejected drafts (318ms)
  ✓   6 [chromium] › tests/forms.spec.ts:18:1 › Studio forms distinguish false, unchanged, null and removal and respect read-only state (1.3s)
  ✓   7 [chromium] › tests/forms.spec.ts:43:1 › Studio forms expose structured fields and typed action input (822ms)
  ✓   8 [chromium] › tests/gallery.spec.ts:3:1 › gallery navigation, theme and controls are usable (307ms)
  ✓   9 [chromium] › tests/gallery.spec.ts:21:1 › chat submits text, preserves Shift+Enter and ignores IME Enter (997ms)
  ✓  10 [chromium] › tests/gallery.spec.ts:53:1 › chat failures retain drafts, pending completion does not erase a changed draft (1.8s)
  ✓  11 [chromium] › tests/gallery.spec.ts:75:1 › Flow choices are keyboard buttons and change the host selection (157ms)
  ✓  12 [chromium] › tests/gallery.spec.ts:86:1 › mobile navigation and chat fit without horizontal overflow (266ms)
  ✓  13 [chromium] › tests/gallery.spec.ts:104:1 › authority change isolates a pending message from the replacement conversation (900ms)
  ✓  14 [chromium] › tests/gallery.spec.ts:128:1 › responsive panel preserves the focused editor and returns focus on close (400ms)
  ✓  15 [chromium] › tests/gallery.spec.ts:163:1 › conversation text is escaped and search opens its matching demo (1.3s)
  ✓  16 [chromium] › tests/gallery.spec.ts:191:1 › inactive Flow fitting does not reset a manually zoomed viewport (835ms)
  ✓  17 [chromium] › tests/gallery.spec.ts:207:1 › ROM focus correction moves a hidden expansion control to its frame (209ms)
  ✓  18 [chromium] › tests/gallery.spec.ts:221:1 › ROM focus correction does not reclaim focus after deliberate blur (196ms)
  ✓  19 [chromium] › tests/gallery.spec.ts:236:1 › long messages scroll inside the conversation with a visible mobile composer (1.1s)
  ✓  20 [chromium] › tests/gallery.spec.ts:263:1 › one composer retains pending ownership when moved into the panel (990ms)
  ✓  21 [chromium] › tests/gallery.spec.ts:285:1 › skip link preserves the current demo and focuses main (195ms)
  ✓  22 [chromium] › tests/gallery.spec.ts:300:1 › collapsed mobile navigation does not receive keyboard focus (131ms)
  ✓  23 [chromium] › tests/gallery.spec.ts:314:3 › Flow auto fit animates according to no-preference (1.7s)
  ✓  24 [chromium] › tests/gallery.spec.ts:314:3 › Flow auto fit animates according to reduce (1.7s)
  ✓  25 [chromium] › tests/gallery.spec.ts:348:1 › composer extensions are interactive without submitting the draft (1.2s)
  ✓  26 [chromium] › tests/gallery.spec.ts:380:1 › agent activity details and application actions are interactive (1.3s)
  ✓  27 [chromium] › tests/maps.spec.ts:3:1 › real MapLibre map renders synthetic ROM resources and keyboard selection (755ms)
  ✓  28 [chromium] › tests/maps.spec.ts:20:1 › map selection rejection and unknown outcome preserve host state until explicit recovery (1.5s)
  ✓  29 [chromium] › tests/maps.spec.ts:60:1 › theme and responsive transitions retain map layers and do not fetch hidden default providers (644ms)
  ✓  30 [chromium] › tests/maps.spec.ts:93:1 › clusters render on a tileless style without implicit font requests (933ms)
  ✓  31 [chromium] › tests/maps.spec.ts:114:1 › street basemap renders geographic features and attribution, with a schematic fallback (2.4s)
  ✓  32 [chromium] › tests/maps.spec.ts:142:1 › an unavailable street provider can recover into the schematic view (357ms)
  ✓  33 [chromium] › tests/maps.spec.ts:161:1 › gallery light theme overrides a dark operating-system preference (268ms)
  ✓  34 [chromium] › tests/snippets.spec.ts:67:3 › forms has a copyable example for every listed export (286ms)
  ✓  35 [chromium] › tests/snippets.spec.ts:67:3 › controls has a copyable example for every listed export (506ms)
  ✓  36 [chromium] › tests/snippets.spec.ts:67:3 › studio-primitives has a copyable example for every listed export (624ms)
  ✓  37 [chromium] › tests/snippets.spec.ts:67:3 › compositions has a copyable example for every listed export (358ms)
  ✓  38 [chromium] › tests/snippets.spec.ts:67:3 › chat has a copyable example for every listed export (295ms)
  ✓  39 [chromium] › tests/snippets.spec.ts:67:3 › flow has a copyable example for every listed export (228ms)
  ✓  40 [chromium] › tests/snippets.spec.ts:67:3 › flex has a copyable example for every listed export (175ms)
  ✓  41 [chromium] › tests/snippets.spec.ts:67:3 › maps has a copyable example for every listed export (1.7s)
  ✓  42 [chromium] › tests/snippets.spec.ts:94:1 › copy writes the complete selected example and announces success (260ms)
  ✓  43 [chromium] › tests/snippets.spec.ts:120:3 › copy rejection keeps selectable code and announces recovery (213ms)
  ✓  44 [chromium] › tests/snippets.spec.ts:120:3 › copy without clipboard access keeps selectable code and announces recovery (193ms)
  ✓  45 [chromium] › tests/snippets.spec.ts:148:1 › expanded examples fit a mobile viewport in the dark theme (848ms)
  ✓  46 [chromium] › tests/studio-primitives.spec.ts:2:1 › shared Studio primitives are reachable and interactive in the English gallery (874ms)
(node:2495212) Warning: The 'NO_COLOR' env is ignored due to the 'FORCE_COLOR' env being set.
(Use `node --trace-warnings ...` to show where the warning was created)
  ✓  47 [webkit] › tests/flex.spec.ts:3:1 › accepted native view changes preserve caller content and focus (739ms)
  ✓  48 [webkit] › tests/flex.spec.ts:30:1 › application rejection leaves the previous view intact (424ms)
  ✓  49 [webkit] › tests/flex.spec.ts:43:1 › unsupported snapshots use Animotion and rapid switches finish in order (764ms)
  ✓  50 [webkit] › tests/flex.spec.ts:62:1 › reduced motion retains functional navigation (366ms)
  ✓  51 [webkit] › tests/forms.spec.ts:2:1 › Studio descriptor forms preserve exact values and rejected drafts (579ms)
  ✓  52 [webkit] › tests/forms.spec.ts:18:1 › Studio forms distinguish false, unchanged, null and removal and respect read-only state (1.6s)
  ✓  53 [webkit] › tests/forms.spec.ts:43:1 › Studio forms expose structured fields and typed action input (1.3s)
  ✓  54 [webkit] › tests/gallery.spec.ts:3:1 › gallery navigation, theme and controls are usable (597ms)
  ✓  55 [webkit] › tests/gallery.spec.ts:21:1 › chat submits text, preserves Shift+Enter and ignores IME Enter (1.2s)
  ✓  56 [webkit] › tests/gallery.spec.ts:53:1 › chat failures retain drafts, pending completion does not erase a changed draft (2.1s)
  ✓  57 [webkit] › tests/gallery.spec.ts:75:1 › Flow choices are keyboard buttons and change the host selection (515ms)
  ✓  58 [webkit] › tests/gallery.spec.ts:86:1 › mobile navigation and chat fit without horizontal overflow (578ms)
  ✓  59 [webkit] › tests/gallery.spec.ts:104:1 › authority change isolates a pending message from the replacement conversation (1.2s)
  ✓  60 [webkit] › tests/gallery.spec.ts:128:1 › responsive panel preserves the focused editor and returns focus on close (673ms)
  ✓  61 [webkit] › tests/gallery.spec.ts:163:1 › conversation text is escaped and search opens its matching demo (1.6s)
  ✓  62 [webkit] › tests/gallery.spec.ts:191:1 › inactive Flow fitting does not reset a manually zoomed viewport (1.2s)
  ✓  63 [webkit] › tests/gallery.spec.ts:207:1 › ROM focus correction moves a hidden expansion control to its frame (449ms)
  ✓  64 [webkit] › tests/gallery.spec.ts:221:1 › ROM focus correction does not reclaim focus after deliberate blur (430ms)
  ✓  65 [webkit] › tests/gallery.spec.ts:236:1 › long messages scroll inside the conversation with a visible mobile composer (1.4s)
  ✓  66 [webkit] › tests/gallery.spec.ts:263:1 › one composer retains pending ownership when moved into the panel (1.3s)
  ✓  67 [webkit] › tests/gallery.spec.ts:285:1 › skip link preserves the current demo and focuses main (378ms)
  ✓  68 [webkit] › tests/gallery.spec.ts:300:1 › collapsed mobile navigation does not receive keyboard focus (298ms)
  ✓  69 [webkit] › tests/gallery.spec.ts:314:3 › Flow auto fit animates according to no-preference (1.9s)
  ✓  70 [webkit] › tests/gallery.spec.ts:314:3 › Flow auto fit animates according to reduce (1.9s)
  ✓  71 [webkit] › tests/gallery.spec.ts:348:1 › composer extensions are interactive without submitting the draft (1.3s)
  ✓  72 [webkit] › tests/gallery.spec.ts:380:1 › agent activity details and application actions are interactive (1.4s)
  ✓  73 [webkit] › tests/maps.spec.ts:3:1 › real MapLibre map renders synthetic ROM resources and keyboard selection (808ms)
  ✓  74 [webkit] › tests/maps.spec.ts:20:1 › map selection rejection and unknown outcome preserve host state until explicit recovery (1.6s)
  ✓  75 [webkit] › tests/maps.spec.ts:60:1 › theme and responsive transitions retain map layers and do not fetch hidden default providers (686ms)
  ✓  76 [webkit] › tests/maps.spec.ts:93:1 › clusters render on a tileless style without implicit font requests (1.4s)
  ✓  77 [webkit] › tests/maps.spec.ts:114:1 › street basemap renders geographic features and attribution, with a schematic fallback (3.0s)
  ✓  78 [webkit] › tests/maps.spec.ts:142:1 › an unavailable street provider can recover into the schematic view (691ms)
  ✓  79 [webkit] › tests/maps.spec.ts:161:1 › gallery light theme overrides a dark operating-system preference (573ms)
  ✓  80 [webkit] › tests/snippets.spec.ts:67:3 › forms has a copyable example for every listed export (588ms)
  ✓  81 [webkit] › tests/snippets.spec.ts:67:3 › controls has a copyable example for every listed export (934ms)
  ✓  82 [webkit] › tests/snippets.spec.ts:67:3 › studio-primitives has a copyable example for every listed export (827ms)
  ✓  83 [webkit] › tests/snippets.spec.ts:67:3 › compositions has a copyable example for every listed export (557ms)
  ✓  84 [webkit] › tests/snippets.spec.ts:67:3 › chat has a copyable example for every listed export (472ms)
  ✓  85 [webkit] › tests/snippets.spec.ts:67:3 › flow has a copyable example for every listed export (461ms)
  ✓  86 [webkit] › tests/snippets.spec.ts:67:3 › flex has a copyable example for every listed export (372ms)
  ✓  87 [webkit] › tests/snippets.spec.ts:67:3 › maps has a copyable example for every listed export (1.3s)
  ✓  88 [webkit] › tests/snippets.spec.ts:94:1 › copy writes the complete selected example and announces success (436ms)
  ✓  89 [webkit] › tests/snippets.spec.ts:120:3 › copy rejection keeps selectable code and announces recovery (424ms)
  ✓  90 [webkit] › tests/snippets.spec.ts:120:3 › copy without clipboard access keeps selectable code and announces recovery (460ms)
  ✓  91 [webkit] › tests/snippets.spec.ts:148:1 › expanded examples fit a mobile viewport in the dark theme (1.1s)
  ✓  92 [webkit] › tests/studio-primitives.spec.ts:2:1 › shared Studio primitives are reachable and interactive in the English gallery (1.1s)

  92 passed (1.3m)
