
> rom-ui@0.1.0-alpha.1 prepack /root/rom-ui
> corepack pnpm run build


> rom-ui@0.1.0-alpha.1 build /root/rom-ui
> tsc --project tsconfig.build.json

📦  rom-ui@0.1.0-alpha.1
Tarball Contents
dist/headless/lib/ui/components/details-scroll-lock.d.ts
dist/headless/lib/ui/components/details-scroll-lock.js
dist/headless/lib/ui/components/layout-controls.d.ts
dist/headless/lib/ui/components/layout-controls.js
dist/headless/lib/ui/components/preserve-editor.d.ts
dist/headless/lib/ui/components/preserve-editor.js
dist/headless/lib/ui/components/reference-lookup.d.ts
dist/headless/lib/ui/components/reference-lookup.js
dist/headless/lib/ui/components/reference-picker.d.ts
dist/headless/lib/ui/components/reference-picker.js
dist/headless/lib/ui/components/selection-card.d.ts
dist/headless/lib/ui/components/selection-card.js
dist/headless/lib/ui/export-snapshot.d.ts
dist/headless/lib/ui/export-snapshot.js
dist/headless/lib/ui/follow-latest.d.ts
dist/headless/lib/ui/follow-latest.js
dist/headless/lib/ui/history.d.ts
dist/headless/lib/ui/history.js
dist/headless/lib/ui/latest-request.d.ts
dist/headless/lib/ui/latest-request.js
dist/headless/lib/ui/layout.d.ts
dist/headless/lib/ui/layout.js
dist/headless/lib/ui/messages.d.ts
dist/headless/lib/ui/messages.js
dist/headless/lib/ui/selection.d.ts
dist/headless/lib/ui/selection.js
dist/headless/lib/ui/source-link.d.ts
dist/headless/lib/ui/source-link.js
dist/headless/ui.d.ts
dist/headless/ui.js
docs/design.md
evidence/source.json
LICENSE
package.json
README.md
src/controls.ts
src/lib/components/ui/button/button.svelte
src/lib/components/ui/button/index.ts
src/lib/components/ui/checkbox/checkbox.svelte
src/lib/components/ui/checkbox/index.ts
src/lib/components/ui/command/command-dialog.svelte
src/lib/components/ui/command/command-empty.svelte
src/lib/components/ui/command/command-group.svelte
src/lib/components/ui/command/command-input.svelte
src/lib/components/ui/command/command-item.svelte
src/lib/components/ui/command/command-link-item.svelte
src/lib/components/ui/command/command-list.svelte
src/lib/components/ui/command/command-loading.svelte
src/lib/components/ui/command/command-separator.svelte
src/lib/components/ui/command/command-shortcut.svelte
src/lib/components/ui/command/command.svelte
src/lib/components/ui/command/index.ts
src/lib/components/ui/dialog/dialog-close.svelte
src/lib/components/ui/dialog/dialog-content.svelte
src/lib/components/ui/dialog/dialog-description.svelte
src/lib/components/ui/dialog/dialog-footer.svelte
src/lib/components/ui/dialog/dialog-header.svelte
src/lib/components/ui/dialog/dialog-overlay.svelte
src/lib/components/ui/dialog/dialog-portal.svelte
src/lib/components/ui/dialog/dialog-title.svelte
src/lib/components/ui/dialog/dialog-trigger.svelte
src/lib/components/ui/dialog/dialog.svelte
src/lib/components/ui/dialog/index.ts
src/lib/components/ui/input-group/index.ts
src/lib/components/ui/input-group/input-group-addon.svelte
src/lib/components/ui/input-group/input-group-button.svelte
src/lib/components/ui/input-group/input-group-input.svelte
src/lib/components/ui/input-group/input-group-text.svelte
src/lib/components/ui/input-group/input-group-textarea.svelte
src/lib/components/ui/input-group/input-group.svelte
src/lib/components/ui/input/index.ts
src/lib/components/ui/input/input.svelte
src/lib/components/ui/label/index.ts
src/lib/components/ui/label/label.svelte
src/lib/components/ui/LICENSE.md
src/lib/components/ui/native-select/index.ts
src/lib/components/ui/native-select/native-select-opt-group.svelte
src/lib/components/ui/native-select/native-select-option.svelte
src/lib/components/ui/native-select/native-select.svelte
src/lib/components/ui/popover/index.ts
src/lib/components/ui/popover/popover-close.svelte
src/lib/components/ui/popover/popover-content.svelte
src/lib/components/ui/popover/popover-description.svelte
src/lib/components/ui/popover/popover-header.svelte
src/lib/components/ui/popover/popover-portal.svelte
src/lib/components/ui/popover/popover-title.svelte
src/lib/components/ui/popover/popover-trigger.svelte
src/lib/components/ui/popover/popover.svelte
src/lib/components/ui/sheet/index.ts
src/lib/components/ui/sheet/sheet-close.svelte
src/lib/components/ui/sheet/sheet-content.svelte
src/lib/components/ui/sheet/sheet-description.svelte
src/lib/components/ui/sheet/sheet-footer.svelte
src/lib/components/ui/sheet/sheet-header.svelte
src/lib/components/ui/sheet/sheet-overlay.svelte
src/lib/components/ui/sheet/sheet-portal.svelte
src/lib/components/ui/sheet/sheet-title.svelte
src/lib/components/ui/sheet/sheet-trigger.svelte
src/lib/components/ui/sheet/sheet.svelte
src/lib/components/ui/slider/index.ts
src/lib/components/ui/slider/slider.svelte
src/lib/components/ui/textarea/index.ts
src/lib/components/ui/textarea/textarea.svelte
src/lib/components/ui/utils.ts
src/lib/ui/components/details-scroll-lock.ts
src/lib/ui/components/HistoryList.svelte
src/lib/ui/components/layout-controls.ts
src/lib/ui/components/LayoutControls.svelte
src/lib/ui/components/preserve-editor.ts
src/lib/ui/components/reference-lookup.ts
src/lib/ui/components/reference-picker.ts
src/lib/ui/components/ReferencePicker.svelte
src/lib/ui/components/ResponsiveDetails.svelte
src/lib/ui/components/selection-card.ts
src/lib/ui/components/SelectionCard.svelte
src/lib/ui/export-snapshot.ts
src/lib/ui/follow-latest.ts
src/lib/ui/history.ts
src/lib/ui/latest-request.ts
src/lib/ui/layout.ts
src/lib/ui/messages.ts
src/lib/ui/selection.ts
src/lib/ui/source-link.ts
src/styles.css
src/ui-components.ts
src/ui.ts
THIRD_PARTY_NOTICES.md
Tarball Details
rom-ui-0.1.0-alpha.1.tgz
