Lockfile is up to date, resolution step is skipped
Already up to date

Done in 1s using pnpm v10.30.0

> rom-ui@0.1.0-alpha.1 build /root/rom-ui
> tsc --project tsconfig.build.json


> rom-ui@0.1.0-alpha.1 check /root/rom-ui
> svelte-check --tsconfig ./tsconfig.json

Loading svelte-check in workspace: /root/rom-ui
Getting Svelte diagnostics...

svelte-check found 0 errors and 0 warnings

> rom-ui@0.1.0-alpha.1 test:unit /root/rom-ui
> node --experimental-strip-types --test tests/unit/*.test.ts

TAP version 13
# (node:2667853) ExperimentalWarning: Type Stripping is an experimental feature and might change at any time
# (Use `node --trace-warnings ...` to show where the warning was created)
# Subtest: capture detaches exact context and every export attempt receives fresh data
ok 1 - capture detaches exact context and every export attempt receives fresh data
  ---
  duration_ms: 0.801066
  type: 'test'
  ...
# Subtest: captured identity is deeply immutable and excludes extra fields
ok 2 - captured identity is deeply immutable and excludes extra fields
  ---
  duration_ms: 0.317144
  type: 'test'
  ...
# Subtest: identity is captured before the clone callback can change host selection
ok 3 - identity is captured before the clone callback can change host selection
  ---
  duration_ms: 0.153392
  type: 'test'
  ...
# Subtest: a snapshot is context, not current authorization or a file operation
ok 4 - a snapshot is context, not current authorization or a file operation
  ---
  duration_ms: 0.650379
  type: 'test'
  ...
# (node:2667854) ExperimentalWarning: Type Stripping is an experimental feature and might change at any time
# (Use `node --trace-warnings ...` to show where the warning was created)
# Subtest: content notifications coalesce and keep the view at its latest item
ok 5 - content notifications coalesce and keep the view at its latest item
  ---
  duration_ms: 5.345403
  type: 'test'
  ...
# Subtest: manual upward scroll cancels following until explicit resume
ok 6 - manual upward scroll cancels following until explicit resume
  ---
  duration_ms: 0.360026
  type: 'test'
  ...
# Subtest: a manual scroll after queued content wins over the pending frame
ok 7 - a manual scroll after queued content wins over the pending frame
  ---
  duration_ms: 0.280815
  type: 'test'
  ...
# Subtest: disposal cancels queued frames, observers and future scroll effects
ok 8 - disposal cancels queued frames, observers and future scroll effects
  ---
  duration_ms: 0.258433
  type: 'test'
  ...
# Subtest: invalid thresholds are rejected before installing observers
ok 9 - invalid thresholds are rejected before installing observers
  ---
  duration_ms: 0.592939
  type: 'test'
  ...
# Subtest: a viewport resize scroll event without upward movement keeps following
ok 10 - a viewport resize scroll event without upward movement keeps following
  ---
  duration_ms: 0.311293
  type: 'test'
  ...
# Subtest: even a small upward movement stops following until explicit resume
ok 11 - even a small upward movement stops following until explicit resume
  ---
  duration_ms: 0.313477
  type: 'test'
  ...
# Subtest: viewport enlargement clamping the previous position does not count as manual upward movement
ok 12 - viewport enlargement clamping the previous position does not count as manual upward movement
  ---
  duration_ms: 0.200352
  type: 'test'
  ...
# (node:2667855) ExperimentalWarning: Type Stripping is an experimental feature and might change at any time
# (Use `node --trace-warnings ...` to show where the warning was created)
# Subtest: history preserves exact IDs and detaches bounded display data
ok 13 - history preserves exact IDs and detaches bounded display data
  ---
  duration_ms: 0.741452
  type: 'test'
  ...
# Subtest: history rejects duplicate IDs, excessive values and invalid dates
ok 14 - history rejects duplicate IDs, excessive values and invalid dates
  ---
  duration_ms: 0.416895
  type: 'test'
  ...
# Subtest: history dates use explicit locale and timezone without changing stored instants
ok 15 - history dates use explicit locale and timezone without changing stored instants
  ---
  duration_ms: 13.883165
  type: 'test'
  ...
# Subtest: history captures each value once before validating its admitted bounds
ok 16 - history captures each value once before validating its admitted bounds
  ---
  duration_ms: 0.199621
  type: 'test'
  ...
# Subtest: history iterates only its captured entry count without calling an overridden map
ok 17 - history iterates only its captured entry count without calling an overridden map
  ---
  duration_ms: 0.314188
  type: 'test'
  ...
# (node:2667856) ExperimentalWarning: Type Stripping is an experimental feature and might change at any time
# (Use `node --trace-warnings ...` to show where the warning was created)
# Subtest: superseding settles the caller even when old work ignores cancellation
ok 18 - superseding settles the caller even when old work ignores cancellation
  ---
  duration_ms: 6.734408
  type: 'test'
  ...
# Subtest: late errors never classify or publish over a newer result
ok 19 - late errors never classify or publish over a newer result
  ---
  duration_ms: 1.563108
  type: 'test'
  ...
# Subtest: an abort listener may start a newer request without the interrupted run overwriting it
ok 20 - an abort listener may start a newer request without the interrupted run overwriting it
  ---
  duration_ms: 0.373171
  type: 'test'
  ...
# Subtest: pending notification can clear work before its task starts
ok 21 - pending notification can clear work before its task starts
  ---
  duration_ms: 0.369274
  type: 'test'
  ...
# Subtest: clone and classifier callbacks cannot publish after clearing ownership
ok 22 - clone and classifier callbacks cannot publish after clearing ownership
  ---
  duration_ms: 0.427585
  type: 'test'
  ...
# Subtest: ready data is cloned and errors expose only the host code
ok 23 - ready data is cloned and errors expose only the host code
  ---
  duration_ms: 0.2097
  type: 'test'
  ...
# Subtest: dispose settles pending work and never publishes again
ok 24 - dispose settles pending work and never publishes again
  ---
  duration_ms: 3.368366
  type: 'test'
  ...
# Subtest: a throwing notification rejects the wrapper without classifying host defects
ok 25 - a throwing notification rejects the wrapper without classifying host defects
  ---
  duration_ms: 0.827216
  type: 'test'
  ...
# Subtest: a synchronous task rejection becomes a sanitized current error
ok 26 - a synchronous task rejection becomes a sanitized current error
  ---
  duration_ms: 0.292497
  type: 'test'
  ...
# (node:2667857) ExperimentalWarning: Type Stripping is an experimental feature and might change at any time
# (Use `node --trace-warnings ...` to show where the warning was created)
# Subtest: layout proposals retain exact IDs and validate move/size/visibility without mutation
ok 27 - layout proposals retain exact IDs and validate move/size/visibility without mutation
  ---
  duration_ms: 1.181682
  type: 'test'
  ...
# Subtest: invalid commands and corrupt layouts never propose a fallback
ok 28 - invalid commands and corrupt layouts never propose a fallback
  ---
  duration_ms: 0.196554
  type: 'test'
  ...
# (node:2667868) ExperimentalWarning: Type Stripping is an experimental feature and might change at any time
# (Use `node --trace-warnings ...` to show where the warning was created)
# Subtest: layout capture detaches and freezes only a valid host-selected catalog
ok 29 - layout capture detaches and freezes only a valid host-selected catalog
  ---
  duration_ms: 0.859958
  type: 'test'
  ...
# Subtest: unknown duplicate and malformed layout IDs are rejected without a fallback
ok 30 - unknown duplicate and malformed layout IDs are rejected without a fallback
  ---
  duration_ms: 0.197145
  type: 'test'
  ...
# Subtest: position size and visible values must satisfy finite integer catalog bounds
ok 31 - position size and visible values must satisfy finite integer catalog bounds
  ---
  duration_ms: 0.302466
  type: 'test'
  ...
# Subtest: corrupt stored layouts and entry limits are rejected without throwing
ok 32 - corrupt stored layouts and entry limits are rejected without throwing
  ---
  duration_ms: 0.189972
  type: 'test'
  ...
# Subtest: invalid host catalogs and limits are configuration errors
ok 33 - invalid host catalogs and limits are configuration errors
  ---
  duration_ms: 0.431722
  type: 'test'
  ...
# Subtest: stored getters cannot widen the captured host bounds
ok 34 - stored getters cannot widen the captured host bounds
  ---
  duration_ms: 0.132171
  type: 'test'
  ...
# Subtest: inherited and changing catalog bounds remain in the exact validated snapshot
ok 35 - inherited and changing catalog bounds remain in the exact validated snapshot
  ---
  duration_ms: 0.151879
  type: 'test'
  ...
# Subtest: stored array proxy errors become invalid layout results
ok 36 - stored array proxy errors become invalid layout results
  ---
  duration_ms: 0.584493
  type: 'test'
  ...
# Subtest: layout entry getters cannot extend the captured item limit during iteration
ok 37 - layout entry getters cannot extend the captured item limit during iteration
  ---
  duration_ms: 0.313698
  type: 'test'
  ...
# (node:2667883) ExperimentalWarning: Type Stripping is an experimental feature and might change at any time
# (Use `node --trace-warnings ...` to show where the warning was created)
# Subtest: the UI entry exposes disposable computations without application imports
ok 38 - the UI entry exposes disposable computations without application imports
  ---
  duration_ms: 0.879035
  type: 'test'
  ...
# Subtest: public composition combines exact selection with validated display links
ok 39 - public composition combines exact selection with validated display links
  ---
  duration_ms: 1.089926
  type: 'test'
  ...
# Subtest: headless package entry validates host layouts without importing Svelte
ok 40 - headless package entry validates host layouts without importing Svelte
  ---
  duration_ms: 11.646145
  type: 'test'
  ...
# (node:2667895) ExperimentalWarning: Type Stripping is an experimental feature and might change at any time
# (Use `node --trace-warnings ...` to show where the warning was created)
# Subtest: reference candidate admission detaches exact IDs and bounds count and UTF8 bytes
ok 41 - reference candidate admission detaches exact IDs and bounds count and UTF8 bytes
  ---
  duration_ms: 1.612552
  type: 'test'
  ...
# Subtest: reference admission rejects malformed/duplicate candidates and bounds search UTF8
ok 42 - reference admission rejects malformed/duplicate candidates and bounds search UTF8
  ---
  duration_ms: 0.21524
  type: 'test'
  ...
# (node:2667914) ExperimentalWarning: Type Stripping is an experimental feature and might change at any time
# (Use `node --trace-warnings ...` to show where the warning was created)
# Subtest: unknown classification holds one command until explicit reset without automatic retry
ok 43 - unknown classification holds one command until explicit reset without automatic retry
  ---
  duration_ms: 0.767673
  type: 'test'
  ...
# Subtest: old scope/rejection/disposal cannot publish a stale command result
ok 44 - old scope/rejection/disposal cannot publish a stale command result
  ---
  duration_ms: 0.229227
  type: 'test'
  ...
# Subtest: throwing then getter cannot establish an outcome
ok 45 - throwing then getter cannot establish an outcome
  ---
  duration_ms: 0.718759
  type: 'test'
  ...
# Subtest: callback acknowledgement failure is unknown until explicit host recovery
ok 46 - callback acknowledgement failure is unknown until explicit host recovery
  ---
  duration_ms: 0.304821
  type: 'test'
  ...
# Subtest: pending publisher reset or dispose prevents stale callback dispatch
ok 47 - pending publisher reset or dispose prevents stale callback dispatch
  ---
  duration_ms: 0.289592
  type: 'test'
  ...
# (node:2667930) ExperimentalWarning: Type Stripping is an experimental feature and might change at any time
# (Use `node --trace-warnings ...` to show where the warning was created)
# Subtest: selection preserves exact opaque IDs and returns detached snapshots
ok 48 - selection preserves exact opaque IDs and returns detached snapshots
  ---
  duration_ms: 2.045496
  type: 'test'
  ...
# Subtest: single selection toggles and replaces without inferring labels
ok 49 - single selection toggles and replaces without inferring labels
  ---
  duration_ms: 0.175745
  type: 'test'
  ...
# Subtest: removing available IDs prunes selection and clear empties it
ok 50 - removing available IDs prunes selection and clear empties it
  ---
  duration_ms: 0.431132
  type: 'test'
  ...
# Subtest: invalid catalogs and initial selection fail explicitly
ok 51 - invalid catalogs and initial selection fail explicitly
  ---
  duration_ms: 0.325119
  type: 'test'
  ...
# Subtest: invalid replacement is atomic and does not discard current selection
ok 52 - invalid replacement is atomic and does not discard current selection
  ---
  duration_ms: 0.176196
  type: 'test'
  ...
# (node:2667938) ExperimentalWarning: Type Stripping is an experimental feature and might change at any time
# (Use `node --trace-warnings ...` to show where the warning was created)
# Subtest: normalizes approved internal and external links without fetching
ok 53 - normalizes approved internal and external links without fetching
  ---
  duration_ms: 1.663007
  type: 'test'
  ...
# Subtest: scheme and credentials checks precede any internal callback
ok 54 - scheme and credentials checks precede any internal callback
  ---
  duration_ms: 0.205692
  type: 'test'
  ...
# Subtest: origin comparisons reject lookalike hosts and protocol-relative outsiders
ok 55 - origin comparisons reject lookalike hosts and protocol-relative outsiders
  ---
  duration_ms: 0.265496
  type: 'test'
  ...
# Subtest: internal callback sees immutable normalized path and failures reject links
ok 56 - internal callback sees immutable normalized path and failures reject links
  ---
  duration_ms: 0.179342
  type: 'test'
  ...
# Subtest: raw input has a fixed UTF8 bound and rejects control characters
ok 57 - raw input has a fixed UTF8 bound and rejects control characters
  ---
  duration_ms: 0.250157
  type: 'test'
  ...
# Subtest: unsafe or ambiguous configuration fails explicitly
ok 58 - unsafe or ambiguous configuration fails explicitly
  ---
  duration_ms: 0.569013
  type: 'test'
  ...
# Subtest: a JavaScript async internal validator cannot approve a blocked link
ok 59 - a JavaScript async internal validator cannot approve a blocked link
  ---
  duration_ms: 0.201654
  type: 'test'
  ...
# Subtest: a rejected async validator is ignored without an unhandled rejection
ok 60 - a rejected async validator is ignored without an unhandled rejection
  ---
  duration_ms: 11.849542
  type: 'test'
  ...
1..60
# tests 60
# suites 0
# pass 60
# fail 0
# cancelled 0
# skipped 0
# todo 0
# duration_ms 416.118689

> rom-ui@0.1.0-alpha.1 prepack /root/rom-ui
> corepack pnpm run build


> rom-ui@0.1.0-alpha.1 build /root/rom-ui
> tsc --project tsconfig.build.json

📦  rom-ui@0.1.0-alpha.1
Tarball Contents
dist/headless/lib/ui/components/details-scroll-lock.d.ts
dist/headless/lib/ui/components/details-scroll-lock.js
dist/headless/lib/ui/components/layout-controls.d.ts
dist/headless/lib/ui/components/layout-controls.js
dist/headless/lib/ui/components/preserve-editor.d.ts
dist/headless/lib/ui/components/preserve-editor.js
dist/headless/lib/ui/components/reference-lookup.d.ts
dist/headless/lib/ui/components/reference-lookup.js
dist/headless/lib/ui/components/reference-picker.d.ts
dist/headless/lib/ui/components/reference-picker.js
dist/headless/lib/ui/components/selection-card.d.ts
dist/headless/lib/ui/components/selection-card.js
dist/headless/lib/ui/export-snapshot.d.ts
dist/headless/lib/ui/export-snapshot.js
dist/headless/lib/ui/follow-latest.d.ts
dist/headless/lib/ui/follow-latest.js
dist/headless/lib/ui/history.d.ts
dist/headless/lib/ui/history.js
dist/headless/lib/ui/latest-request.d.ts
dist/headless/lib/ui/latest-request.js
dist/headless/lib/ui/layout.d.ts
dist/headless/lib/ui/layout.js
dist/headless/lib/ui/messages.d.ts
dist/headless/lib/ui/messages.js
dist/headless/lib/ui/selection.d.ts
dist/headless/lib/ui/selection.js
dist/headless/lib/ui/source-link.d.ts
dist/headless/lib/ui/source-link.js
dist/headless/ui.d.ts
dist/headless/ui.js
docs/design.md
evidence/source.json
LICENSE
package.json
README.md
src/controls.ts
src/lib/components/ui/button/button.svelte
src/lib/components/ui/button/index.ts
src/lib/components/ui/checkbox/checkbox.svelte
src/lib/components/ui/checkbox/index.ts
src/lib/components/ui/command/command-dialog.svelte
src/lib/components/ui/command/command-empty.svelte
src/lib/components/ui/command/command-group.svelte
src/lib/components/ui/command/command-input.svelte
src/lib/components/ui/command/command-item.svelte
src/lib/components/ui/command/command-link-item.svelte
src/lib/components/ui/command/command-list.svelte
src/lib/components/ui/command/command-loading.svelte
src/lib/components/ui/command/command-separator.svelte
src/lib/components/ui/command/command-shortcut.svelte
src/lib/components/ui/command/command.svelte
src/lib/components/ui/command/index.ts
src/lib/components/ui/dialog/dialog-close.svelte
src/lib/components/ui/dialog/dialog-content.svelte
src/lib/components/ui/dialog/dialog-description.svelte
src/lib/components/ui/dialog/dialog-footer.svelte
src/lib/components/ui/dialog/dialog-header.svelte
src/lib/components/ui/dialog/dialog-overlay.svelte
src/lib/components/ui/dialog/dialog-portal.svelte
src/lib/components/ui/dialog/dialog-title.svelte
src/lib/components/ui/dialog/dialog-trigger.svelte
src/lib/components/ui/dialog/dialog.svelte
src/lib/components/ui/dialog/index.ts
src/lib/components/ui/input-group/index.ts
src/lib/components/ui/input-group/input-group-addon.svelte
src/lib/components/ui/input-group/input-group-button.svelte
src/lib/components/ui/input-group/input-group-input.svelte
src/lib/components/ui/input-group/input-group-text.svelte
src/lib/components/ui/input-group/input-group-textarea.svelte
src/lib/components/ui/input-group/input-group.svelte
src/lib/components/ui/input/index.ts
src/lib/components/ui/input/input.svelte
src/lib/components/ui/label/index.ts
src/lib/components/ui/label/label.svelte
src/lib/components/ui/LICENSE.md
src/lib/components/ui/native-select/index.ts
src/lib/components/ui/native-select/native-select-opt-group.svelte
src/lib/components/ui/native-select/native-select-option.svelte
src/lib/components/ui/native-select/native-select.svelte
src/lib/components/ui/popover/index.ts
src/lib/components/ui/popover/popover-close.svelte
src/lib/components/ui/popover/popover-content.svelte
src/lib/components/ui/popover/popover-description.svelte
src/lib/components/ui/popover/popover-header.svelte
src/lib/components/ui/popover/popover-portal.svelte
src/lib/components/ui/popover/popover-title.svelte
src/lib/components/ui/popover/popover-trigger.svelte
src/lib/components/ui/popover/popover.svelte
src/lib/components/ui/sheet/index.ts
src/lib/components/ui/sheet/sheet-close.svelte
src/lib/components/ui/sheet/sheet-content.svelte
src/lib/components/ui/sheet/sheet-description.svelte
src/lib/components/ui/sheet/sheet-footer.svelte
src/lib/components/ui/sheet/sheet-header.svelte
src/lib/components/ui/sheet/sheet-overlay.svelte
src/lib/components/ui/sheet/sheet-portal.svelte
src/lib/components/ui/sheet/sheet-title.svelte
src/lib/components/ui/sheet/sheet-trigger.svelte
src/lib/components/ui/sheet/sheet.svelte
src/lib/components/ui/slider/index.ts
src/lib/components/ui/slider/slider.svelte
src/lib/components/ui/textarea/index.ts
src/lib/components/ui/textarea/textarea.svelte
src/lib/components/ui/utils.ts
src/lib/ui/components/details-scroll-lock.ts
src/lib/ui/components/HistoryList.svelte
src/lib/ui/components/layout-controls.ts
src/lib/ui/components/LayoutControls.svelte
src/lib/ui/components/preserve-editor.ts
src/lib/ui/components/reference-lookup.ts
src/lib/ui/components/reference-picker.ts
src/lib/ui/components/ReferencePicker.svelte
src/lib/ui/components/ResponsiveDetails.svelte
src/lib/ui/components/selection-card.ts
src/lib/ui/components/SelectionCard.svelte
src/lib/ui/export-snapshot.ts
src/lib/ui/follow-latest.ts
src/lib/ui/history.ts
src/lib/ui/latest-request.ts
src/lib/ui/layout.ts
src/lib/ui/messages.ts
src/lib/ui/selection.ts
src/lib/ui/source-link.ts
src/styles.css
src/ui-components.ts
src/ui.ts
THIRD_PARTY_NOTICES.md
Tarball Details
rom-ui-0.1.0-alpha.1.tgz
Lockfile is up to date, resolution step is skipped
Progress: resolved 1, reused 0, downloaded 0, added 0
Packages: +1 -1
+-
Progress: resolved 1, reused 1, downloaded 0, added 1, done

Done in 292ms using pnpm v10.30.0
Installed source and compiled headless modules match the packed candidate

> rom-ui-consumer@0.0.0 check /root/rom-ui/tests/consumer
> svelte-check --tsconfig ./tsconfig.json

Loading svelte-check in workspace: /root/rom-ui/tests/consumer
Getting Svelte diagnostics...

svelte-check found 0 errors and 0 warnings

> rom-ui-consumer@0.0.0 build /root/rom-ui/tests/consumer
> vite build

5:35:23 PM [vite-plugin-svelte] no Svelte config found at /root/rom-ui/tests/consumer - using default configuration.
vite v8.3.2 building client environment for production...
transforming...
✓ 784 modules transformed.
rendering chunks...
computing gzip size...
dist/index.html                             0.50 kB │ gzip:  0.29 kB
dist/details.html                           0.56 kB │ gzip:  0.30 kB
dist/history.html                           0.56 kB │ gzip:  0.30 kB
dist/reference.html                         0.56 kB │ gzip:  0.30 kB
dist/selection-layout.html                  0.57 kB │ gzip:  0.30 kB
dist/assets/ui-components-CpGPpkO-.css      0.12 kB │ gzip:  0.11 kB
dist/assets/index-Dy160qv2.css              0.42 kB │ gzip:  0.24 kB
dist/assets/check-BHfKSrSN.css             51.17 kB │ gzip:  8.95 kB
dist/assets/history-DDh6mGhL.js             2.03 kB │ gzip:  1.08 kB
dist/assets/details-DBBr8fTP.js             2.05 kB │ gzip:  1.01 kB
dist/assets/reference-Bu9Z8FIU.js           2.17 kB │ gzip:  1.20 kB
dist/assets/selection-layout-DmQe_DsI.js    3.98 kB │ gzip:  1.72 kB
dist/assets/index-DAOxi1K9.js              34.44 kB │ gzip:  9.30 kB
dist/assets/ui-components-bJmbhLnd.js     135.93 kB │ gzip: 39.24 kB
dist/assets/check-CjtMtkjO.js             142.30 kB │ gzip: 51.23 kB

✓ built in 1.91s
TAP version 13
# Subtest: installed headless package retains exact IDs, large integers and immutable export context
ok 1 - installed headless package retains exact IDs, large integers and immutable export context
  ---
  duration_ms: 1.746116
  type: 'test'
  ...
# Subtest: installed latest request settles superseded callers and fences late work
ok 2 - installed latest request settles superseded callers and fences late work
  ---
  duration_ms: 2.297827
  type: 'test'
  ...
1..2
# tests 2
# suites 0
# pass 2
# fail 0
# cancelled 0
# skipped 0
# todo 0
# duration_ms 54.521443
[WebServer] (node:2670298) Warning: The 'NO_COLOR' env is ignored due to the 'FORCE_COLOR' env being set.
[WebServer] (Use `node --trace-warnings ...` to show where the warning was created)
[WebServer] (node:2670418) Warning: The 'NO_COLOR' env is ignored due to the 'FORCE_COLOR' env being set.
[WebServer] (Use `node --trace-warnings ...` to show where the warning was created)
TAP version 13
# Subtest: installed headless package retains exact IDs, large integers and immutable export context
ok 1 - installed headless package retains exact IDs, large integers and immutable export context
  ---
  duration_ms: 1.912704
  type: 'test'
  ...
# Subtest: installed latest request settles superseded callers and fences late work
ok 2 - installed latest request settles superseded callers and fences late work
  ---
  duration_ms: 2.338614
  type: 'test'
  ...

Running 72 tests using 1 worker

(node:2670664) Warning: The 'NO_COLOR' env is ignored due to the 'FORCE_COLOR' env being set.
(Use `node --trace-warnings ...` to show where the warning was created)
  ✓   1 [chromium] › tests/controls.spec.ts:3:1 › installed public controls preserve bound values, native refs and keyboard operations (897ms)
  ✓   2 [chromium] › tests/controls.spec.ts:25:3 › installed stylesheet and wrapper contracts support a compact composer at 1280x900 (478ms)
  ✓   3 [chromium] › tests/controls.spec.ts:25:3 › installed stylesheet and wrapper contracts support a compact composer at 390x500 (447ms)
  ✓   4 [chromium] › tests/details.spec.ts:4:1 › desktop details are a named nonmodal region with an independent focusable summary (459ms)
  ✓   5 [chromium] › tests/details.spec.ts:18:1 › mobile details are modal, scroll long content, and Escape returns focus (655ms)
  ✓   6 [chromium] › tests/details.spec.ts:32:1 › one mounted editor retains its raw draft through desktop and mobile transitions (495ms)
  ✓   7 [chromium] › tests/details.spec.ts:49:3 › mobile close uses explicit fallback after Remove opening control (621ms)
  ✓   8 [chromium] › tests/details.spec.ts:49:3 › mobile close uses explicit fallback after Disable opening control (622ms)
  ✓   9 [chromium] › tests/details.spec.ts:59:1 › active close control uses the host's changed label (668ms)
  ✓  10 [chromium] › tests/details.spec.ts:69:1 › closing one mobile details lifetime retains another modal's body scroll lock (790ms)
  ✓  11 [chromium] › tests/details.spec.ts:81:1 › reduced motion displays complete details without content animation (285ms)
  ✓  12 [chromium] › tests/history.spec.ts:5:1 › history titles stay readable and have full accessible names on narrow screens (263ms)
  ✓  13 [chromium] › tests/history.spec.ts:24:1 › native keyboard activation calls the host and moves only its confirmed current marker (287ms)
  ✓  14 [chromium] › tests/history.spec.ts:38:1 › history metadata and empty text follow a locale change (316ms)
  ✓  15 [chromium] › tests/history.spec.ts:50:1 › uncertain writes and refused host navigation cannot optimistically change history (289ms)
  ✓  16 [chromium] › tests/history.spec.ts:70:1 › pending failure is sanitized and its message reacts to locale changes (513ms)
  ✓  17 [chromium] › tests/history.spec.ts:98:1 › old-owner pending navigation cannot report a failure in the new scope (467ms)
  ✓  18 [chromium] › tests/history.spec.ts:120:1 › NaN authority tokens do not strand pending navigation (433ms)
  ✓  19 [chromium] › tests/reference.spec.ts:4:1 › selection callback authority rebind never associates the old label with the new owner (546ms)
  ✓  20 [chromium] › tests/reference.spec.ts:18:1 › host labels update while pending and readonly stops the pending request (1.0s)
  ✓  21 [chromium] › tests/reference.spec.ts:44:1 › public picker selects with keyboard and preserves exact ID (207ms)
  ✓  22 [chromium] › tests/reference.spec.ts:62:1 › authority change aborts and fences uncooperative late response (1.1s)
  ✓  23 [chromium] › tests/reference.spec.ts:82:3 › Deny response leaves manual exact ID entry available (308ms)
  ✓  24 [chromium] › tests/reference.spec.ts:82:3 › Overflow response leaves manual exact ID entry available (303ms)
  ✓  25 [chromium] › tests/reference.spec.ts:99:1 › nonempty search debounces and caps an opened flow at eight attempts (2.6s)
  ✓  26 [chromium] › tests/reference.spec.ts:125:1 › host validation rejects a manual draft without publishing a different exact ID (113ms)
  ✓  27 [chromium] › tests/selection-layout.spec.ts:3:1 › native cards support keyboard multi-selection and sibling actions do not toggle (160ms)
  ✓  28 [chromium] › tests/selection-layout.spec.ts:32:3 › layout commands preserve host identity and bounds at 1280 (228ms)
  ✓  29 [chromium] › tests/selection-layout.spec.ts:32:3 › layout commands preserve host identity and bounds at 390 (229ms)
  ✓  30 [chromium] › tests/selection-layout.spec.ts:78:3 › Reject commands is sanitized and never changes confirmed selection/layout (210ms)
  ✓  31 [chromium] › tests/selection-layout.spec.ts:100:1 › unknown outcomes hold barriers until explicit host recovery and messages follow locale (308ms)
  ✓  32 [chromium] › tests/selection-layout.spec.ts:133:1 › scope change fences held callback failures and NaN token settles normally (329ms)
  ✓  33 [chromium] › tests/selection-layout.spec.ts:164:1 › disabled host controls cannot dispatch (134ms)
  ✓  34 [chromium] › tests/selection-layout.spec.ts:181:1 › disabling during a held callback does not strand the command after reenable (267ms)
  ✓  35 [chromium] › tests/selection-layout.spec.ts:202:1 › layout callback is fenced across authority change and corrupt layout never falls back (279ms)
  ✓  36 [chromium] › tests/selection-layout.spec.ts:231:1 › lost acknowledgement after host work is unknown and cannot retry implicitly (211ms)
(node:2677314) Warning: The 'NO_COLOR' env is ignored due to the 'FORCE_COLOR' env being set.
(Use `node --trace-warnings ...` to show where the warning was created)
  ✓  37 [webkit] › tests/controls.spec.ts:3:1 › installed public controls preserve bound values, native refs and keyboard operations (352ms)
  ✓  38 [webkit] › tests/controls.spec.ts:25:3 › installed stylesheet and wrapper contracts support a compact composer at 1280x900 (305ms)
  ✓  39 [webkit] › tests/controls.spec.ts:25:3 › installed stylesheet and wrapper contracts support a compact composer at 390x500 (318ms)
  ✓  40 [webkit] › tests/details.spec.ts:4:1 › desktop details are a named nonmodal region with an independent focusable summary (327ms)
  ✓  41 [webkit] › tests/details.spec.ts:18:1 › mobile details are modal, scroll long content, and Escape returns focus (549ms)
  ✓  42 [webkit] › tests/details.spec.ts:32:1 › one mounted editor retains its raw draft through desktop and mobile transitions (331ms)
  ✓  43 [webkit] › tests/details.spec.ts:49:3 › mobile close uses explicit fallback after Remove opening control (517ms)
  ✓  44 [webkit] › tests/details.spec.ts:49:3 › mobile close uses explicit fallback after Disable opening control (499ms)
  ✓  45 [webkit] › tests/details.spec.ts:59:1 › active close control uses the host's changed label (532ms)
  ✓  46 [webkit] › tests/details.spec.ts:69:1 › closing one mobile details lifetime retains another modal's body scroll lock (767ms)
  ✓  47 [webkit] › tests/details.spec.ts:81:1 › reduced motion displays complete details without content animation (270ms)
  ✓  48 [webkit] › tests/history.spec.ts:5:1 › history titles stay readable and have full accessible names on narrow screens (242ms)
  ✓  49 [webkit] › tests/history.spec.ts:24:1 › native keyboard activation calls the host and moves only its confirmed current marker (243ms)
  ✓  50 [webkit] › tests/history.spec.ts:38:1 › history metadata and empty text follow a locale change (301ms)
  ✓  51 [webkit] › tests/history.spec.ts:50:1 › uncertain writes and refused host navigation cannot optimistically change history (330ms)
  ✓  52 [webkit] › tests/history.spec.ts:70:1 › pending failure is sanitized and its message reacts to locale changes (383ms)
  ✓  53 [webkit] › tests/history.spec.ts:98:1 › old-owner pending navigation cannot report a failure in the new scope (368ms)
  ✓  54 [webkit] › tests/history.spec.ts:120:1 › NaN authority tokens do not strand pending navigation (383ms)
  ✓  55 [webkit] › tests/reference.spec.ts:4:1 › selection callback authority rebind never associates the old label with the new owner (469ms)
  ✓  56 [webkit] › tests/reference.spec.ts:18:1 › host labels update while pending and readonly stops the pending request (1.1s)
  ✓  57 [webkit] › tests/reference.spec.ts:44:1 › public picker selects with keyboard and preserves exact ID (368ms)
  ✓  58 [webkit] › tests/reference.spec.ts:62:1 › authority change aborts and fences uncooperative late response (1.2s)
  ✓  59 [webkit] › tests/reference.spec.ts:82:3 › Deny response leaves manual exact ID entry available (344ms)
  ✓  60 [webkit] › tests/reference.spec.ts:82:3 › Overflow response leaves manual exact ID entry available (353ms)
  ✓  61 [webkit] › tests/reference.spec.ts:99:1 › nonempty search debounces and caps an opened flow at eight attempts (2.6s)
  ✓  62 [webkit] › tests/reference.spec.ts:125:1 › host validation rejects a manual draft without publishing a different exact ID (260ms)
  ✓  63 [webkit] › tests/selection-layout.spec.ts:3:1 › native cards support keyboard multi-selection and sibling actions do not toggle (298ms)
  ✓  64 [webkit] › tests/selection-layout.spec.ts:32:3 › layout commands preserve host identity and bounds at 1280 (342ms)
  ✓  65 [webkit] › tests/selection-layout.spec.ts:32:3 › layout commands preserve host identity and bounds at 390 (339ms)
  ✓  66 [webkit] › tests/selection-layout.spec.ts:78:3 › Reject commands is sanitized and never changes confirmed selection/layout (361ms)
  ✓  67 [webkit] › tests/selection-layout.spec.ts:100:1 › unknown outcomes hold barriers until explicit host recovery and messages follow locale (437ms)
  ✓  68 [webkit] › tests/selection-layout.spec.ts:133:1 › scope change fences held callback failures and NaN token settles normally (484ms)
  ✓  69 [webkit] › tests/selection-layout.spec.ts:164:1 › disabled host controls cannot dispatch (275ms)
  ✓  70 [webkit] › tests/selection-layout.spec.ts:181:1 › disabling during a held callback does not strand the command after reenable (398ms)
  ✓  71 [webkit] › tests/selection-layout.spec.ts:202:1 › layout callback is fenced across authority change and corrupt layout never falls back (402ms)
  ✓  72 [webkit] › tests/selection-layout.spec.ts:231:1 › lost acknowledgement after host work is unknown and cannot retry implicitly (355ms)

  72 passed (38.4s)
