
added 55 packages, and audited 56 packages in 3s

8 packages are looking for funding
  run `npm fund` for details

found 0 vulnerabilities

> rom-ui@0.1.0-alpha.0 check
> svelte-check --tsconfig ./tsconfig.json

Loading svelte-check in workspace: /root/rom-ui
Getting Svelte diagnostics...

svelte-check found 0 errors and 0 warnings
rom-ui-0.1.0-alpha.0.tgz

added 89 packages, and audited 90 packages in 4s

20 packages are looking for funding
  run `npm fund` for details

found 0 vulnerabilities

> rom-ui-consumer@0.0.0 check
> svelte-check --tsconfig ./tsconfig.json

Loading svelte-check in workspace: /root/rom-ui/tests/consumer
Getting Svelte diagnostics...

svelte-check found 0 errors and 0 warnings

> rom-ui-consumer@0.0.0 build
> vite build

4:40:58 PM [vite-plugin-svelte] no Svelte config found at /root/rom-ui/tests/consumer - using default configuration.
vite v8.3.2 building client environment for production...
transforming...
✓ 701 modules transformed.
rendering chunks...
computing gzip size...
dist/index.html                   0.35 kB │ gzip:  0.25 kB
dist/assets/index-C0EhqEmt.css   28.20 kB │ gzip:  5.61 kB
dist/assets/index-CDaV_SuJ.js   170.48 kB │ gzip: 57.49 kB

✓ built in 3.12s
[WebServer] (node:2232865) Warning: The 'NO_COLOR' env is ignored due to the 'FORCE_COLOR' env being set.
[WebServer] (Use `node --trace-warnings ...` to show where the warning was created)
[WebServer] (node:2232911) Warning: The 'NO_COLOR' env is ignored due to the 'FORCE_COLOR' env being set.
[WebServer] (Use `node --trace-warnings ...` to show where the warning was created)

Running 6 tests using 1 worker

(node:2233024) Warning: The 'NO_COLOR' env is ignored due to the 'FORCE_COLOR' env being set.
(Use `node --trace-warnings ...` to show where the warning was created)
  ✓  1 [chromium] › tests/controls.spec.ts:3:1 › installed public controls preserve bound values, native refs and keyboard operations (764ms)
  ✓  2 [chromium] › tests/controls.spec.ts:25:3 › installed stylesheet and wrapper contracts support a compact composer at 1280x900 (466ms)
  ✓  3 [chromium] › tests/controls.spec.ts:25:3 › installed stylesheet and wrapper contracts support a compact composer at 390x500 (359ms)
(node:2233268) Warning: The 'NO_COLOR' env is ignored due to the 'FORCE_COLOR' env being set.
(Use `node --trace-warnings ...` to show where the warning was created)
  ✓  4 [webkit] › tests/controls.spec.ts:3:1 › installed public controls preserve bound values, native refs and keyboard operations (741ms)
  ✓  5 [webkit] › tests/controls.spec.ts:25:3 › installed stylesheet and wrapper contracts support a compact composer at 1280x900 (606ms)
  ✓  6 [webkit] › tests/controls.spec.ts:25:3 › installed stylesheet and wrapper contracts support a compact composer at 390x500 (620ms)

  6 passed (7.7s)
