TAP version 13
# node:internal/modules/esm/resolve:275
#     throw new ERR_MODULE_NOT_FOUND(
#           ^
# Error [ERR_MODULE_NOT_FOUND]: Cannot find module '/root/rom-ui/src/lib/ui/components/reference-picker.ts' imported from /root/rom-ui/tests/unit/ui-reference-picker.test.ts
#     at finalizeResolution (node:internal/modules/esm/resolve:275:11)
#     at moduleResolve (node:internal/modules/esm/resolve:860:10)
#     at defaultResolve (node:internal/modules/esm/resolve:984:11)
#     at ModuleLoader.defaultResolve (node:internal/modules/esm/loader:780:12)
#     at \#cachedDefaultResolve (node:internal/modules/esm/loader:704:25)
#     at ModuleLoader.resolve (node:internal/modules/esm/loader:687:38)
#     at ModuleLoader.getModuleJobForImport (node:internal/modules/esm/loader:305:38)
#     at ModuleJob._link (node:internal/modules/esm/module_job:137:49) {
#   code: 'ERR_MODULE_NOT_FOUND',
#   url: 'file:///root/rom-ui/src/lib/ui/components/reference-picker.ts'
# }
# Node.js v22.16.0
# Subtest: tests/unit/ui-reference-picker.test.ts
not ok 1 - tests/unit/ui-reference-picker.test.ts
  ---
  duration_ms: 168.533169
  type: 'test'
  location: '/root/rom-ui/tests/unit/ui-reference-picker.test.ts:1:1'
  failureType: 'testCodeFailure'
  exitCode: 1
  signal: ~
  error: 'test failed'
  code: 'ERR_TEST_FAILURE'
  ...
1..1
# tests 1
# suites 0
# pass 0
# fail 1
# cancelled 0
# skipped 0
# todo 0
# duration_ms 176.009817
