TAP version 13
# Subtest: pnpm version checks preserve exact versions when the hoisted dependency layout changes
ok 1 - pnpm version checks preserve exact versions when the hoisted dependency layout changes
  ---
  duration_ms: 1.923973
  type: 'test'
  ...
# Subtest: pnpm version checks reject missing, unexpected and altered installed versions
ok 2 - pnpm version checks reject missing, unexpected and altered installed versions
  ---
  duration_ms: 1.350784
  type: 'test'
  ...
# Subtest: pnpm version checks reject a dependency linked outside the consumer installation
ok 3 - pnpm version checks reject a dependency linked outside the consumer installation
  ---
  duration_ms: 0.616691
  type: 'test'
  ...
1..3
# tests 3
# suites 0
# pass 3
# fail 0
# cancelled 0
# skipped 0
# todo 0
# duration_ms 42.193637
