[WebServer] (node:2406533) Warning: The 'NO_COLOR' env is ignored due to the 'FORCE_COLOR' env being set.
[WebServer] (Use `node --trace-warnings ...` to show where the warning was created)
[WebServer] (node:2406551) Warning: The 'NO_COLOR' env is ignored due to the 'FORCE_COLOR' env being set.
[WebServer] (Use `node --trace-warnings ...` to show where the warning was created)

Running 306 tests using 2 workers

(node:2406619) Warning: The 'NO_COLOR' env is ignored due to the 'FORCE_COLOR' env being set.
(Use `node --trace-warnings ...` to show where the warning was created)
(node:2406620) Warning: The 'NO_COLOR' env is ignored due to the 'FORCE_COLOR' env being set.
(Use `node --trace-warnings ...` to show where the warning was created)
  ✓    1 [webkit] › tests/components/application.spec.ts:9:1 › real SDK composes two metadata-driven pages; logout clears details (670ms)
  ✓    2 [webkit] › tests/components/attachments-ergonomics.spec.ts:166:1 › attachment selection uses right inspector and exact confirmation binding (766ms)
  ✓    3 [webkit] › tests/components/application.spec.ts:93:1 › real app reports unavailable session without simulated data (320ms)
  ✓    4 [webkit] › tests/components/attachments-ergonomics.spec.ts:217:1 › lost reservation acknowledgement retains exact request and contents through inspector close (746ms)
  ✓    5 [webkit] › tests/components/application.spec.ts:106:1 › moving pages use native query anchors and previous refetches (554ms)
  ✓    6 [webkit] › tests/components/attachments-ergonomics.spec.ts:263:1 › denied capability has explicit unavailable state and no successful empty list (423ms)
  ✓    7 [webkit] › tests/components/controls.spec.ts:7:1 › integer fields request a numeric mobile keyboard without losing exact input (566ms)
  ✓    8 [webkit] › tests/components/attachments-ergonomics.spec.ts:277:1 › mobile attachment details contain focus and return to selected row (569ms)
  ✓    9 [webkit] › tests/components/controls.spec.ts:19:1 › Resource references identify the target kind while accepting an exact ID (546ms)
  ✓   10 [webkit] › tests/components/attachments-ergonomics.spec.ts:311:1 › lost upload response retries identical bytes and prevents pending navigation (572ms)
  ✓   12 [webkit] › tests/components/attachments-ergonomics.spec.ts:345:1 › attachment list error stays distinct from empty success and can refresh (519ms)
  ✓   11 [webkit] › tests/components/controls.spec.ts:30:1 › Resource controls preserve integer, presence, boolean and nested edits (1.2s)
  ✓   13 [webkit] › tests/components/creation-recovery.spec.ts:47:1 › descriptor renewal keeps existing creation edits until explicit discard enables the current definition (960ms)
  ✓   15 [webkit] › tests/components/creation-recovery.spec.ts:94:1 › descriptor renewal preserves exact pending creation for explicit retry (528ms)
  ✓   16 [webkit] › tests/components/creation-recovery.spec.ts:127:1 › pending creation disables row and page navigation without an uncaught rejection (755ms)
  ✓   14 [webkit] › tests/components/controls.spec.ts:58:1 › same field hosts support custom codec, nested collections and generic action input (2.1s)
  ✓   18 [webkit] › tests/components/controls.spec.ts:82:1 › expanded action input describes submission rather than Resource saving (549ms)
  ✓   17 [webkit] › tests/components/creation-recovery.spec.ts:178:1 › confirmed creation after restart removes its original draft and closes the form (860ms)
  ✓   19 [webkit] › tests/components/controls.spec.ts:91:1 › unsupported action stays visible, generic table selects, query emits values (711ms)
  ✓   20 [webkit] › tests/components/creation-recovery.spec.ts:229:1 › creation restores raw ID and accepted intent explicitly after reload without automatic dispatch (1.1s)
  ✓   21 [webkit] › tests/components/controls.spec.ts:108:1 › keyboard controls and assembled accessibility (896ms)
  ✓   22 [webkit] › tests/components/details-composition.spec.ts:4:1 › desktop details are a named nonmodal region with an independent focusable summary (395ms)
  ✓   24 [webkit] › tests/components/details-composition.spec.ts:18:1 › mobile details are modal, scroll long content, and Escape returns focus (609ms)
  ✓   25 [webkit] › tests/components/details-composition.spec.ts:32:1 › one mounted editor retains its raw draft through desktop and mobile transitions (376ms)
  ✓   23 [webkit] › tests/components/controls.spec.ts:118:1 › descriptor change retains an open draft and requires explicit reopen (1.3s)
  ✓   26 [webkit] › tests/components/details-composition.spec.ts:49:3 › mobile close uses explicit fallback after Remove opening control (511ms)
  ✓   27 [webkit] › tests/components/controls.spec.ts:166:1 › invalid field keeps keyboard focus and cannot submit until corrected (542ms)
  ✓   28 [webkit] › tests/components/details-composition.spec.ts:49:3 › mobile close uses explicit fallback after Disable opening control (525ms)
  ✓   29 [webkit] › tests/components/controls.spec.ts:192:1 › shared Select Checkbox and submit keyboard semantics preserve a boolean (374ms)
  ✓   30 [webkit] › tests/components/details-composition.spec.ts:59:1 › active close control uses the host's changed label (576ms)
  ✓   31 [webkit] › tests/components/controls.spec.ts:212:1 › optional remove and empty string remain distinct from omitted fields (1.2s)
  ✓   32 [webkit] › tests/components/details-composition.spec.ts:69:1 › closing one mobile details lifetime retains another modal's body scroll lock (785ms)
  ✓   34 [webkit] › tests/components/details-composition.spec.ts:81:1 › reduced motion displays complete details without content animation (358ms)
  ✓   35 [webkit] › tests/components/details.spec.ts:2:1 › selected Resource shows its current title as a direct editable field (357ms)
  ✓   36 [webkit] › tests/components/details.spec.ts:27:1 › direct boolean control keeps false and becomes an explicit edit only when switched (375ms)
  ✓   33 [webkit] › tests/components/controls.spec.ts:233:1 › nested invalid input survives sibling edits and removal releases only its error (1.4s)
  ✓   37 [webkit] › tests/components/details.spec.ts:42:1 › mobile Resource editor uses the full viewport and a concise heading (414ms)
  ✓   39 [webkit] › tests/components/details.spec.ts:53:1 › live revision retains draft and disables stale submission until explicit reload (594ms)
  ✓   40 [webkit] › tests/components/details.spec.ts:88:1 › an open field popup cannot mutate a draft after a newer revision (459ms)
  ✓   41 [webkit] › tests/components/details.spec.ts:117:1 › stale Resource keeps collection details readable without reopening mutation (472ms)
  ✓   42 [webkit] › tests/components/direct-form.spec.ts:3:1 › current null and absent fields are distinct from an empty value (318ms)
  ✓   38 [webkit] › tests/components/controls.spec.ts:254:1 › enum reference and prototype-shaped map keys use generic controls (2.1s)
  ✓   43 [webkit] › tests/components/direct-form.spec.ts:14:1 › generic scalar fields fit label, control and actions in one mobile row (362ms)
  ✓   44 [webkit] › tests/components/controls.spec.ts:274:1 › opaque input uses the shared strict lossless codec (458ms)
  ✓   45 [webkit] › tests/components/direct-form.spec.ts:35:1 › choosing Set a value starts from the current value (763ms)
  ✓   46 [webkit] › tests/components/controls.spec.ts:290:1 › sort field is independent from filter field (1.1s)
  ✓   47 [webkit] › tests/components/direct-form.spec.ts:53:1 › switching an invalid omitted field to a value resets its draft (758ms)
  ✓   48 [webkit] › tests/components/controls.spec.ts:304:1 › sort picker excludes collection fields but retains scalar fields (379ms)
  ✓   49 [webkit] › tests/components/direct-form.spec.ts:72:1 › nested null differs from an empty value in an expanded list editor (769ms)
  ✓   51 [webkit] › tests/components/direct-form.spec.ts:105:1 › large collections remain readable when editing is bounded (322ms)
  ✓   52 [webkit] › tests/components/direct-form.spec.ts:118:1 › descriptor change keeps existing collection available for read-only inspection (344ms)
  ✓   50 [webkit] › tests/components/controls.spec.ts:319:1 › wrapped custom codecs apply only to leaves; unknown leaves remain read-only (2.9s)
  ✓   53 [webkit] › tests/components/direct-form.spec.ts:133:1 › direct fields distinguish unchanged, false, zero, empty, null and removal (1.7s)
  ✓   54 [webkit] › tests/components/controls.spec.ts:383:1 › query filters preserve wrapper provenance and edit only registered leaves (581ms)
  ✓   55 [webkit] › tests/components/filter-workspace.spec.ts:54:1 › compact actions keep their names and the inspector toggle stays on the right (481ms)
ROM_TABLE_FRAME {"engine":"webkit","rows":100,"columns":16,"cells_before":1600,"cells_after_clear":0,"navigation_to_visible_frame_ms":468,"clear_to_frame_ms":103,"api_requests":0,"scope":"Local descriptor-only browser fixture, warm asset cache, real generic ResourceTable and custom codec renderers. Navigation includes module execution and frame scheduling. DOM retention count, not heap reclamation or database/parser cost."}
  ✓   56 [webkit] › tests/components/controls.spec.ts:399:3 › finite generic table 100 row frame and DOM retention sample (922ms)
  ✓   57 [webkit] › tests/components/filter-workspace.spec.ts:111:1 › quick and full filters share draft without querying until Apply (1.2s)
  ✓   59 [webkit] › tests/components/filter-workspace.spec.ts:166:1 › Resource draft survives filter tab, Apply and mobile inspector lifecycle (1.1s)
  ✓   60 [webkit] › tests/components/filter-workspace.spec.ts:229:1 › invalid filter input survives popover close and switching editors (1.2s)
  ✓   61 [webkit] › tests/components/filter-workspace.spec.ts:292:1 › removing an earlier rule preserves the later rule's invalid draft (790ms)
ROM_TABLE_FRAME {"engine":"webkit","rows":500,"columns":16,"cells_before":8000,"cells_after_clear":0,"navigation_to_visible_frame_ms":1907,"clear_to_frame_ms":1211,"api_requests":0,"scope":"Local descriptor-only browser fixture, warm asset cache, real generic ResourceTable and custom codec renderers. Navigation includes module execution and frame scheduling. DOM retention count, not heap reclamation or database/parser cost."}
  ✓   58 [webkit] › tests/components/controls.spec.ts:399:3 › finite generic table 500 row frame and DOM retention sample (3.5s)
  ✓   62 [webkit] › tests/components/filter-workspace.spec.ts:328:1 › descriptor change permits explicit discard of an obsolete filter (701ms)
  ✓   63 [webkit] › tests/components/generic-presentation.spec.ts:7:1 › shared mode picker uses keyboard and keeps nullable operation controlled (774ms)
  ✓   64 [webkit] › tests/components/filter-workspace.spec.ts:360:1 › invalid input after an applied numeric filter is marked pending (793ms)
  ✓   65 [webkit] › tests/components/generic-presentation.spec.ts:26:1 › shared query picker preserves independent sort selection and closes on Escape (672ms)
  ✓   66 [webkit] › tests/components/history-composition.spec.ts:5:1 › history titles stay readable and have full accessible names on narrow screens (269ms)
  ✓   67 [webkit] › tests/components/login-ergonomics.spec.ts:3:1 › sign-in providers stay readable on narrow screens and preserve exact login route (325ms)
  ✓   68 [webkit] › tests/components/history-composition.spec.ts:24:1 › native keyboard activation calls the host and moves only its confirmed current marker (259ms)
  ✓   69 [webkit] › tests/components/login-ergonomics.spec.ts:53:1 › unavailable session presents retry without exposing workspace values (368ms)
  ✓   70 [webkit] › tests/components/history-composition.spec.ts:38:1 › history metadata and empty text follow a locale change (337ms)
  ✓   72 [webkit] › tests/components/history-composition.spec.ts:50:1 › uncertain writes and refused host navigation cannot optimistically change history (368ms)
  ✓   71 [webkit] › tests/components/login-ergonomics.spec.ts:74:1 › primary provider auto-redirect retains explicit sign-in choice (399ms)
  ✓   73 [webkit] › tests/components/history-composition.spec.ts:70:1 › pending failure is sanitized and its message reacts to locale changes (421ms)
  ✓   74 [webkit] › tests/components/login-ergonomics.spec.ts:105:1 › expired session clears protected values and explains sign-in (426ms)
  ✓   76 [webkit] › tests/components/login-ergonomics.spec.ts:172:1 › expired authenticated response retains available provider sign-in (305ms)
  ✓   75 [webkit] › tests/components/history-composition.spec.ts:98:1 › old-owner pending navigation cannot report a failure in the new scope (418ms)
  ✓   78 [webkit] › tests/components/history-composition.spec.ts:120:1 › NaN authority tokens do not strand pending navigation (372ms)
  ✓   77 [webkit] › tests/components/presentation-ux.spec.ts:53:1 › generic Resource presentation separates human title, field label, and exact identity (491ms)
  ✓   80 [webkit] › tests/components/presentation-ux.spec.ts:88:1 › mobile Resource details returns focus to the actual row opener (460ms)
  ✓   79 [webkit] › tests/components/reference-composition.spec.ts:4:1 › selection callback authority rebind never associates the old label with the new owner (535ms)
  ✓   81 [webkit] › tests/components/reference-picker.spec.ts:7:1 › reference lookup is lazy and chooses an authorized title without changing exact identity or main navigation (471ms)
  ✓   83 [webkit] › tests/components/reference-picker.spec.ts:30:1 › debounced search filters bounded candidates and Escape restores focus (669ms)
  ✓   82 [webkit] › tests/components/reference-composition.spec.ts:18:1 › host labels update while pending and readonly stops the pending request (1.1s)
  ✓   85 [webkit] › tests/components/reference-composition.spec.ts:44:1 › public picker selects with keyboard and preserves exact ID (408ms)
  ✓   84 [webkit] › tests/components/reference-picker.spec.ts:68:1 › denied lookup preserves the exact ID fallback and never reports an empty successful search (424ms)
  ✓   87 [webkit] › tests/components/reference-picker.spec.ts:88:1 › withheld titles use the shared safe fallback and undisclosed kinds do not query (396ms)
  ✓   86 [webkit] › tests/components/reference-composition.spec.ts:62:1 › authority change aborts and fences uncooperative late response (1.3s)
  ✓   88 [webkit] › tests/components/reference-picker.spec.ts:109:1 › session invalidation removes delayed and selected descriptions without erasing an exact ID (1.1s)
  ✓   89 [webkit] › tests/components/reference-composition.spec.ts:82:3 › Deny response leaves manual exact ID entry available (367ms)
  ✓   90 [webkit] › tests/components/reference-picker.spec.ts:130:1 › without lookup context the supported reference stays an exact ID editor (278ms)
  ✓   91 [webkit] › tests/components/reference-composition.spec.ts:82:3 › Overflow response leaves manual exact ID entry available (414ms)
  ✓   92 [webkit] › tests/components/reference-picker.spec.ts:143:1 › the picker remains inside a narrow mobile viewport (352ms)
  ✓   93 [webkit] › tests/components/reference-composition.spec.ts:99:1 › nonempty search debounces and caps an opened flow at eight attempts (2.7s)
  ✓   94 [webkit] › tests/components/reference-picker.spec.ts:164:1 › search requests are capped per open picker while exact ID editing remains available (2.6s)
  ✓   95 [webkit] › tests/components/renderer-regressions.spec.ts:14:3 › generic display exposes visible text for Scalar text (327ms)
  ✓   96 [webkit] › tests/components/reference-picker.spec.ts:197:1 › selected authorized descriptions disappear with the session while the exact ID stays intact (548ms)
  ✓   97 [webkit] › tests/components/renderer-regressions.spec.ts:14:3 › generic display exposes visible text for Scalar zero (277ms)
  ✓   98 [webkit] › tests/components/reference-picker.spec.ts:215:1 › empty reference input reports the canonical field path without replacing the last value (320ms)
  ✓   99 [webkit] › tests/components/renderer-regressions.spec.ts:14:3 › generic display exposes visible text for Scalar false (309ms)
  ✓  101 [webkit] › tests/components/renderer-regressions.spec.ts:14:3 › generic display exposes visible text for Explicit null (295ms)
  ✓  100 [webkit] › tests/components/reference-picker.spec.ts:224:1 › a denied relookup retires the previously selected title and preserves the ID (529ms)
  ✓  102 [webkit] › tests/components/renderer-regressions.spec.ts:14:3 › generic display exposes visible text for Missing optional (270ms)
  ✓  104 [webkit] › tests/components/renderer-regressions.spec.ts:14:3 › generic display exposes visible text for Empty codec list (288ms)
  ✓  103 [webkit] › tests/components/right-inspector.spec.ts:3:1 › right inspector toggles by keyboard and preserves filter drafts (466ms)
  ✓  105 [webkit] › tests/components/renderer-regressions.spec.ts:14:3 › generic display exposes visible text for Empty codec map (291ms)
  ✓  106 [webkit] › tests/components/right-inspector.spec.ts:52:1 › right mobile Sheet restores toggle focus and preserves Resource draft across resize (466ms)
  ✓  108 [webkit] › tests/components/selection-layout-composition.spec.ts:3:1 › native cards support keyboard multi-selection and sibling actions do not toggle (296ms)
  ✓  107 [webkit] › tests/components/renderer-regressions.spec.ts:40:1 › mobile nested Select remains usable after scrolling its Sheet (726ms)
  ✓  109 [webkit] › tests/components/selection-layout-composition.spec.ts:32:3 › layout commands preserve host identity and bounds at 1280 (370ms)
  ✓  111 [webkit] › tests/components/selection-layout-composition.spec.ts:32:3 › layout commands preserve host identity and bounds at 390 (339ms)
  ✓  110 [webkit] › tests/components/renderer-regressions.spec.ts:76:1 › mobile nested Select dismisses by ordinary outside click without closing its Sheet (659ms)
  ✓  112 [webkit] › tests/components/selection-layout-composition.spec.ts:78:3 › Reject commands is sanitized and never changes confirmed selection/layout (391ms)
  ✓  113 [webkit] › tests/components/renderer-regressions.spec.ts:103:1 › mobile Escape dismisses Select before Sheet and restores toolbar focus (575ms)
  ✓  114 [webkit] › tests/components/selection-layout-composition.spec.ts:100:1 › unknown outcomes hold barriers until explicit host recovery and messages follow locale (454ms)
  ✓  115 [webkit] › tests/components/semantic-fields.spec.ts:3:1 › standard fields provide shared compact controls without application renderers (389ms)
  ✓  116 [webkit] › tests/components/selection-layout-composition.spec.ts:133:1 › scope change fences held callback failures and NaN token settles normally (506ms)
  ✓  117 [webkit] › tests/components/semantic-fields.spec.ts:42:1 › invalid semantic drafts block submission and retain the user's exact input (338ms)
  ✓  118 [webkit] › tests/components/selection-layout-composition.spec.ts:164:1 › disabled host controls cannot dispatch (334ms)
  ✓  119 [webkit] › tests/components/semantic-fields.spec.ts:67:1 › expanded document preserves numeric tokens and multiline source (620ms)
  ✓  120 [webkit] › tests/components/selection-layout-composition.spec.ts:181:1 › disabling during a held callback does not strand the command after reenable (402ms)
  ✓  122 [webkit] › tests/components/selection-layout-composition.spec.ts:202:1 › layout callback is fenced across authority change and corrupt layout never falls back (436ms)
  ✓  121 [webkit] › tests/components/semantic-fields.spec.ts:101:1 › read-only semantic details expose the complete exact value (574ms)
  ✓  123 [webkit] › tests/components/selection-layout-composition.spec.ts:231:1 › lost acknowledgement after host work is unknown and cannot retry implicitly (403ms)
  ✓  124 [webkit] › tests/components/semantic-fields.spec.ts:120:1 › compact measurement keeps its magnitude visible beside the unit (352ms)
  ✓  125 [webkit] › tests/components/settings-presentation.spec.ts:72:1 › Settings groups disclosed plugin Resources and uses the authorized patch path (858ms)
  ✓  127 [webkit] › tests/components/settings-presentation.spec.ts:120:1 › Settings exposes no group when discovery discloses no settings metadata (413ms)
  ✓  126 [webkit] › tests/components/shell-presentation.spec.ts:3:1 › mobile sidebar opens, selects a descriptor and returns space to the page (1.4s)
  ✓  129 [webkit] › tests/components/ui-follow-latest.spec.ts:22:1 › follow-latest preserves manual reading and supports explicit resume (393ms)
  ✓  130 [webkit] › tests/components/ui-follow-latest.spec.ts:48:1 › follow-latest uses actual frame and resized viewport without losing ownership (375ms)
  ✓  128 [webkit] › tests/components/sortable-fields.spec.ts:10:1 › manual reorder keeps invalid duplicate row draft and blocks resource submission (1.2s)
  ✓  131 [webkit] › tests/components/ui-follow-latest.spec.ts:70:1 › disposal suppresses a queued automatic scroll in the real browser (315ms)
  ✓  133 [webkit] › tests/components/ui-follow-latest.spec.ts:90:1 › small manual upward movement requires explicit resume (302ms)
  ✓  134 [webkit] › tests/components/ui-follow-latest.spec.ts:123:1 › a larger viewport can clamp the position without disabling following (278ms)
  ✓  132 [webkit] › tests/components/sortable-fields.spec.ts:40:1 › keyboard drag submits only canonical values and retains duplicate identity (749ms)
  ✓  135 [webkit] › tests/components/work-presentation.spec.ts:79:1 › Work loads readable snapshots automatically and applies operator filters (636ms)
  ✓  137 [webkit] › tests/components/work-presentation.spec.ts:111:1 › Work inspector close preserves the exact recovery retry request (700ms)
  ✓  136 [webkit] › tests/components/sortable-fields.spec.ts:63:1 › pointer reorder keeps invalid drafts attached and removal clears row error (1.3s)
  ✓  139 [webkit] › tests/components/sortable-fields.spec.ts:98:1 › readonly and bounded lists expose no drag or mutation controls (401ms)
  ✓  138 [webkit] › tests/components/work-presentation.spec.ts:144:1 › mobile Work details returns focus to the actual row opener (592ms)
(node:2417471) Warning: The 'NO_COLOR' env is ignored due to the 'FORCE_COLOR' env being set.
(Use `node --trace-warnings ...` to show where the warning was created)
  ✓  140 [webkit] › tests/components/sortable-fields.spec.ts:114:1 › codec row draft survives pointer replacement without losing exact decimal source (1.1s)
  ✓  141 [chromium] › tests/components/application.spec.ts:9:1 › real SDK composes two metadata-driven pages; logout clears details (609ms)
  ✓  143 [chromium] › tests/components/application.spec.ts:93:1 › real app reports unavailable session without simulated data (168ms)
  ✓  144 [chromium] › tests/components/application.spec.ts:106:1 › moving pages use native query anchors and previous refetches (412ms)
  ✓  142 [webkit] › tests/components/sortable-fields.spec.ts:152:1 › action inputs use the same canonical list reorder (1.3s)
  ✓  145 [chromium] › tests/components/attachments-ergonomics.spec.ts:166:1 › attachment selection uses right inspector and exact confirmation binding (590ms)
  ✓  146 [webkit] › tests/components/sortable-fields.spec.ts:177:1 › filter candidates retain invalid row state after reorder (544ms)
  -  148 [webkit] › tests/components/sortable-fields.spec.ts:200:1 › touch handle reorders a duplicate row without serializing drag metadata
  ✓  147 [chromium] › tests/components/attachments-ergonomics.spec.ts:217:1 › lost reservation acknowledgement retains exact request and contents through inspector close (634ms)
  ✓  150 [chromium] › tests/components/attachments-ergonomics.spec.ts:263:1 › denied capability has explicit unavailable state and no successful empty list (295ms)
  ✓  151 [chromium] › tests/components/attachments-ergonomics.spec.ts:277:1 › mobile attachment details contain focus and return to selected row (437ms)
  ✓  149 [webkit] › tests/components/sortable-fields.spec.ts:252:1 › closing a keyboard drag releases the action and preserves the form candidate (1.2s)
  ✓  152 [chromium] › tests/components/attachments-ergonomics.spec.ts:311:1 › lost upload response retries identical bytes and prevents pending navigation (507ms)
  ✓  154 [chromium] › tests/components/attachments-ergonomics.spec.ts:345:1 › attachment list error stays distinct from empty success and can refresh (390ms)
  ✓  153 [webkit] › tests/components/sortable-fields.spec.ts:279:1 › prototype-shaped map keys keep invalid drafts local to their editor (698ms)
  ✓  155 [chromium] › tests/components/controls.spec.ts:7:1 › integer fields request a numeric mobile keyboard without losing exact input (393ms)
  ✓  157 [chromium] › tests/components/controls.spec.ts:19:1 › Resource references identify the target kind while accepting an exact ID (404ms)
  ✓  156 [webkit] › tests/components/sortable-fields.spec.ts:314:1 › labelled enum bulk append preserves duplicates and canonical ordered values (1.2s)
  ✓  158 [chromium] › tests/components/controls.spec.ts:30:1 › Resource controls preserve integer, presence, boolean and nested edits (944ms)
  ✓  159 [webkit] › tests/components/sortable-fields.spec.ts:357:1 › bulk chooser cancellation emits nothing and unknown stored enum remains visible (1.3s)
  ✓  160 [chromium] › tests/components/controls.spec.ts:58:1 › same field hosts support custom codec, nested collections and generic action input (1.5s)
  ✓  162 [chromium] › tests/components/controls.spec.ts:82:1 › expanded action input describes submission rather than Resource saving (375ms)
  ✓  163 [chromium] › tests/components/controls.spec.ts:91:1 › unsupported action stays visible, generic table selects, query emits values (459ms)
  ✓  161 [webkit] › tests/components/sortable-fields.spec.ts:406:1 › action and filter reuse labelled enum bulk append with exact members (2.1s)
  ✓  164 [chromium] › tests/components/controls.spec.ts:108:1 › keyboard controls and assembled accessibility (684ms)
  ✓  165 [webkit] › tests/components/sortable-fields.spec.ts:464:1 › enum labels display across wrapped collections and unknown members stay exact (543ms)
  ✓  167 [webkit] › tests/components/sortable-fields.spec.ts:487:1 › renderer unregister lifecycle preserves newer inline registration and collections stay expanded (404ms)
  ✓  166 [chromium] › tests/components/controls.spec.ts:118:1 › descriptor change retains an open draft and requires explicit reopen (992ms)
  ✓  169 [chromium] › tests/components/controls.spec.ts:166:1 › invalid field keeps keyboard focus and cannot submit until corrected (424ms)
  ✓  170 [chromium] › tests/components/controls.spec.ts:192:1 › shared Select Checkbox and submit keyboard semantics preserve a boolean (259ms)
  ✓  168 [webkit] › tests/components/sortable-fields.spec.ts:521:3 › closing and reopening entries retains invalid draft after dialog unmount (1.0s)
  ✓  171 [chromium] › tests/components/controls.spec.ts:212:1 › optional remove and empty string remain distinct from omitted fields (1.0s)
  ✓  172 [webkit] › tests/components/sortable-fields.spec.ts:521:3 › closing and reopening amounts retains invalid draft after dialog unmount (1.0s)
  ✓  173 [chromium] › tests/components/controls.spec.ts:233:1 › nested invalid input survives sibling edits and removal releases only its error (887ms)
  ✓  174 [webkit] › tests/components/sortable-fields.spec.ts:521:3 › closing and reopening dictionary retains invalid draft after dialog unmount (1.2s)
(node:2419765) Warning: The 'NO_COLOR' env is ignored due to the 'FORCE_COLOR' env being set.
(Use `node --trace-warnings ...` to show where the warning was created)
  ✓  175 [chromium] › tests/components/controls.spec.ts:254:1 › enum reference and prototype-shaped map keys use generic controls (1.5s)
  ✓  177 [chromium] › tests/components/controls.spec.ts:274:1 › opaque input uses the shared strict lossless codec (492ms)
  ✓  176 [chromium] › tests/components/creation-recovery.spec.ts:47:1 › descriptor renewal keeps existing creation edits until explicit discard enables the current definition (1.3s)
  ✓  178 [chromium] › tests/components/controls.spec.ts:290:1 › sort field is independent from filter field (1.1s)
  ✓  179 [chromium] › tests/components/creation-recovery.spec.ts:94:1 › descriptor renewal preserves exact pending creation for explicit retry (735ms)
  ✓  180 [chromium] › tests/components/controls.spec.ts:304:1 › sort picker excludes collection fields but retains scalar fields (413ms)
  ✓  181 [chromium] › tests/components/creation-recovery.spec.ts:127:1 › pending creation disables row and page navigation without an uncaught rejection (905ms)
  ✓  183 [chromium] › tests/components/creation-recovery.spec.ts:178:1 › confirmed creation after restart removes its original draft and closes the form (983ms)
  ✓  182 [chromium] › tests/components/controls.spec.ts:319:1 › wrapped custom codecs apply only to leaves; unknown leaves remain read-only (2.2s)
  ✓  185 [chromium] › tests/components/controls.spec.ts:383:1 › query filters preserve wrapper provenance and edit only registered leaves (640ms)
  ✓  184 [chromium] › tests/components/creation-recovery.spec.ts:229:1 › creation restores raw ID and accepted intent explicitly after reload without automatic dispatch (1.2s)
  ✓  187 [chromium] › tests/components/details-composition.spec.ts:4:1 › desktop details are a named nonmodal region with an independent focusable summary (350ms)
ROM_TABLE_FRAME {"engine":"chromium","rows":100,"columns":16,"cells_before":1600,"cells_after_clear":0,"navigation_to_visible_frame_ms":416,"clear_to_frame_ms":95.10000002384186,"api_requests":0,"scope":"Local descriptor-only browser fixture, warm asset cache, real generic ResourceTable and custom codec renderers. Navigation includes module execution and frame scheduling. DOM retention count, not heap reclamation or database/parser cost."}
  ✓  186 [chromium] › tests/components/controls.spec.ts:399:3 › finite generic table 100 row frame and DOM retention sample (865ms)
  ✓  188 [chromium] › tests/components/details-composition.spec.ts:18:1 › mobile details are modal, scroll long content, and Escape returns focus (618ms)
  ✓  190 [chromium] › tests/components/details-composition.spec.ts:32:1 › one mounted editor retains its raw draft through desktop and mobile transitions (395ms)
  ✓  191 [chromium] › tests/components/details-composition.spec.ts:49:3 › mobile close uses explicit fallback after Remove opening control (554ms)
  ✓  192 [chromium] › tests/components/details-composition.spec.ts:49:3 › mobile close uses explicit fallback after Disable opening control (504ms)
ROM_TABLE_FRAME {"engine":"chromium","rows":500,"columns":16,"cells_before":8000,"cells_after_clear":0,"navigation_to_visible_frame_ms":1680.7000000476837,"clear_to_frame_ms":150.79999995231628,"api_requests":0,"scope":"Local descriptor-only browser fixture, warm asset cache, real generic ResourceTable and custom codec renderers. Navigation includes module execution and frame scheduling. DOM retention count, not heap reclamation or database/parser cost."}
  ✓  189 [chromium] › tests/components/controls.spec.ts:399:3 › finite generic table 500 row frame and DOM retention sample (2.3s)
  ✓  193 [chromium] › tests/components/details-composition.spec.ts:59:1 › active close control uses the host's changed label (520ms)
  ✓  194 [chromium] › tests/components/details.spec.ts:2:1 › selected Resource shows its current title as a direct editable field (301ms)
  ✓  196 [chromium] › tests/components/details.spec.ts:27:1 › direct boolean control keeps false and becomes an explicit edit only when switched (298ms)
  ✓  195 [chromium] › tests/components/details-composition.spec.ts:69:1 › closing one mobile details lifetime retains another modal's body scroll lock (769ms)
  ✓  197 [chromium] › tests/components/details.spec.ts:42:1 › mobile Resource editor uses the full viewport and a concise heading (323ms)
  ✓  198 [chromium] › tests/components/details-composition.spec.ts:81:1 › reduced motion displays complete details without content animation (236ms)
  ✓  200 [chromium] › tests/components/direct-form.spec.ts:3:1 › current null and absent fields are distinct from an empty value (179ms)
  ✓  199 [chromium] › tests/components/details.spec.ts:53:1 › live revision retains draft and disables stale submission until explicit reload (393ms)
  ✓  201 [chromium] › tests/components/direct-form.spec.ts:14:1 › generic scalar fields fit label, control and actions in one mobile row (189ms)
  ✓  202 [chromium] › tests/components/details.spec.ts:88:1 › an open field popup cannot mutate a draft after a newer revision (292ms)
  ✓  204 [chromium] › tests/components/details.spec.ts:117:1 › stale Resource keeps collection details readable without reopening mutation (308ms)
  ✓  203 [chromium] › tests/components/direct-form.spec.ts:35:1 › choosing Set a value starts from the current value (586ms)
  ✓  205 [chromium] › tests/components/filter-workspace.spec.ts:54:1 › compact actions keep their names and the inspector toggle stays on the right (342ms)
  ✓  206 [chromium] › tests/components/direct-form.spec.ts:53:1 › switching an invalid omitted field to a value resets its draft (580ms)
  ✓  207 [chromium] › tests/components/filter-workspace.spec.ts:111:1 › quick and full filters share draft without querying until Apply (731ms)
  ✓  208 [chromium] › tests/components/direct-form.spec.ts:72:1 › nested null differs from an empty value in an expanded list editor (530ms)
  ✓  210 [chromium] › tests/components/direct-form.spec.ts:105:1 › large collections remain readable when editing is bounded (205ms)
  ✓  211 [chromium] › tests/components/direct-form.spec.ts:118:1 › descriptor change keeps existing collection available for read-only inspection (224ms)
  ✓  209 [chromium] › tests/components/filter-workspace.spec.ts:166:1 › Resource draft survives filter tab, Apply and mobile inspector lifecycle (940ms)
  ✓  212 [chromium] › tests/components/direct-form.spec.ts:133:1 › direct fields distinguish unchanged, false, zero, empty, null and removal (1.3s)
  ✓  213 [chromium] › tests/components/filter-workspace.spec.ts:229:1 › invalid filter input survives popover close and switching editors (970ms)
  ✓  214 [chromium] › tests/components/generic-presentation.spec.ts:7:1 › shared mode picker uses keyboard and keeps nullable operation controlled (680ms)
  ✓  215 [chromium] › tests/components/filter-workspace.spec.ts:292:1 › removing an earlier rule preserves the later rule's invalid draft (850ms)
  ✓  216 [chromium] › tests/components/generic-presentation.spec.ts:26:1 › shared query picker preserves independent sort selection and closes on Escape (597ms)
  ✓  218 [chromium] › tests/components/history-composition.spec.ts:5:1 › history titles stay readable and have full accessible names on narrow screens (227ms)
  ✓  217 [chromium] › tests/components/filter-workspace.spec.ts:328:1 › descriptor change permits explicit discard of an obsolete filter (690ms)
  ✓  219 [chromium] › tests/components/history-composition.spec.ts:24:1 › native keyboard activation calls the host and moves only its confirmed current marker (254ms)
  ✓  221 [chromium] › tests/components/history-composition.spec.ts:38:1 › history metadata and empty text follow a locale change (323ms)
  ✓  220 [chromium] › tests/components/filter-workspace.spec.ts:360:1 › invalid input after an applied numeric filter is marked pending (819ms)
  ✓  222 [chromium] › tests/components/history-composition.spec.ts:50:1 › uncertain writes and refused host navigation cannot optimistically change history (352ms)
  ✓  223 [chromium] › tests/components/login-ergonomics.spec.ts:3:1 › sign-in providers stay readable on narrow screens and preserve exact login route (333ms)
  ✓  224 [chromium] › tests/components/history-composition.spec.ts:70:1 › pending failure is sanitized and its message reacts to locale changes (455ms)
  ✓  225 [chromium] › tests/components/login-ergonomics.spec.ts:53:1 › unavailable session presents retry without exposing workspace values (383ms)
  ✓  226 [chromium] › tests/components/history-composition.spec.ts:98:1 › old-owner pending navigation cannot report a failure in the new scope (444ms)
  ✓  227 [chromium] › tests/components/login-ergonomics.spec.ts:74:1 › primary provider auto-redirect retains explicit sign-in choice (525ms)
  ✓  228 [chromium] › tests/components/history-composition.spec.ts:120:1 › NaN authority tokens do not strand pending navigation (500ms)
  ✓  229 [chromium] › tests/components/login-ergonomics.spec.ts:105:1 › expired session clears protected values and explains sign-in (531ms)
  ✓  230 [chromium] › tests/components/presentation-ux.spec.ts:53:1 › generic Resource presentation separates human title, field label, and exact identity (660ms)
  ✓  231 [chromium] › tests/components/login-ergonomics.spec.ts:172:1 › expired authenticated response retains available provider sign-in (382ms)
  ✓  233 [chromium] › tests/components/reference-composition.spec.ts:4:1 › selection callback authority rebind never associates the old label with the new owner (580ms)
  ✓  232 [chromium] › tests/components/presentation-ux.spec.ts:88:1 › mobile Resource details returns focus to the actual row opener (610ms)
  ✓  235 [chromium] › tests/components/reference-picker.spec.ts:7:1 › reference lookup is lazy and chooses an authorized title without changing exact identity or main navigation (475ms)
  ✓  234 [chromium] › tests/components/reference-composition.spec.ts:18:1 › host labels update while pending and readonly stops the pending request (1.2s)
  ✓  236 [chromium] › tests/components/reference-picker.spec.ts:30:1 › debounced search filters bounded candidates and Escape restores focus (740ms)
  ✓  237 [chromium] › tests/components/reference-composition.spec.ts:44:1 › public picker selects with keyboard and preserves exact ID (408ms)
  ✓  238 [chromium] › tests/components/reference-picker.spec.ts:68:1 › denied lookup preserves the exact ID fallback and never reports an empty successful search (468ms)
  ✓  240 [chromium] › tests/components/reference-picker.spec.ts:88:1 › withheld titles use the shared safe fallback and undisclosed kinds do not query (392ms)
  ✓  239 [chromium] › tests/components/reference-composition.spec.ts:62:1 › authority change aborts and fences uncooperative late response (1.3s)
  ✓  241 [chromium] › tests/components/reference-picker.spec.ts:109:1 › session invalidation removes delayed and selected descriptions without erasing an exact ID (1.1s)
  ✓  242 [chromium] › tests/components/reference-composition.spec.ts:82:3 › Deny response leaves manual exact ID entry available (355ms)
  ✓  243 [chromium] › tests/components/reference-picker.spec.ts:130:1 › without lookup context the supported reference stays an exact ID editor (269ms)
  ✓  244 [chromium] › tests/components/reference-composition.spec.ts:82:3 › Overflow response leaves manual exact ID entry available (429ms)
  ✓  245 [chromium] › tests/components/reference-picker.spec.ts:143:1 › the picker remains inside a narrow mobile viewport (381ms)
  ✓  246 [chromium] › tests/components/reference-composition.spec.ts:99:1 › nonempty search debounces and caps an opened flow at eight attempts (2.9s)
  ✓  247 [chromium] › tests/components/reference-picker.spec.ts:164:1 › search requests are capped per open picker while exact ID editing remains available (2.8s)
  ✓  248 [chromium] › tests/components/renderer-regressions.spec.ts:14:3 › generic display exposes visible text for Scalar text (219ms)
  ✓  250 [chromium] › tests/components/renderer-regressions.spec.ts:14:3 › generic display exposes visible text for Scalar zero (226ms)
  ✓  249 [chromium] › tests/components/reference-picker.spec.ts:197:1 › selected authorized descriptions disappear with the session while the exact ID stays intact (478ms)
  ✓  251 [chromium] › tests/components/renderer-regressions.spec.ts:14:3 › generic display exposes visible text for Scalar false (223ms)
  ✓  252 [chromium] › tests/components/reference-picker.spec.ts:215:1 › empty reference input reports the canonical field path without replacing the last value (231ms)
  ✓  253 [chromium] › tests/components/renderer-regressions.spec.ts:14:3 › generic display exposes visible text for Explicit null (193ms)
  ✓  255 [chromium] › tests/components/renderer-regressions.spec.ts:14:3 › generic display exposes visible text for Missing optional (201ms)
  ✓  256 [chromium] › tests/components/renderer-regressions.spec.ts:14:3 › generic display exposes visible text for Empty codec list (185ms)
  ✓  254 [chromium] › tests/components/reference-picker.spec.ts:224:1 › a denied relookup retires the previously selected title and preserves the ID (484ms)
  ✓  257 [chromium] › tests/components/renderer-regressions.spec.ts:14:3 › generic display exposes visible text for Empty codec map (200ms)
  ✓  258 [chromium] › tests/components/right-inspector.spec.ts:3:1 › right inspector toggles by keyboard and preserves filter drafts (429ms)
  ✓  259 [chromium] › tests/components/renderer-regressions.spec.ts:40:1 › mobile nested Select remains usable after scrolling its Sheet (670ms)
  ✓  260 [chromium] › tests/components/right-inspector.spec.ts:52:1 › right mobile Sheet restores toggle focus and preserves Resource draft across resize (413ms)
  ✓  262 [chromium] › tests/components/selection-layout-composition.spec.ts:3:1 › native cards support keyboard multi-selection and sibling actions do not toggle (217ms)
  ✓  263 [chromium] › tests/components/selection-layout-composition.spec.ts:32:3 › layout commands preserve host identity and bounds at 1280 (243ms)
  ✓  261 [chromium] › tests/components/renderer-regressions.spec.ts:76:1 › mobile nested Select dismisses by ordinary outside click without closing its Sheet (609ms)
  ✓  264 [chromium] › tests/components/selection-layout-composition.spec.ts:32:3 › layout commands preserve host identity and bounds at 390 (275ms)
  ✓  266 [chromium] › tests/components/selection-layout-composition.spec.ts:78:3 › Reject commands is sanitized and never changes confirmed selection/layout (226ms)
  ✓  265 [chromium] › tests/components/renderer-regressions.spec.ts:103:1 › mobile Escape dismisses Select before Sheet and restores toolbar focus (469ms)
  ✓  267 [chromium] › tests/components/selection-layout-composition.spec.ts:100:1 › unknown outcomes hold barriers until explicit host recovery and messages follow locale (347ms)
  ✓  268 [chromium] › tests/components/semantic-fields.spec.ts:3:1 › standard fields provide shared compact controls without application renderers (289ms)
  ✓  270 [chromium] › tests/components/semantic-fields.spec.ts:42:1 › invalid semantic drafts block submission and retain the user's exact input (224ms)
  ✓  269 [chromium] › tests/components/selection-layout-composition.spec.ts:133:1 › scope change fences held callback failures and NaN token settles normally (387ms)
  ✓  272 [chromium] › tests/components/selection-layout-composition.spec.ts:164:1 › disabled host controls cannot dispatch (162ms)
  ✓  271 [chromium] › tests/components/semantic-fields.spec.ts:67:1 › expanded document preserves numeric tokens and multiline source (419ms)
  ✓  273 [chromium] › tests/components/selection-layout-composition.spec.ts:181:1 › disabling during a held callback does not strand the command after reenable (285ms)
  ✓  274 [chromium] › tests/components/semantic-fields.spec.ts:101:1 › read-only semantic details expose the complete exact value (410ms)
  ✓  275 [chromium] › tests/components/selection-layout-composition.spec.ts:202:1 › layout callback is fenced across authority change and corrupt layout never falls back (281ms)
  ✓  276 [chromium] › tests/components/semantic-fields.spec.ts:120:1 › compact measurement keeps its magnitude visible beside the unit (185ms)
  ✓  277 [chromium] › tests/components/selection-layout-composition.spec.ts:231:1 › lost acknowledgement after host work is unknown and cannot retry implicitly (246ms)
  ✓  278 [chromium] › tests/components/settings-presentation.spec.ts:72:1 › Settings groups disclosed plugin Resources and uses the authorized patch path (762ms)
  ✓  280 [chromium] › tests/components/settings-presentation.spec.ts:120:1 › Settings exposes no group when discovery discloses no settings metadata (292ms)
  ✓  279 [chromium] › tests/components/shell-presentation.spec.ts:3:1 › mobile sidebar opens, selects a descriptor and returns space to the page (1.2s)
  ✓  282 [chromium] › tests/components/ui-follow-latest.spec.ts:22:1 › follow-latest preserves manual reading and supports explicit resume (252ms)
  ✓  283 [chromium] › tests/components/ui-follow-latest.spec.ts:48:1 › follow-latest uses actual frame and resized viewport without losing ownership (251ms)
  ✓  284 [chromium] › tests/components/ui-follow-latest.spec.ts:70:1 › disposal suppresses a queued automatic scroll in the real browser (174ms)
  ✓  281 [chromium] › tests/components/sortable-fields.spec.ts:10:1 › manual reorder keeps invalid duplicate row draft and blocks resource submission (982ms)
  ✓  285 [chromium] › tests/components/ui-follow-latest.spec.ts:90:1 › small manual upward movement requires explicit resume (188ms)
  ✓  287 [chromium] › tests/components/ui-follow-latest.spec.ts:123:1 › a larger viewport can clamp the position without disabling following (162ms)
  ✓  286 [chromium] › tests/components/sortable-fields.spec.ts:40:1 › keyboard drag submits only canonical values and retains duplicate identity (664ms)
  ✓  288 [chromium] › tests/components/work-presentation.spec.ts:79:1 › Work loads readable snapshots automatically and applies operator filters (624ms)
  ✓  290 [chromium] › tests/components/work-presentation.spec.ts:111:1 › Work inspector close preserves the exact recovery retry request (610ms)
  ✓  291 [chromium] › tests/components/work-presentation.spec.ts:144:1 › mobile Work details returns focus to the actual row opener (500ms)
  ✓  289 [chromium] › tests/components/sortable-fields.spec.ts:63:1 › pointer reorder keeps invalid drafts attached and removal clears row error (1.4s)
  ✓  292 [chromium] › tests/components/sortable-fields.spec.ts:98:1 › readonly and bounded lists expose no drag or mutation controls (203ms)
  ✓  293 [chromium] › tests/components/sortable-fields.spec.ts:114:1 › codec row draft survives pointer replacement without losing exact decimal source (1.4s)
  ✓  294 [chromium] › tests/components/sortable-fields.spec.ts:152:1 › action inputs use the same canonical list reorder (945ms)
  ✓  295 [chromium] › tests/components/sortable-fields.spec.ts:177:1 › filter candidates retain invalid row state after reorder (292ms)
  ✓  296 [chromium] › tests/components/sortable-fields.spec.ts:200:1 › touch handle reorders a duplicate row without serializing drag metadata (1.7s)
  ✓  297 [chromium] › tests/components/sortable-fields.spec.ts:252:1 › closing a keyboard drag releases the action and preserves the form candidate (832ms)
  ✓  298 [chromium] › tests/components/sortable-fields.spec.ts:279:1 › prototype-shaped map keys keep invalid drafts local to their editor (688ms)
  ✓  299 [chromium] › tests/components/sortable-fields.spec.ts:314:1 › labelled enum bulk append preserves duplicates and canonical ordered values (938ms)
  ✓  300 [chromium] › tests/components/sortable-fields.spec.ts:357:1 › bulk chooser cancellation emits nothing and unknown stored enum remains visible (1.2s)
  ✓  301 [chromium] › tests/components/sortable-fields.spec.ts:406:1 › action and filter reuse labelled enum bulk append with exact members (1.8s)
  ✓  302 [chromium] › tests/components/sortable-fields.spec.ts:464:1 › enum labels display across wrapped collections and unknown members stay exact (662ms)
  ✓  303 [chromium] › tests/components/sortable-fields.spec.ts:487:1 › renderer unregister lifecycle preserves newer inline registration and collections stay expanded (321ms)
  ✓  304 [chromium] › tests/components/sortable-fields.spec.ts:521:3 › closing and reopening entries retains invalid draft after dialog unmount (900ms)
  ✓  305 [chromium] › tests/components/sortable-fields.spec.ts:521:3 › closing and reopening amounts retains invalid draft after dialog unmount (847ms)
  ✓  306 [chromium] › tests/components/sortable-fields.spec.ts:521:3 › closing and reopening dictionary retains invalid draft after dialog unmount (812ms)

  1 skipped
  305 passed (1.9m)
