Lockfile is up to date, resolution step is skipped
Progress: resolved 1, reused 0, downloaded 0, added 0
Packages: +210
++++++++++++++++++++++++++++++++++++++++++++++++++++++++++++++++++++++++++++++++
Progress: resolved 210, reused 210, downloaded 0, added 210, done

dependencies:
+ @internationalized/date 3.12.4
+ @lucide/svelte 1.51.0
+ bits-ui 2.19.5
+ clsx 2.1.1
+ cn 0.3.3
+ embla-carousel-svelte 8.6.0
+ formsnap 2.0.1
+ layerchart 2.5.1
+ mode-watcher 1.1.0
+ paneforge 1.0.2
+ rom-ui 0.1.0-alpha.1
+ shadcn-svelte 1.7.0
+ svelte 5.57.1
+ svelte-dnd-action 0.9.80
+ svelte-sonner 1.2.1
+ sveltekit-superforms 2.31.0
+ tailwind-merge 3.7.0
+ tailwind-variants 3.3.1
+ tailwindcss 4.3.3
+ tw-animate-css 1.4.0
+ vaul-svelte 1.0.0-next.7

devDependencies:
+ @axe-core/playwright 4.13.0
+ @playwright/test 1.63.0
+ @sveltejs/vite-plugin-svelte 7.3.1
+ @tailwindcss/vite 4.3.3
+ @types/node 22.20.5
+ prettier 3.9.9
+ prettier-plugin-svelte 4.1.1
+ svelte-check 4.7.6
+ typescript 6.0.3
+ vite 8.3.2

Done in 941ms using pnpm v10.30.0
