TAP version 13
# Subtest: shared installation retains portable module IDs and exact licenses
ok 1 - shared installation retains portable module IDs and exact licenses
  ---
  duration_ms: 11.133626
  type: 'test'
  ...
# Subtest: shared installation still rejects missing licenses, changed identity and external modules
ok 2 - shared installation still rejects missing licenses, changed identity and external modules
  ---
  duration_ms: 6.362991
  type: 'test'
  ...
# Subtest: package links cannot extend the configured installation boundary
ok 3 - package links cannot extend the configured installation boundary
  ---
  duration_ms: 3.837963
  type: 'test'
  ...
# Subtest: emitted runtime ownership retains exact license and notice bytes without requiring SPDX
ok 4 - emitted runtime ownership retains exact license and notice bytes without requiring SPDX
  ---
  duration_ms: 2.579642
  type: 'test'
  ...
# Subtest: build refuses missing full license text, unknown virtual code, or an untrusted package owner
ok 5 - build refuses missing full license text, unknown virtual code, or an untrusted package owner
  ---
  duration_ms: 6.537813
  type: 'test'
  ...
# Subtest: asset admission fails closed on missing inventory, missing or changed notices, and uncovered JavaScript
ok 6 - asset admission fails closed on missing inventory, missing or changed notices, and uncovered JavaScript
  ---
  duration_ms: 3.181455
  type: 'test'
  ...
# Subtest: inventory rejects missing owner bindings and malformed notice metadata before admission
ok 7 - inventory rejects missing owner bindings and malformed notice metadata before admission
  ---
  duration_ms: 3.399881
  type: 'test'
  ...
# Subtest: distinct transformed module IDs preserve query suffixes in the emitted inventory
ok 8 - distinct transformed module IDs preserve query suffixes in the emitted inventory
  ---
  duration_ms: 2.064112
  type: 'test'
  ...
# Subtest: unclassified JavaScript assets cannot bypass emitted runtime provenance
ok 9 - unclassified JavaScript assets cannot bypass emitted runtime provenance
  ---
  duration_ms: 2.013957
  type: 'test'
  ...
# Subtest: copied responsive hook and imported CSS retain their actual owners
ok 10 - copied responsive hook and imported CSS retain their actual owners
  ---
  duration_ms: 4.256719
  type: 'test'
  ...
# Subtest: emitted SVAR modules retain the original MIT notice with their pinned source commit
ok 11 - emitted SVAR modules retain the original MIT notice with their pinned source commit
  ---
  duration_ms: 2.545888
  type: 'test'
  ...
# Subtest: inventory rejects emitted SVAR code stripped of its required owner
ok 12 - inventory rejects emitted SVAR code stripped of its required owner
  ---
  duration_ms: 2.305741
  type: 'test'
  ...
# Subtest: SVAR owner cannot silently change its source commit or retained license profile
ok 13 - SVAR owner cannot silently change its source commit or retained license profile
  ---
  duration_ms: 4.320911
  type: 'test'
  ...
# Subtest: runtime polyfill ownership resolves rolldown through the installed Vite dependency tree
ok 14 - runtime polyfill ownership resolves rolldown through the installed Vite dependency tree
  ---
  duration_ms: 2.24747
  type: 'test'
  ...
# Subtest: ROM UI styles retain their nested shadcn and animation owners
ok 15 - ROM UI styles retain their nested shadcn and animation owners
  ---
  duration_ms: 2.975714
  type: 'test'
  ...
1..15
# tests 15
# suites 0
# pass 15
# fail 0
# cancelled 0
# skipped 0
# todo 0
# duration_ms 108.230116
