[WebServer] (node:2545631) Warning: The 'NO_COLOR' env is ignored due to the 'FORCE_COLOR' env being set.
[WebServer] (Use `node --trace-warnings ...` to show where the warning was created)
[WebServer] (node:2545656) Warning: The 'NO_COLOR' env is ignored due to the 'FORCE_COLOR' env being set.
[WebServer] (Use `node --trace-warnings ...` to show where the warning was created)

Running 320 tests using 2 workers

(node:2545810) Warning: The 'NO_COLOR' env is ignored due to the 'FORCE_COLOR' env being set.
(Use `node --trace-warnings ...` to show where the warning was created)
(node:2545811) Warning: The 'NO_COLOR' env is ignored due to the 'FORCE_COLOR' env being set.
(Use `node --trace-warnings ...` to show where the warning was created)
  ✓    1 [webkit] › tests/components/application.spec.ts:9:1 › real SDK composes two metadata-driven pages; logout clears details (733ms)
  ✓    2 [webkit] › tests/components/attachments-ergonomics.spec.ts:166:1 › attachment selection uses right inspector and exact confirmation binding (865ms)
  ✓    3 [webkit] › tests/components/application.spec.ts:93:1 › real app reports unavailable session without simulated data (337ms)
  ✓    5 [webkit] › tests/components/application.spec.ts:106:1 › moving pages use native query anchors and previous refetches (585ms)
  ✓    4 [webkit] › tests/components/attachments-ergonomics.spec.ts:217:1 › lost reservation acknowledgement retains exact request and contents through inspector close (797ms)
  ✓    6 [webkit] › tests/components/attachments-ergonomics.spec.ts:263:1 › denied capability has explicit unavailable state and no successful empty list (526ms)
  ✓    7 [webkit] › tests/components/controls.spec.ts:7:1 › integer fields request a numeric mobile keyboard without losing exact input (628ms)
  ✓    8 [webkit] › tests/components/attachments-ergonomics.spec.ts:277:1 › mobile attachment details contain focus and return to selected row (798ms)
  ✓    9 [webkit] › tests/components/controls.spec.ts:19:1 › Resource references identify the target kind while accepting an exact ID (733ms)
  ✓   10 [webkit] › tests/components/attachments-ergonomics.spec.ts:311:1 › lost upload response retries identical bytes and prevents pending navigation (725ms)
  ✓   12 [webkit] › tests/components/attachments-ergonomics.spec.ts:345:1 › attachment list error stays distinct from empty success and can refresh (612ms)
  ✓   11 [webkit] › tests/components/controls.spec.ts:30:1 › Resource controls preserve integer, presence, boolean and nested edits (1.3s)
  ✓   13 [webkit] › tests/components/conversation-layout.spec.ts:9:3 › composer stays reachable with long messages and history at 1280x900 (466ms)
  ✓   15 [webkit] › tests/components/conversation-layout.spec.ts:9:3 › composer stays reachable with long messages and history at 390x844 (437ms)
  ✓   16 [webkit] › tests/components/conversation-layout.spec.ts:9:3 › composer stays reachable with long messages and history at 390x500 (419ms)
  ✓   17 [webkit] › tests/components/conversation-layout.spec.ts:36:1 › desktop expansion and viewport changes preserve raw draft node and focus (373ms)
  ✓   14 [webkit] › tests/components/controls.spec.ts:58:1 › same field hosts support custom codec, nested collections and generic action input (1.9s)
  ✓   18 [webkit] › tests/components/conversation-layout.spec.ts:73:1 › caller composer handles keyboard and IME without layout owning submission (440ms)
  ✓   19 [webkit] › tests/components/controls.spec.ts:82:1 › expanded action input describes submission rather than Resource saving (645ms)
  ✓   20 [webkit] › tests/components/conversation-layout.spec.ts:90:1 › caller follow-latest preserves manual scrolling and resumes explicitly (542ms)
  ✓   22 [webkit] › tests/components/conversation-layout.spec.ts:123:1 › layout remains reachable under reduced motion (314ms)
  ✓   21 [webkit] › tests/components/controls.spec.ts:91:1 › unsupported action stays visible, generic table selects, query emits values (800ms)
  ✓   23 [webkit] › tests/components/creation-recovery.spec.ts:47:1 › descriptor renewal keeps existing creation edits until explicit discard enables the current definition (1.1s)
  ✓   24 [webkit] › tests/components/controls.spec.ts:108:1 › keyboard controls and assembled accessibility (1.0s)
  ✓   25 [webkit] › tests/components/creation-recovery.spec.ts:94:1 › descriptor renewal preserves exact pending creation for explicit retry (761ms)
  ✓   26 [webkit] › tests/components/controls.spec.ts:118:1 › descriptor change retains an open draft and requires explicit reopen (1.3s)
  ✓   27 [webkit] › tests/components/creation-recovery.spec.ts:127:1 › pending creation disables row and page navigation without an uncaught rejection (933ms)
  ✓   28 [webkit] › tests/components/controls.spec.ts:166:1 › invalid field keeps keyboard focus and cannot submit until corrected (676ms)
  ✓   29 [webkit] › tests/components/creation-recovery.spec.ts:178:1 › confirmed creation after restart removes its original draft and closes the form (1.0s)
  ✓   30 [webkit] › tests/components/controls.spec.ts:192:1 › shared Select Checkbox and submit keyboard semantics preserve a boolean (453ms)
  ✓   31 [webkit] › tests/components/creation-recovery.spec.ts:229:1 › creation restores raw ID and accepted intent explicitly after reload without automatic dispatch (1.2s)
  ✓   32 [webkit] › tests/components/controls.spec.ts:212:1 › optional remove and empty string remain distinct from omitted fields (1.5s)
  ✓   33 [webkit] › tests/components/details-composition.spec.ts:4:1 › desktop details are a named nonmodal region with an independent focusable summary (373ms)
  ✓   35 [webkit] › tests/components/details-composition.spec.ts:18:1 › mobile details are modal, scroll long content, and Escape returns focus (586ms)
  ✓   36 [webkit] › tests/components/details-composition.spec.ts:32:1 › one mounted editor retains its raw draft through desktop and mobile transitions (390ms)
  ✓   34 [webkit] › tests/components/controls.spec.ts:233:1 › nested invalid input survives sibling edits and removal releases only its error (1.1s)
  ✓   37 [webkit] › tests/components/details-composition.spec.ts:49:3 › mobile close uses explicit fallback after Remove opening control (623ms)
  ✓   39 [webkit] › tests/components/details-composition.spec.ts:49:3 › mobile close uses explicit fallback after Disable opening control (576ms)
  ✓   38 [webkit] › tests/components/controls.spec.ts:254:1 › enum reference and prototype-shaped map keys use generic controls (1.9s)
  ✓   40 [webkit] › tests/components/details-composition.spec.ts:59:1 › active close control uses the host's changed label (722ms)
  ✓   41 [webkit] › tests/components/controls.spec.ts:274:1 › opaque input uses the shared strict lossless codec (475ms)
  ✓   42 [webkit] › tests/components/details-composition.spec.ts:69:1 › closing one mobile details lifetime retains another modal's body scroll lock (907ms)
  ✓   44 [webkit] › tests/components/details-composition.spec.ts:81:1 › reduced motion displays complete details without content animation (322ms)
  ✓   43 [webkit] › tests/components/controls.spec.ts:290:1 › sort field is independent from filter field (1.2s)
  ✓   45 [webkit] › tests/components/details.spec.ts:2:1 › selected Resource shows its current title as a direct editable field (489ms)
  ✓   46 [webkit] › tests/components/controls.spec.ts:304:1 › sort picker excludes collection fields but retains scalar fields (518ms)
  ✓   47 [webkit] › tests/components/details.spec.ts:27:1 › direct boolean control keeps false and becomes an explicit edit only when switched (533ms)
  ✓   49 [webkit] › tests/components/details.spec.ts:42:1 › mobile Resource editor uses the full viewport and a concise heading (539ms)
  ✓   50 [webkit] › tests/components/details.spec.ts:53:1 › live revision retains draft and disables stale submission until explicit reload (657ms)
  ✓   51 [webkit] › tests/components/details.spec.ts:88:1 › an open field popup cannot mutate a draft after a newer revision (498ms)
  ✓   52 [webkit] › tests/components/details.spec.ts:117:1 › stale Resource keeps collection details readable without reopening mutation (501ms)
  ✓   53 [webkit] › tests/components/direct-form.spec.ts:3:1 › current null and absent fields are distinct from an empty value (337ms)
  ✓   48 [webkit] › tests/components/controls.spec.ts:319:1 › wrapped custom codecs apply only to leaves; unknown leaves remain read-only (2.7s)
  ✓   54 [webkit] › tests/components/direct-form.spec.ts:14:1 › generic scalar fields fit label, control and actions in one mobile row (349ms)
  ✓   55 [webkit] › tests/components/controls.spec.ts:383:1 › query filters preserve wrapper provenance and edit only registered leaves (607ms)
  ✓   56 [webkit] › tests/components/direct-form.spec.ts:35:1 › choosing Set a value starts from the current value (763ms)
ROM_TABLE_FRAME {"engine":"webkit","rows":100,"columns":16,"cells_before":1600,"cells_after_clear":0,"navigation_to_visible_frame_ms":517,"clear_to_frame_ms":101,"api_requests":0,"scope":"Local descriptor-only browser fixture, warm asset cache, real generic ResourceTable and custom codec renderers. Navigation includes module execution and frame scheduling. DOM retention count, not heap reclamation or database/parser cost."}
  ✓   57 [webkit] › tests/components/controls.spec.ts:399:3 › finite generic table 100 row frame and DOM retention sample (973ms)
  ✓   58 [webkit] › tests/components/direct-form.spec.ts:53:1 › switching an invalid omitted field to a value resets its draft (875ms)
  ✓   60 [webkit] › tests/components/direct-form.spec.ts:72:1 › nested null differs from an empty value in an expanded list editor (793ms)
  ✓   61 [webkit] › tests/components/direct-form.spec.ts:105:1 › large collections remain readable when editing is bounded (388ms)
  ✓   62 [webkit] › tests/components/direct-form.spec.ts:118:1 › descriptor change keeps existing collection available for read-only inspection (417ms)
  ✓   63 [webkit] › tests/components/direct-form.spec.ts:133:1 › direct fields distinguish unchanged, false, zero, empty, null and removal (1.8s)
ROM_TABLE_FRAME {"engine":"webkit","rows":500,"columns":16,"cells_before":8000,"cells_after_clear":0,"navigation_to_visible_frame_ms":2064,"clear_to_frame_ms":1345,"api_requests":0,"scope":"Local descriptor-only browser fixture, warm asset cache, real generic ResourceTable and custom codec renderers. Navigation includes module execution and frame scheduling. DOM retention count, not heap reclamation or database/parser cost."}
  ✓   59 [webkit] › tests/components/controls.spec.ts:399:3 › finite generic table 500 row frame and DOM retention sample (3.8s)
  ✓   64 [webkit] › tests/components/filter-workspace.spec.ts:54:1 › compact actions keep their names and the inspector toggle stays on the right (529ms)
  ✓   65 [webkit] › tests/components/generic-presentation.spec.ts:7:1 › shared mode picker uses keyboard and keeps nullable operation controlled (905ms)
  ✓   66 [webkit] › tests/components/filter-workspace.spec.ts:111:1 › quick and full filters share draft without querying until Apply (1.0s)
  ✓   67 [webkit] › tests/components/generic-presentation.spec.ts:26:1 › shared query picker preserves independent sort selection and closes on Escape (710ms)
  ✓   69 [webkit] › tests/components/history-composition.spec.ts:5:1 › history titles stay readable and have full accessible names on narrow screens (333ms)
  ✓   70 [webkit] › tests/components/history-composition.spec.ts:24:1 › native keyboard activation calls the host and moves only its confirmed current marker (294ms)
  ✓   71 [webkit] › tests/components/history-composition.spec.ts:38:1 › history metadata and empty text follow a locale change (389ms)
  ✓   68 [webkit] › tests/components/filter-workspace.spec.ts:166:1 › Resource draft survives filter tab, Apply and mobile inspector lifecycle (1.2s)
  ✓   72 [webkit] › tests/components/history-composition.spec.ts:50:1 › uncertain writes and refused host navigation cannot optimistically change history (558ms)
  ✓   74 [webkit] › tests/components/history-composition.spec.ts:70:1 › pending failure is sanitized and its message reacts to locale changes (462ms)
  ✓   73 [webkit] › tests/components/filter-workspace.spec.ts:229:1 › invalid filter input survives popover close and switching editors (1.4s)
  ✓   75 [webkit] › tests/components/history-composition.spec.ts:98:1 › old-owner pending navigation cannot report a failure in the new scope (422ms)
  ✓   77 [webkit] › tests/components/history-composition.spec.ts:120:1 › NaN authority tokens do not strand pending navigation (427ms)
  ✓   76 [webkit] › tests/components/filter-workspace.spec.ts:292:1 › removing an earlier rule preserves the later rule's invalid draft (768ms)
  ✓   78 [webkit] › tests/components/login-ergonomics.spec.ts:3:1 › sign-in providers stay readable on narrow screens and preserve exact login route (351ms)
  ✓   80 [webkit] › tests/components/login-ergonomics.spec.ts:53:1 › unavailable session presents retry without exposing workspace values (365ms)
  ✓   79 [webkit] › tests/components/filter-workspace.spec.ts:328:1 › descriptor change permits explicit discard of an obsolete filter (772ms)
  ✓   81 [webkit] › tests/components/login-ergonomics.spec.ts:74:1 › primary provider auto-redirect retains explicit sign-in choice (433ms)
  ✓   83 [webkit] › tests/components/login-ergonomics.spec.ts:105:1 › expired session clears protected values and explains sign-in (444ms)
  ✓   82 [webkit] › tests/components/filter-workspace.spec.ts:360:1 › invalid input after an applied numeric filter is marked pending (754ms)
  ✓   84 [webkit] › tests/components/login-ergonomics.spec.ts:172:1 › expired authenticated response retains available provider sign-in (302ms)
  ✓   85 [webkit] › tests/components/presentation-ux.spec.ts:53:1 › generic Resource presentation separates human title, field label, and exact identity (522ms)
  ✓   86 [webkit] › tests/components/reference-composition.spec.ts:4:1 › selection callback authority rebind never associates the old label with the new owner (489ms)
  ✓   87 [webkit] › tests/components/presentation-ux.spec.ts:88:1 › mobile Resource details returns focus to the actual row opener (469ms)
  ✓   89 [webkit] › tests/components/reference-picker.spec.ts:7:1 › reference lookup is lazy and chooses an authorized title without changing exact identity or main navigation (463ms)
  ✓   88 [webkit] › tests/components/reference-composition.spec.ts:18:1 › host labels update while pending and readonly stops the pending request (1.1s)
  ✓   91 [webkit] › tests/components/reference-composition.spec.ts:44:1 › public picker selects with keyboard and preserves exact ID (383ms)
  ✓   90 [webkit] › tests/components/reference-picker.spec.ts:30:1 › debounced search filters bounded candidates and Escape restores focus (708ms)
  ✓   93 [webkit] › tests/components/reference-picker.spec.ts:68:1 › denied lookup preserves the exact ID fallback and never reports an empty successful search (382ms)
  ✓   94 [webkit] › tests/components/reference-picker.spec.ts:88:1 › withheld titles use the shared safe fallback and undisclosed kinds do not query (345ms)
  ✓   92 [webkit] › tests/components/reference-composition.spec.ts:62:1 › authority change aborts and fences uncooperative late response (1.3s)
  ✓   96 [webkit] › tests/components/reference-composition.spec.ts:82:3 › Deny response leaves manual exact ID entry available (343ms)
  ✓   95 [webkit] › tests/components/reference-picker.spec.ts:109:1 › session invalidation removes delayed and selected descriptions without erasing an exact ID (1.1s)
  ✓   97 [webkit] › tests/components/reference-composition.spec.ts:82:3 › Overflow response leaves manual exact ID entry available (352ms)
  ✓   98 [webkit] › tests/components/reference-picker.spec.ts:130:1 › without lookup context the supported reference stays an exact ID editor (297ms)
  ✓  100 [webkit] › tests/components/reference-picker.spec.ts:143:1 › the picker remains inside a narrow mobile viewport (345ms)
  ✓   99 [webkit] › tests/components/reference-composition.spec.ts:99:1 › nonempty search debounces and caps an opened flow at eight attempts (2.7s)
  ✓  102 [webkit] › tests/components/renderer-regressions.spec.ts:14:3 › generic display exposes visible text for Scalar text (261ms)
  ✓  101 [webkit] › tests/components/reference-picker.spec.ts:164:1 › search requests are capped per open picker while exact ID editing remains available (2.6s)
  ✓  103 [webkit] › tests/components/renderer-regressions.spec.ts:14:3 › generic display exposes visible text for Scalar zero (267ms)
  ✓  105 [webkit] › tests/components/renderer-regressions.spec.ts:14:3 › generic display exposes visible text for Scalar false (319ms)
  ✓  104 [webkit] › tests/components/reference-picker.spec.ts:197:1 › selected authorized descriptions disappear with the session while the exact ID stays intact (530ms)
  ✓  106 [webkit] › tests/components/renderer-regressions.spec.ts:14:3 › generic display exposes visible text for Explicit null (283ms)
  ✓  107 [webkit] › tests/components/reference-picker.spec.ts:215:1 › empty reference input reports the canonical field path without replacing the last value (310ms)
  ✓  108 [webkit] › tests/components/renderer-regressions.spec.ts:14:3 › generic display exposes visible text for Missing optional (290ms)
  ✓  110 [webkit] › tests/components/renderer-regressions.spec.ts:14:3 › generic display exposes visible text for Empty codec list (288ms)
  ✓  109 [webkit] › tests/components/reference-picker.spec.ts:224:1 › a denied relookup retires the previously selected title and preserves the ID (568ms)
  ✓  111 [webkit] › tests/components/renderer-regressions.spec.ts:14:3 › generic display exposes visible text for Empty codec map (273ms)
  ✓  112 [webkit] › tests/components/right-inspector.spec.ts:3:1 › right inspector toggles by keyboard and preserves filter drafts (467ms)
  ✓  113 [webkit] › tests/components/renderer-regressions.spec.ts:40:1 › mobile nested Select remains usable after scrolling its Sheet (755ms)
  ✓  114 [webkit] › tests/components/right-inspector.spec.ts:52:1 › right mobile Sheet restores toggle focus and preserves Resource draft across resize (467ms)
  ✓  116 [webkit] › tests/components/selection-layout-composition.spec.ts:3:1 › native cards support keyboard multi-selection and sibling actions do not toggle (298ms)
  ✓  115 [webkit] › tests/components/renderer-regressions.spec.ts:76:1 › mobile nested Select dismisses by ordinary outside click without closing its Sheet (713ms)
  ✓  117 [webkit] › tests/components/selection-layout-composition.spec.ts:32:3 › layout commands preserve host identity and bounds at 1280 (337ms)
  ✓  119 [webkit] › tests/components/selection-layout-composition.spec.ts:32:3 › layout commands preserve host identity and bounds at 390 (370ms)
  ✓  118 [webkit] › tests/components/renderer-regressions.spec.ts:103:1 › mobile Escape dismisses Select before Sheet and restores toolbar focus (594ms)
  ✓  120 [webkit] › tests/components/selection-layout-composition.spec.ts:78:3 › Reject commands is sanitized and never changes confirmed selection/layout (370ms)
  ✓  121 [webkit] › tests/components/semantic-fields.spec.ts:3:1 › standard fields provide shared compact controls without application renderers (406ms)
  ✓  122 [webkit] › tests/components/selection-layout-composition.spec.ts:100:1 › unknown outcomes hold barriers until explicit host recovery and messages follow locale (458ms)
  ✓  123 [webkit] › tests/components/semantic-fields.spec.ts:42:1 › invalid semantic drafts block submission and retain the user's exact input (346ms)
  ✓  124 [webkit] › tests/components/selection-layout-composition.spec.ts:133:1 › scope change fences held callback failures and NaN token settles normally (511ms)
  ✓  125 [webkit] › tests/components/semantic-fields.spec.ts:67:1 › expanded document preserves numeric tokens and multiline source (555ms)
  ✓  126 [webkit] › tests/components/selection-layout-composition.spec.ts:164:1 › disabled host controls cannot dispatch (295ms)
  ✓  128 [webkit] › tests/components/selection-layout-composition.spec.ts:181:1 › disabling during a held callback does not strand the command after reenable (402ms)
  ✓  127 [webkit] › tests/components/semantic-fields.spec.ts:101:1 › read-only semantic details expose the complete exact value (565ms)
  ✓  130 [webkit] › tests/components/semantic-fields.spec.ts:120:1 › compact measurement keeps its magnitude visible beside the unit (343ms)
  ✓  129 [webkit] › tests/components/selection-layout-composition.spec.ts:202:1 › layout callback is fenced across authority change and corrupt layout never falls back (450ms)
  ✓  132 [webkit] › tests/components/selection-layout-composition.spec.ts:231:1 › lost acknowledgement after host work is unknown and cannot retry implicitly (417ms)
  ✓  131 [webkit] › tests/components/settings-presentation.spec.ts:72:1 › Settings groups disclosed plugin Resources and uses the authorized patch path (837ms)
  ✓  134 [webkit] › tests/components/settings-presentation.spec.ts:120:1 › Settings exposes no group when discovery discloses no settings metadata (415ms)
  ✓  133 [webkit] › tests/components/shell-presentation.spec.ts:3:1 › mobile sidebar opens, selects a descriptor and returns space to the page (1.4s)
  ✓  136 [webkit] › tests/components/ui-follow-latest.spec.ts:22:1 › follow-latest preserves manual reading and supports explicit resume (368ms)
  ✓  135 [webkit] › tests/components/sortable-fields.spec.ts:10:1 › manual reorder keeps invalid duplicate row draft and blocks resource submission (1.2s)
  ✓  137 [webkit] › tests/components/ui-follow-latest.spec.ts:48:1 › follow-latest uses actual frame and resized viewport without losing ownership (376ms)
  ✓  139 [webkit] › tests/components/ui-follow-latest.spec.ts:70:1 › disposal suppresses a queued automatic scroll in the real browser (313ms)
  ✓  138 [webkit] › tests/components/sortable-fields.spec.ts:40:1 › keyboard drag submits only canonical values and retains duplicate identity (727ms)
  ✓  140 [webkit] › tests/components/ui-follow-latest.spec.ts:90:1 › small manual upward movement requires explicit resume (296ms)
  ✓  142 [webkit] › tests/components/ui-follow-latest.spec.ts:123:1 › a larger viewport can clamp the position without disabling following (288ms)
  ✓  143 [webkit] › tests/components/work-presentation.spec.ts:79:1 › Work loads readable snapshots automatically and applies operator filters (572ms)
  ✓  141 [webkit] › tests/components/sortable-fields.spec.ts:63:1 › pointer reorder keeps invalid drafts attached and removal clears row error (1.2s)
  ✓  145 [webkit] › tests/components/sortable-fields.spec.ts:98:1 › readonly and bounded lists expose no drag or mutation controls (341ms)
  ✓  144 [webkit] › tests/components/work-presentation.spec.ts:111:1 › Work inspector close preserves the exact recovery retry request (693ms)
  ✓  147 [webkit] › tests/components/work-presentation.spec.ts:144:1 › mobile Work details returns focus to the actual row opener (520ms)
(node:2560566) Warning: The 'NO_COLOR' env is ignored due to the 'FORCE_COLOR' env being set.
(Use `node --trace-warnings ...` to show where the warning was created)
  ✓  146 [webkit] › tests/components/sortable-fields.spec.ts:114:1 › codec row draft survives pointer replacement without losing exact decimal source (1.2s)
  ✓  148 [chromium] › tests/components/application.spec.ts:9:1 › real SDK composes two metadata-driven pages; logout clears details (691ms)
  ✓  150 [chromium] › tests/components/application.spec.ts:93:1 › real app reports unavailable session without simulated data (307ms)
  ✓  149 [webkit] › tests/components/sortable-fields.spec.ts:152:1 › action inputs use the same canonical list reorder (1.5s)
  ✓  151 [chromium] › tests/components/application.spec.ts:106:1 › moving pages use native query anchors and previous refetches (800ms)
  ✓  152 [webkit] › tests/components/sortable-fields.spec.ts:177:1 › filter candidates retain invalid row state after reorder (1.2s)
  ✓  153 [chromium] › tests/components/attachments-ergonomics.spec.ts:166:1 › attachment selection uses right inspector and exact confirmation binding (1.2s)
  -  154 [webkit] › tests/components/sortable-fields.spec.ts:200:1 › touch handle reorders a duplicate row without serializing drag metadata
  ✓  155 [chromium] › tests/components/attachments-ergonomics.spec.ts:217:1 › lost reservation acknowledgement retains exact request and contents through inspector close (1.1s)
  ✓  157 [chromium] › tests/components/attachments-ergonomics.spec.ts:263:1 › denied capability has explicit unavailable state and no successful empty list (440ms)
  ✓  156 [webkit] › tests/components/sortable-fields.spec.ts:252:1 › closing a keyboard drag releases the action and preserves the form candidate (1.7s)
  ✓  158 [chromium] › tests/components/attachments-ergonomics.spec.ts:277:1 › mobile attachment details contain focus and return to selected row (679ms)
  ✓  159 [webkit] › tests/components/sortable-fields.spec.ts:279:1 › prototype-shaped map keys keep invalid drafts local to their editor (1.2s)
  ✓  160 [chromium] › tests/components/attachments-ergonomics.spec.ts:311:1 › lost upload response retries identical bytes and prevents pending navigation (951ms)
  ✓  162 [chromium] › tests/components/attachments-ergonomics.spec.ts:345:1 › attachment list error stays distinct from empty success and can refresh (778ms)
  ✓  161 [webkit] › tests/components/sortable-fields.spec.ts:314:1 › labelled enum bulk append preserves duplicates and canonical ordered values (1.8s)
  ✓  163 [chromium] › tests/components/controls.spec.ts:7:1 › integer fields request a numeric mobile keyboard without losing exact input (739ms)
  ✓  165 [chromium] › tests/components/controls.spec.ts:19:1 › Resource references identify the target kind while accepting an exact ID (782ms)
  ✓  164 [webkit] › tests/components/sortable-fields.spec.ts:357:1 › bulk chooser cancellation emits nothing and unknown stored enum remains visible (2.0s)
  ✓  166 [chromium] › tests/components/controls.spec.ts:30:1 › Resource controls preserve integer, presence, boolean and nested edits (1.3s)
  ✓  168 [chromium] › tests/components/controls.spec.ts:58:1 › same field hosts support custom codec, nested collections and generic action input (2.0s)
  ✓  167 [webkit] › tests/components/sortable-fields.spec.ts:406:1 › action and filter reuse labelled enum bulk append with exact members (2.9s)
  ✓  169 [chromium] › tests/components/controls.spec.ts:82:1 › expanded action input describes submission rather than Resource saving (836ms)
  ✓  171 [chromium] › tests/components/controls.spec.ts:91:1 › unsupported action stays visible, generic table selects, query emits values (874ms)
  ✓  170 [webkit] › tests/components/sortable-fields.spec.ts:464:1 › enum labels display across wrapped collections and unknown members stay exact (1.2s)
  ✓  173 [webkit] › tests/components/sortable-fields.spec.ts:487:1 › renderer unregister lifecycle preserves newer inline registration and collections stay expanded (1.0s)
  ✓  172 [chromium] › tests/components/controls.spec.ts:108:1 › keyboard controls and assembled accessibility (1.6s)
  ✓  175 [chromium] › tests/components/controls.spec.ts:118:1 › descriptor change retains an open draft and requires explicit reopen (1.4s)
  ✓  174 [webkit] › tests/components/sortable-fields.spec.ts:521:3 › closing and reopening entries retains invalid draft after dialog unmount (1.9s)
  ✓  176 [chromium] › tests/components/controls.spec.ts:166:1 › invalid field keeps keyboard focus and cannot submit until corrected (929ms)
  ✓  178 [chromium] › tests/components/controls.spec.ts:192:1 › shared Select Checkbox and submit keyboard semantics preserve a boolean (608ms)
  ✓  177 [webkit] › tests/components/sortable-fields.spec.ts:521:3 › closing and reopening amounts retains invalid draft after dialog unmount (2.0s)
  ✓  179 [chromium] › tests/components/controls.spec.ts:212:1 › optional remove and empty string remain distinct from omitted fields (1.3s)
  ✓  180 [webkit] › tests/components/sortable-fields.spec.ts:521:3 › closing and reopening dictionary retains invalid draft after dialog unmount (1.7s)
  ✓  181 [chromium] › tests/components/controls.spec.ts:233:1 › nested invalid input survives sibling edits and removal releases only its error (1.3s)
(node:2571220) Warning: The 'NO_COLOR' env is ignored due to the 'FORCE_COLOR' env being set.
(Use `node --trace-warnings ...` to show where the warning was created)
  ✓  183 [chromium] › tests/components/conversation-layout.spec.ts:9:3 › composer stays reachable with long messages and history at 1280x900 (327ms)
  ✓  184 [chromium] › tests/components/conversation-layout.spec.ts:9:3 › composer stays reachable with long messages and history at 390x844 (230ms)
  ✓  185 [chromium] › tests/components/conversation-layout.spec.ts:9:3 › composer stays reachable with long messages and history at 390x500 (282ms)
  ✓  182 [chromium] › tests/components/controls.spec.ts:254:1 › enum reference and prototype-shaped map keys use generic controls (1.5s)
  ✓  186 [chromium] › tests/components/conversation-layout.spec.ts:36:1 › desktop expansion and viewport changes preserve raw draft node and focus (272ms)
  ✓  187 [chromium] › tests/components/controls.spec.ts:274:1 › opaque input uses the shared strict lossless codec (328ms)
  ✓  188 [chromium] › tests/components/conversation-layout.spec.ts:73:1 › caller composer handles keyboard and IME without layout owning submission (262ms)
  ✓  190 [chromium] › tests/components/conversation-layout.spec.ts:90:1 › caller follow-latest preserves manual scrolling and resumes explicitly (367ms)
  ✓  191 [chromium] › tests/components/conversation-layout.spec.ts:123:1 › layout remains reachable under reduced motion (210ms)
  ✓  189 [chromium] › tests/components/controls.spec.ts:290:1 › sort field is independent from filter field (911ms)
  ✓  193 [chromium] › tests/components/controls.spec.ts:304:1 › sort picker excludes collection fields but retains scalar fields (288ms)
  ✓  192 [chromium] › tests/components/creation-recovery.spec.ts:47:1 › descriptor renewal keeps existing creation edits until explicit discard enables the current definition (1.0s)
  ✓  195 [chromium] › tests/components/creation-recovery.spec.ts:94:1 › descriptor renewal preserves exact pending creation for explicit retry (480ms)
  ✓  196 [chromium] › tests/components/creation-recovery.spec.ts:127:1 › pending creation disables row and page navigation without an uncaught rejection (598ms)
  ✓  197 [chromium] › tests/components/creation-recovery.spec.ts:178:1 › confirmed creation after restart removes its original draft and closes the form (713ms)
  ✓  194 [chromium] › tests/components/controls.spec.ts:319:1 › wrapped custom codecs apply only to leaves; unknown leaves remain read-only (2.5s)
  ✓  199 [chromium] › tests/components/controls.spec.ts:383:1 › query filters preserve wrapper provenance and edit only registered leaves (509ms)
  ✓  198 [chromium] › tests/components/creation-recovery.spec.ts:229:1 › creation restores raw ID and accepted intent explicitly after reload without automatic dispatch (879ms)
  ✓  201 [chromium] › tests/components/details-composition.spec.ts:4:1 › desktop details are a named nonmodal region with an independent focusable summary (253ms)
ROM_TABLE_FRAME {"engine":"chromium","rows":100,"columns":16,"cells_before":1600,"cells_after_clear":0,"navigation_to_visible_frame_ms":453.2999999523163,"clear_to_frame_ms":138.39999997615814,"api_requests":0,"scope":"Local descriptor-only browser fixture, warm asset cache, real generic ResourceTable and custom codec renderers. Navigation includes module execution and frame scheduling. DOM retention count, not heap reclamation or database/parser cost."}
  ✓  200 [chromium] › tests/components/controls.spec.ts:399:3 › finite generic table 100 row frame and DOM retention sample (850ms)
  ✓  202 [chromium] › tests/components/details-composition.spec.ts:18:1 › mobile details are modal, scroll long content, and Escape returns focus (712ms)
  ✓  204 [chromium] › tests/components/details-composition.spec.ts:32:1 › one mounted editor retains its raw draft through desktop and mobile transitions (239ms)
  ✓  205 [chromium] › tests/components/details-composition.spec.ts:49:3 › mobile close uses explicit fallback after Remove opening control (431ms)
ROM_TABLE_FRAME {"engine":"chromium","rows":500,"columns":16,"cells_before":8000,"cells_after_clear":0,"navigation_to_visible_frame_ms":951.8999999761581,"clear_to_frame_ms":111.5,"api_requests":0,"scope":"Local descriptor-only browser fixture, warm asset cache, real generic ResourceTable and custom codec renderers. Navigation includes module execution and frame scheduling. DOM retention count, not heap reclamation or database/parser cost."}
  ✓  203 [chromium] › tests/components/controls.spec.ts:399:3 › finite generic table 500 row frame and DOM retention sample (1.3s)
  ✓  206 [chromium] › tests/components/details-composition.spec.ts:49:3 › mobile close uses explicit fallback after Disable opening control (431ms)
  ✓  207 [chromium] › tests/components/details.spec.ts:2:1 › selected Resource shows its current title as a direct editable field (196ms)
  ✓  209 [chromium] › tests/components/details.spec.ts:27:1 › direct boolean control keeps false and becomes an explicit edit only when switched (235ms)
  ✓  208 [chromium] › tests/components/details-composition.spec.ts:59:1 › active close control uses the host's changed label (456ms)
  ✓  210 [chromium] › tests/components/details.spec.ts:42:1 › mobile Resource editor uses the full viewport and a concise heading (238ms)
  ✓  212 [chromium] › tests/components/details.spec.ts:53:1 › live revision retains draft and disables stale submission until explicit reload (444ms)
  ✓  211 [chromium] › tests/components/details-composition.spec.ts:69:1 › closing one mobile details lifetime retains another modal's body scroll lock (659ms)
  ✓  214 [chromium] › tests/components/details-composition.spec.ts:81:1 › reduced motion displays complete details without content animation (198ms)
  ✓  213 [chromium] › tests/components/details.spec.ts:88:1 › an open field popup cannot mutate a draft after a newer revision (291ms)
  ✓  215 [chromium] › tests/components/direct-form.spec.ts:3:1 › current null and absent fields are distinct from an empty value (165ms)
  ✓  216 [chromium] › tests/components/details.spec.ts:117:1 › stale Resource keeps collection details readable without reopening mutation (321ms)
  ✓  217 [chromium] › tests/components/direct-form.spec.ts:14:1 › generic scalar fields fit label, control and actions in one mobile row (167ms)
  ✓  219 [chromium] › tests/components/filter-workspace.spec.ts:54:1 › compact actions keep their names and the inspector toggle stays on the right (312ms)
  ✓  218 [chromium] › tests/components/direct-form.spec.ts:35:1 › choosing Set a value starts from the current value (579ms)
  ✓  220 [chromium] › tests/components/filter-workspace.spec.ts:111:1 › quick and full filters share draft without querying until Apply (937ms)
  ✓  221 [chromium] › tests/components/direct-form.spec.ts:53:1 › switching an invalid omitted field to a value resets its draft (761ms)
  ✓  223 [chromium] › tests/components/direct-form.spec.ts:72:1 › nested null differs from an empty value in an expanded list editor (588ms)
  ✓  224 [chromium] › tests/components/direct-form.spec.ts:105:1 › large collections remain readable when editing is bounded (192ms)
  ✓  222 [chromium] › tests/components/filter-workspace.spec.ts:166:1 › Resource draft survives filter tab, Apply and mobile inspector lifecycle (924ms)
  ✓  225 [chromium] › tests/components/direct-form.spec.ts:118:1 › descriptor change keeps existing collection available for read-only inspection (219ms)
  ✓  226 [chromium] › tests/components/filter-workspace.spec.ts:229:1 › invalid filter input survives popover close and switching editors (974ms)
  ✓  228 [chromium] › tests/components/filter-workspace.spec.ts:292:1 › removing an earlier rule preserves the later rule's invalid draft (517ms)
  ✓  227 [chromium] › tests/components/direct-form.spec.ts:133:1 › direct fields distinguish unchanged, false, zero, empty, null and removal (1.4s)
  ✓  230 [chromium] › tests/components/generic-presentation.spec.ts:7:1 › shared mode picker uses keyboard and keeps nullable operation controlled (440ms)
  ✓  229 [chromium] › tests/components/filter-workspace.spec.ts:328:1 › descriptor change permits explicit discard of an obsolete filter (506ms)
  ✓  231 [chromium] › tests/components/generic-presentation.spec.ts:26:1 › shared query picker preserves independent sort selection and closes on Escape (491ms)
  ✓  232 [chromium] › tests/components/filter-workspace.spec.ts:360:1 › invalid input after an applied numeric filter is marked pending (504ms)
  ✓  233 [chromium] › tests/components/history-composition.spec.ts:5:1 › history titles stay readable and have full accessible names on narrow screens (130ms)
  ✓  234 [chromium] › tests/components/login-ergonomics.spec.ts:3:1 › sign-in providers stay readable on narrow screens and preserve exact login route (161ms)
  ✓  235 [chromium] › tests/components/history-composition.spec.ts:24:1 › native keyboard activation calls the host and moves only its confirmed current marker (131ms)
  ✓  236 [chromium] › tests/components/login-ergonomics.spec.ts:53:1 › unavailable session presents retry without exposing workspace values (173ms)
  ✓  237 [chromium] › tests/components/history-composition.spec.ts:38:1 › history metadata and empty text follow a locale change (196ms)
  ✓  238 [chromium] › tests/components/login-ergonomics.spec.ts:74:1 › primary provider auto-redirect retains explicit sign-in choice (225ms)
  ✓  239 [chromium] › tests/components/history-composition.spec.ts:50:1 › uncertain writes and refused host navigation cannot optimistically change history (228ms)
  ✓  240 [chromium] › tests/components/login-ergonomics.spec.ts:105:1 › expired session clears protected values and explains sign-in (258ms)
  ✓  241 [chromium] › tests/components/history-composition.spec.ts:70:1 › pending failure is sanitized and its message reacts to locale changes (256ms)
  ✓  242 [chromium] › tests/components/login-ergonomics.spec.ts:172:1 › expired authenticated response retains available provider sign-in (134ms)
  ✓  243 [chromium] › tests/components/history-composition.spec.ts:98:1 › old-owner pending navigation cannot report a failure in the new scope (263ms)
  ✓  244 [chromium] › tests/components/presentation-ux.spec.ts:53:1 › generic Resource presentation separates human title, field label, and exact identity (390ms)
  ✓  245 [chromium] › tests/components/history-composition.spec.ts:120:1 › NaN authority tokens do not strand pending navigation (277ms)
  ✓  246 [chromium] › tests/components/presentation-ux.spec.ts:88:1 › mobile Resource details returns focus to the actual row opener (359ms)
  ✓  247 [chromium] › tests/components/reference-composition.spec.ts:4:1 › selection callback authority rebind never associates the old label with the new owner (418ms)
  ✓  248 [chromium] › tests/components/reference-picker.spec.ts:7:1 › reference lookup is lazy and chooses an authorized title without changing exact identity or main navigation (309ms)
  ✓  250 [chromium] › tests/components/reference-picker.spec.ts:30:1 › debounced search filters bounded candidates and Escape restores focus (544ms)
  ✓  251 [chromium] › tests/components/reference-picker.spec.ts:68:1 › denied lookup preserves the exact ID fallback and never reports an empty successful search (220ms)
  ✓  249 [chromium] › tests/components/reference-composition.spec.ts:18:1 › host labels update while pending and readonly stops the pending request (973ms)
  ✓  252 [chromium] › tests/components/reference-picker.spec.ts:88:1 › withheld titles use the shared safe fallback and undisclosed kinds do not query (195ms)
  ✓  253 [chromium] › tests/components/reference-composition.spec.ts:44:1 › public picker selects with keyboard and preserves exact ID (233ms)
  ✓  254 [chromium] › tests/components/reference-picker.spec.ts:109:1 › session invalidation removes delayed and selected descriptions without erasing an exact ID (953ms)
  ✓  256 [chromium] › tests/components/reference-picker.spec.ts:130:1 › without lookup context the supported reference stays an exact ID editor (123ms)
  ✓  255 [chromium] › tests/components/reference-composition.spec.ts:62:1 › authority change aborts and fences uncooperative late response (1.1s)
  ✓  257 [chromium] › tests/components/reference-picker.spec.ts:143:1 › the picker remains inside a narrow mobile viewport (210ms)
  ✓  258 [chromium] › tests/components/reference-composition.spec.ts:82:3 › Deny response leaves manual exact ID entry available (239ms)
  ✓  260 [chromium] › tests/components/reference-composition.spec.ts:82:3 › Overflow response leaves manual exact ID entry available (214ms)
  ✓  259 [chromium] › tests/components/reference-picker.spec.ts:164:1 › search requests are capped per open picker while exact ID editing remains available (2.5s)
  ✓  262 [chromium] › tests/components/reference-picker.spec.ts:197:1 › selected authorized descriptions disappear with the session while the exact ID stays intact (333ms)
  ✓  261 [chromium] › tests/components/reference-composition.spec.ts:99:1 › nonempty search debounces and caps an opened flow at eight attempts (2.5s)
  ✓  263 [chromium] › tests/components/reference-picker.spec.ts:215:1 › empty reference input reports the canonical field path without replacing the last value (134ms)
  ✓  264 [chromium] › tests/components/renderer-regressions.spec.ts:14:3 › generic display exposes visible text for Scalar text (139ms)
  ✓  266 [chromium] › tests/components/renderer-regressions.spec.ts:14:3 › generic display exposes visible text for Scalar zero (131ms)
  ✓  267 [chromium] › tests/components/renderer-regressions.spec.ts:14:3 › generic display exposes visible text for Scalar false (127ms)
  ✓  265 [chromium] › tests/components/reference-picker.spec.ts:224:1 › a denied relookup retires the previously selected title and preserves the ID (418ms)
  ✓  268 [chromium] › tests/components/renderer-regressions.spec.ts:14:3 › generic display exposes visible text for Explicit null (133ms)
  ✓  270 [chromium] › tests/components/renderer-regressions.spec.ts:14:3 › generic display exposes visible text for Missing optional (143ms)
  ✓  269 [chromium] › tests/components/right-inspector.spec.ts:3:1 › right inspector toggles by keyboard and preserves filter drafts (275ms)
  ✓  271 [chromium] › tests/components/renderer-regressions.spec.ts:14:3 › generic display exposes visible text for Empty codec list (133ms)
  ✓  273 [chromium] › tests/components/renderer-regressions.spec.ts:14:3 › generic display exposes visible text for Empty codec map (127ms)
  ✓  272 [chromium] › tests/components/right-inspector.spec.ts:52:1 › right mobile Sheet restores toggle focus and preserves Resource draft across resize (316ms)
  ✓  275 [chromium] › tests/components/selection-layout-composition.spec.ts:3:1 › native cards support keyboard multi-selection and sibling actions do not toggle (168ms)
  ✓  276 [chromium] › tests/components/selection-layout-composition.spec.ts:32:3 › layout commands preserve host identity and bounds at 1280 (228ms)
  ✓  274 [chromium] › tests/components/renderer-regressions.spec.ts:40:1 › mobile nested Select remains usable after scrolling its Sheet (588ms)
  ✓  277 [chromium] › tests/components/selection-layout-composition.spec.ts:32:3 › layout commands preserve host identity and bounds at 390 (244ms)
  ✓  279 [chromium] › tests/components/selection-layout-composition.spec.ts:78:3 › Reject commands is sanitized and never changes confirmed selection/layout (209ms)
  ✓  278 [chromium] › tests/components/renderer-regressions.spec.ts:76:1 › mobile nested Select dismisses by ordinary outside click without closing its Sheet (554ms)
  ✓  280 [chromium] › tests/components/selection-layout-composition.spec.ts:100:1 › unknown outcomes hold barriers until explicit host recovery and messages follow locale (309ms)
  ✓  281 [chromium] › tests/components/renderer-regressions.spec.ts:103:1 › mobile Escape dismisses Select before Sheet and restores toolbar focus (440ms)
  ✓  282 [chromium] › tests/components/selection-layout-composition.spec.ts:133:1 › scope change fences held callback failures and NaN token settles normally (373ms)
  ✓  284 [chromium] › tests/components/selection-layout-composition.spec.ts:164:1 › disabled host controls cannot dispatch (150ms)
  ✓  283 [chromium] › tests/components/semantic-fields.spec.ts:3:1 › standard fields provide shared compact controls without application renderers (281ms)
  ✓  286 [chromium] › tests/components/semantic-fields.spec.ts:42:1 › invalid semantic drafts block submission and retain the user's exact input (217ms)
  ✓  285 [chromium] › tests/components/selection-layout-composition.spec.ts:181:1 › disabling during a held callback does not strand the command after reenable (309ms)
  ✓  288 [chromium] › tests/components/selection-layout-composition.spec.ts:202:1 › layout callback is fenced across authority change and corrupt layout never falls back (307ms)
  ✓  287 [chromium] › tests/components/semantic-fields.spec.ts:67:1 › expanded document preserves numeric tokens and multiline source (446ms)
  ✓  289 [chromium] › tests/components/selection-layout-composition.spec.ts:231:1 › lost acknowledgement after host work is unknown and cannot retry implicitly (231ms)
  ✓  290 [chromium] › tests/components/semantic-fields.spec.ts:101:1 › read-only semantic details expose the complete exact value (408ms)
  ✓  292 [chromium] › tests/components/semantic-fields.spec.ts:120:1 › compact measurement keeps its magnitude visible beside the unit (176ms)
  ✓  291 [chromium] › tests/components/settings-presentation.spec.ts:72:1 › Settings groups disclosed plugin Resources and uses the authorized patch path (606ms)
  ✓  294 [chromium] › tests/components/settings-presentation.spec.ts:120:1 › Settings exposes no group when discovery discloses no settings metadata (245ms)
  ✓  293 [chromium] › tests/components/shell-presentation.spec.ts:3:1 › mobile sidebar opens, selects a descriptor and returns space to the page (1.2s)
  ✓  295 [chromium] › tests/components/sortable-fields.spec.ts:10:1 › manual reorder keeps invalid duplicate row draft and blocks resource submission (797ms)
  ✓  296 [chromium] › tests/components/ui-follow-latest.spec.ts:22:1 › follow-latest preserves manual reading and supports explicit resume (227ms)
  ✓  297 [chromium] › tests/components/sortable-fields.spec.ts:40:1 › keyboard drag submits only canonical values and retains duplicate identity (483ms)
  ✓  298 [chromium] › tests/components/ui-follow-latest.spec.ts:48:1 › follow-latest uses actual frame and resized viewport without losing ownership (331ms)
  ✓  300 [chromium] › tests/components/ui-follow-latest.spec.ts:70:1 › disposal suppresses a queued automatic scroll in the real browser (142ms)
  ✓  301 [chromium] › tests/components/ui-follow-latest.spec.ts:90:1 › small manual upward movement requires explicit resume (154ms)
  ✓  302 [chromium] › tests/components/ui-follow-latest.spec.ts:123:1 › a larger viewport can clamp the position without disabling following (105ms)
  ✓  303 [chromium] › tests/components/work-presentation.spec.ts:79:1 › Work loads readable snapshots automatically and applies operator filters (423ms)
  ✓  299 [chromium] › tests/components/sortable-fields.spec.ts:63:1 › pointer reorder keeps invalid drafts attached and removal clears row error (1.3s)
  ✓  305 [chromium] › tests/components/sortable-fields.spec.ts:98:1 › readonly and bounded lists expose no drag or mutation controls (177ms)
  ✓  304 [chromium] › tests/components/work-presentation.spec.ts:111:1 › Work inspector close preserves the exact recovery retry request (564ms)
  ✓  307 [chromium] › tests/components/work-presentation.spec.ts:144:1 › mobile Work details returns focus to the actual row opener (361ms)
  ✓  306 [chromium] › tests/components/sortable-fields.spec.ts:114:1 › codec row draft survives pointer replacement without losing exact decimal source (1.2s)
  ✓  308 [chromium] › tests/components/sortable-fields.spec.ts:152:1 › action inputs use the same canonical list reorder (911ms)
  ✓  309 [chromium] › tests/components/sortable-fields.spec.ts:177:1 › filter candidates retain invalid row state after reorder (276ms)
  ✓  310 [chromium] › tests/components/sortable-fields.spec.ts:200:1 › touch handle reorders a duplicate row without serializing drag metadata (1.8s)
  ✓  311 [chromium] › tests/components/sortable-fields.spec.ts:252:1 › closing a keyboard drag releases the action and preserves the form candidate (844ms)
  ✓  312 [chromium] › tests/components/sortable-fields.spec.ts:279:1 › prototype-shaped map keys keep invalid drafts local to their editor (494ms)
  ✓  313 [chromium] › tests/components/sortable-fields.spec.ts:314:1 › labelled enum bulk append preserves duplicates and canonical ordered values (776ms)
  ✓  314 [chromium] › tests/components/sortable-fields.spec.ts:357:1 › bulk chooser cancellation emits nothing and unknown stored enum remains visible (826ms)
  ✓  315 [chromium] › tests/components/sortable-fields.spec.ts:406:1 › action and filter reuse labelled enum bulk append with exact members (1.6s)
  ✓  316 [chromium] › tests/components/sortable-fields.spec.ts:464:1 › enum labels display across wrapped collections and unknown members stay exact (365ms)
  ✓  317 [chromium] › tests/components/sortable-fields.spec.ts:487:1 › renderer unregister lifecycle preserves newer inline registration and collections stay expanded (209ms)
  ✓  318 [chromium] › tests/components/sortable-fields.spec.ts:521:3 › closing and reopening entries retains invalid draft after dialog unmount (808ms)
  ✓  319 [chromium] › tests/components/sortable-fields.spec.ts:521:3 › closing and reopening amounts retains invalid draft after dialog unmount (793ms)
  ✓  320 [chromium] › tests/components/sortable-fields.spec.ts:521:3 › closing and reopening dictionary retains invalid draft after dialog unmount (787ms)

  1 skipped
  319 passed (2.0m)
