{"program":"corepack","args":["pnpm@10.30.0","exec","playwright","test","--config","tests/playwright.config.ts","--reporter=json"],"cwd":"/var/tmp/rom-ui-root-public-pnpm/consumer","exit_code":0,"signal":null}
{
  "config": {
    "argv": [
      "/nix/store/b3x7xvp565xqlj0whi2giwgbrplfwfpb-nodejs-22.16.0/bin/node",
      "/var/tmp/rom-ui-root-public-pnpm/consumer/node_modules/.bin/playwright",
      "test",
      "--config",
      "tests/playwright.config.ts",
      "--reporter=json"
    ],
    "configFile": "/var/tmp/rom-ui-root-public-pnpm/consumer/tests/playwright.config.ts",
    "rootDir": "/var/tmp/rom-ui-root-public-pnpm/consumer/tests",
    "failOnFlakyTests": false,
    "forbidOnly": false,
    "fullyParallel": false,
    "globalSetup": null,
    "globalTeardown": null,
    "globalTimeout": 0,
    "grep": {},
    "grepInvert": null,
    "maxFailures": 0,
    "metadata": {
      "actualWorkers": 1
    },
    "preserveOutput": "always",
    "projects": [
      {
        "outputDir": "/var/tmp/rom-ui-root-public-pnpm/consumer/test-results",
        "repeatEach": 1,
        "retries": 0,
        "metadata": {
          "actualWorkers": 1
        },
        "id": "webkit",
        "name": "webkit",
        "testDir": "/var/tmp/rom-ui-root-public-pnpm/consumer/tests",
        "testIgnore": [],
        "testMatch": [
          "*.spec.ts"
        ],
        "timeout": 30000
      },
      {
        "outputDir": "/var/tmp/rom-ui-root-public-pnpm/consumer/test-results",
        "repeatEach": 1,
        "retries": 0,
        "metadata": {
          "actualWorkers": 1
        },
        "id": "chromium",
        "name": "chromium",
        "testDir": "/var/tmp/rom-ui-root-public-pnpm/consumer/tests",
        "testIgnore": [],
        "testMatch": [
          "*.spec.ts"
        ],
        "timeout": 30000
      }
    ],
    "quiet": false,
    "reporter": [
      [
        "json"
      ]
    ],
    "reportSlowTests": {
      "max": 5,
      "threshold": 300000
    },
    "shard": null,
    "tags": [],
    "updateSnapshots": "missing",
    "updateSourceMethod": "patch",
    "version": "1.63.0",
    "workers": 1,
    "webServer": {
      "cwd": "/var/tmp/rom-ui-root-public-pnpm/consumer/",
      "command": "corepack pnpm@10.30.0 exec vite preview --host 127.0.0.1 --port 43281 --strictPort",
      "url": "http://127.0.0.1:43281/",
      "reuseExistingServer": false,
      "timeout": 20000
    }
  },
  "suites": [
    {
      "title": "public-controls.spec.ts",
      "file": "public-controls.spec.ts",
      "column": 0,
      "line": 0,
      "specs": [
        {
          "title": "installed public controls preserve bound values, native refs and keyboard operations",
          "ok": true,
          "tags": [],
          "tests": [
            {
              "timeout": 30000,
              "annotations": [],
              "expectedStatus": "passed",
              "projectId": "webkit",
              "projectName": "webkit",
              "results": [
                {
                  "workerIndex": 0,
                  "parallelIndex": 0,
                  "status": "passed",
                  "duration": 663,
                  "errors": [],
                  "stdout": [],
                  "stderr": [],
                  "retry": 0,
                  "startTime": "2026-10-08T17:29:09.761Z",
                  "annotations": [],
                  "attachments": []
                }
              ],
              "status": "expected"
            }
          ],
          "id": "cdb4b5ded54f46cb545c-2f8d30adeb1ecf0b9068",
          "file": "public-controls.spec.ts",
          "line": 3,
          "column": 1
        },
        {
          "title": "installed stylesheet and wrapper contracts support a compact composer at 1280x900",
          "ok": true,
          "tags": [],
          "tests": [
            {
              "timeout": 30000,
              "annotations": [],
              "expectedStatus": "passed",
              "projectId": "webkit",
              "projectName": "webkit",
              "results": [
                {
                  "workerIndex": 0,
                  "parallelIndex": 0,
                  "status": "passed",
                  "duration": 648,
                  "errors": [],
                  "stdout": [],
                  "stderr": [],
                  "retry": 0,
                  "startTime": "2026-10-08T17:29:10.547Z",
                  "annotations": [],
                  "attachments": []
                }
              ],
              "status": "expected"
            }
          ],
          "id": "cdb4b5ded54f46cb545c-f702517a7722507d49ea",
          "file": "public-controls.spec.ts",
          "line": 25,
          "column": 3
        },
        {
          "title": "installed stylesheet and wrapper contracts support a compact composer at 390x500",
          "ok": true,
          "tags": [],
          "tests": [
            {
              "timeout": 30000,
              "annotations": [],
              "expectedStatus": "passed",
              "projectId": "webkit",
              "projectName": "webkit",
              "results": [
                {
                  "workerIndex": 0,
                  "parallelIndex": 0,
                  "status": "passed",
                  "duration": 481,
                  "errors": [],
                  "stdout": [],
                  "stderr": [],
                  "retry": 0,
                  "startTime": "2026-10-08T17:29:11.206Z",
                  "annotations": [],
                  "attachments": []
                }
              ],
              "status": "expected"
            }
          ],
          "id": "cdb4b5ded54f46cb545c-7c9b933cca99f51571a1",
          "file": "public-controls.spec.ts",
          "line": 25,
          "column": 3
        },
        {
          "title": "installed public client and recovery entries preserve exact typed mutation draft",
          "ok": true,
          "tags": [],
          "tests": [
            {
              "timeout": 30000,
              "annotations": [],
              "expectedStatus": "passed",
              "projectId": "webkit",
              "projectName": "webkit",
              "results": [
                {
                  "workerIndex": 0,
                  "parallelIndex": 0,
                  "status": "passed",
                  "duration": 537,
                  "errors": [],
                  "stdout": [],
                  "stderr": [],
                  "retry": 0,
                  "startTime": "2026-10-08T17:29:11.697Z",
                  "annotations": [],
                  "attachments": []
                }
              ],
              "status": "expected"
            }
          ],
          "id": "cdb4b5ded54f46cb545c-a30c1c4b887392111059",
          "file": "public-controls.spec.ts",
          "line": 44,
          "column": 1
        },
        {
          "title": "installed public controls preserve bound values, native refs and keyboard operations",
          "ok": true,
          "tags": [],
          "tests": [
            {
              "timeout": 30000,
              "annotations": [],
              "expectedStatus": "passed",
              "projectId": "chromium",
              "projectName": "chromium",
              "results": [
                {
                  "workerIndex": 1,
                  "parallelIndex": 0,
                  "status": "passed",
                  "duration": 498,
                  "errors": [],
                  "stdout": [],
                  "stderr": [],
                  "retry": 0,
                  "startTime": "2026-10-08T17:29:18.121Z",
                  "annotations": [],
                  "attachments": []
                }
              ],
              "status": "expected"
            }
          ],
          "id": "cdb4b5ded54f46cb545c-af70f9090e43396b6d11",
          "file": "public-controls.spec.ts",
          "line": 3,
          "column": 1
        },
        {
          "title": "installed stylesheet and wrapper contracts support a compact composer at 1280x900",
          "ok": true,
          "tags": [],
          "tests": [
            {
              "timeout": 30000,
              "annotations": [],
              "expectedStatus": "passed",
              "projectId": "chromium",
              "projectName": "chromium",
              "results": [
                {
                  "workerIndex": 1,
                  "parallelIndex": 0,
                  "status": "passed",
                  "duration": 285,
                  "errors": [],
                  "stdout": [],
                  "stderr": [],
                  "retry": 0,
                  "startTime": "2026-10-08T17:29:18.833Z",
                  "annotations": [],
                  "attachments": []
                }
              ],
              "status": "expected"
            }
          ],
          "id": "cdb4b5ded54f46cb545c-0e61d1b56a3ffac9cf62",
          "file": "public-controls.spec.ts",
          "line": 25,
          "column": 3
        },
        {
          "title": "installed stylesheet and wrapper contracts support a compact composer at 390x500",
          "ok": true,
          "tags": [],
          "tests": [
            {
              "timeout": 30000,
              "annotations": [],
              "expectedStatus": "passed",
              "projectId": "chromium",
              "projectName": "chromium",
              "results": [
                {
                  "workerIndex": 1,
                  "parallelIndex": 0,
                  "status": "passed",
                  "duration": 221,
                  "errors": [],
                  "stdout": [],
                  "stderr": [],
                  "retry": 0,
                  "startTime": "2026-10-08T17:29:19.128Z",
                  "annotations": [],
                  "attachments": []
                }
              ],
              "status": "expected"
            }
          ],
          "id": "cdb4b5ded54f46cb545c-066eac64d5e9e98e6982",
          "file": "public-controls.spec.ts",
          "line": 25,
          "column": 3
        },
        {
          "title": "installed public client and recovery entries preserve exact typed mutation draft",
          "ok": true,
          "tags": [],
          "tests": [
            {
              "timeout": 30000,
              "annotations": [],
              "expectedStatus": "passed",
              "projectId": "chromium",
              "projectName": "chromium",
              "results": [
                {
                  "workerIndex": 1,
                  "parallelIndex": 0,
                  "status": "passed",
                  "duration": 279,
                  "errors": [],
                  "stdout": [],
                  "stderr": [],
                  "retry": 0,
                  "startTime": "2026-10-08T17:29:19.356Z",
                  "annotations": [],
                  "attachments": []
                }
              ],
              "status": "expected"
            }
          ],
          "id": "cdb4b5ded54f46cb545c-3778f5a08db11591353e",
          "file": "public-controls.spec.ts",
          "line": 44,
          "column": 1
        }
      ]
    },
    {
      "title": "public-root.spec.ts",
      "file": "public-root.spec.ts",
      "column": 0,
      "line": 0,
      "specs": [
        {
          "title": "installed root App and renderer compose resources settings and work at 1440px",
          "ok": true,
          "tags": [],
          "tests": [
            {
              "timeout": 30000,
              "annotations": [],
              "expectedStatus": "passed",
              "projectId": "webkit",
              "projectName": "webkit",
              "results": [
                {
                  "workerIndex": 0,
                  "parallelIndex": 0,
                  "status": "passed",
                  "duration": 730,
                  "errors": [],
                  "stdout": [],
                  "stderr": [],
                  "retry": 0,
                  "startTime": "2026-10-08T17:29:12.246Z",
                  "annotations": [],
                  "attachments": []
                }
              ],
              "status": "expected"
            }
          ],
          "id": "90741700e1f162f3e3e7-30867bed4e88c05c91e3",
          "file": "public-root.spec.ts",
          "line": 4,
          "column": 3
        },
        {
          "title": "installed root App and renderer compose resources settings and work at 390px",
          "ok": true,
          "tags": [],
          "tests": [
            {
              "timeout": 30000,
              "annotations": [],
              "expectedStatus": "passed",
              "projectId": "webkit",
              "projectName": "webkit",
              "results": [
                {
                  "workerIndex": 0,
                  "parallelIndex": 0,
                  "status": "passed",
                  "duration": 2047,
                  "errors": [],
                  "stdout": [],
                  "stderr": [],
                  "retry": 0,
                  "startTime": "2026-10-08T17:29:12.984Z",
                  "annotations": [],
                  "attachments": []
                }
              ],
              "status": "expected"
            }
          ],
          "id": "90741700e1f162f3e3e7-30d0d814dd973456a3c1",
          "file": "public-root.spec.ts",
          "line": 4,
          "column": 3
        },
        {
          "title": "installed root App and renderer compose resources settings and work at 1440px",
          "ok": true,
          "tags": [],
          "tests": [
            {
              "timeout": 30000,
              "annotations": [],
              "expectedStatus": "passed",
              "projectId": "chromium",
              "projectName": "chromium",
              "results": [
                {
                  "workerIndex": 1,
                  "parallelIndex": 0,
                  "status": "passed",
                  "duration": 476,
                  "errors": [],
                  "stdout": [],
                  "stderr": [],
                  "retry": 0,
                  "startTime": "2026-10-08T17:29:19.647Z",
                  "annotations": [],
                  "attachments": []
                }
              ],
              "status": "expected"
            }
          ],
          "id": "90741700e1f162f3e3e7-7a7c9d34b0ddeb937c2d",
          "file": "public-root.spec.ts",
          "line": 4,
          "column": 3
        },
        {
          "title": "installed root App and renderer compose resources settings and work at 390px",
          "ok": true,
          "tags": [],
          "tests": [
            {
              "timeout": 30000,
              "annotations": [],
              "expectedStatus": "passed",
              "projectId": "chromium",
              "projectName": "chromium",
              "results": [
                {
                  "workerIndex": 1,
                  "parallelIndex": 0,
                  "status": "passed",
                  "duration": 1899,
                  "errors": [],
                  "stdout": [],
                  "stderr": [],
                  "retry": 0,
                  "startTime": "2026-10-08T17:29:20.131Z",
                  "annotations": [],
                  "attachments": []
                }
              ],
              "status": "expected"
            }
          ],
          "id": "90741700e1f162f3e3e7-3ce982489968c79e10f1",
          "file": "public-root.spec.ts",
          "line": 4,
          "column": 3
        }
      ]
    },
    {
      "title": "public-ui.spec.ts",
      "file": "public-ui.spec.ts",
      "column": 0,
      "line": 0,
      "specs": [
        {
          "title": "installed details retain a draft across responsive transitions and return focus",
          "ok": true,
          "tags": [],
          "tests": [
            {
              "timeout": 30000,
              "annotations": [],
              "expectedStatus": "passed",
              "projectId": "webkit",
              "projectName": "webkit",
              "results": [
                {
                  "workerIndex": 0,
                  "parallelIndex": 0,
                  "status": "passed",
                  "duration": 595,
                  "errors": [],
                  "stdout": [],
                  "stderr": [],
                  "retry": 0,
                  "startTime": "2026-10-08T17:29:15.044Z",
                  "annotations": [],
                  "attachments": []
                }
              ],
              "status": "expected"
            }
          ],
          "id": "3b0331cfbf48bc9becc9-d21420aade43a6a31117",
          "file": "public-ui.spec.ts",
          "line": 3,
          "column": 1
        },
        {
          "title": "installed headless requests fence late previews and retain exact multi-selection",
          "ok": true,
          "tags": [],
          "tests": [
            {
              "timeout": 30000,
              "annotations": [],
              "expectedStatus": "passed",
              "projectId": "webkit",
              "projectName": "webkit",
              "results": [
                {
                  "workerIndex": 0,
                  "parallelIndex": 0,
                  "status": "passed",
                  "duration": 583,
                  "errors": [],
                  "stdout": [],
                  "stderr": [],
                  "retry": 0,
                  "startTime": "2026-10-08T17:29:15.646Z",
                  "annotations": [],
                  "attachments": []
                }
              ],
              "status": "expected"
            }
          ],
          "id": "3b0331cfbf48bc9becc9-aa34ff41d3a5305cd772",
          "file": "public-ui.spec.ts",
          "line": 21,
          "column": 1
        },
        {
          "title": "installed observation removes prior private rows when authority generation changes",
          "ok": true,
          "tags": [],
          "tests": [
            {
              "timeout": 30000,
              "annotations": [],
              "expectedStatus": "passed",
              "projectId": "webkit",
              "projectName": "webkit",
              "results": [
                {
                  "workerIndex": 0,
                  "parallelIndex": 0,
                  "status": "passed",
                  "duration": 432,
                  "errors": [],
                  "stdout": [],
                  "stderr": [],
                  "retry": 0,
                  "startTime": "2026-10-08T17:29:16.236Z",
                  "annotations": [],
                  "attachments": []
                }
              ],
              "status": "expected"
            }
          ],
          "id": "3b0331cfbf48bc9becc9-1d04e617d4457364c25c",
          "file": "public-ui.spec.ts",
          "line": 34,
          "column": 1
        },
        {
          "title": "installed details retain a draft across responsive transitions and return focus",
          "ok": true,
          "tags": [],
          "tests": [
            {
              "timeout": 30000,
              "annotations": [],
              "expectedStatus": "passed",
              "projectId": "chromium",
              "projectName": "chromium",
              "results": [
                {
                  "workerIndex": 1,
                  "parallelIndex": 0,
                  "status": "passed",
                  "duration": 390,
                  "errors": [],
                  "stdout": [],
                  "stderr": [],
                  "retry": 0,
                  "startTime": "2026-10-08T17:29:22.042Z",
                  "annotations": [],
                  "attachments": []
                }
              ],
              "status": "expected"
            }
          ],
          "id": "3b0331cfbf48bc9becc9-56410e8a63801d7b6dea",
          "file": "public-ui.spec.ts",
          "line": 3,
          "column": 1
        },
        {
          "title": "installed headless requests fence late previews and retain exact multi-selection",
          "ok": true,
          "tags": [],
          "tests": [
            {
              "timeout": 30000,
              "annotations": [],
              "expectedStatus": "passed",
              "projectId": "chromium",
              "projectName": "chromium",
              "results": [
                {
                  "workerIndex": 1,
                  "parallelIndex": 0,
                  "status": "passed",
                  "duration": 338,
                  "errors": [],
                  "stdout": [],
                  "stderr": [],
                  "retry": 0,
                  "startTime": "2026-10-08T17:29:22.440Z",
                  "annotations": [],
                  "attachments": []
                }
              ],
              "status": "expected"
            }
          ],
          "id": "3b0331cfbf48bc9becc9-2ba547659dc59f4a1292",
          "file": "public-ui.spec.ts",
          "line": 21,
          "column": 1
        },
        {
          "title": "installed observation removes prior private rows when authority generation changes",
          "ok": true,
          "tags": [],
          "tests": [
            {
              "timeout": 30000,
              "annotations": [],
              "expectedStatus": "passed",
              "projectId": "chromium",
              "projectName": "chromium",
              "results": [
                {
                  "workerIndex": 1,
                  "parallelIndex": 0,
                  "status": "passed",
                  "duration": 217,
                  "errors": [],
                  "stdout": [],
                  "stderr": [],
                  "retry": 0,
                  "startTime": "2026-10-08T17:29:22.784Z",
                  "annotations": [],
                  "attachments": []
                }
              ],
              "status": "expected"
            }
          ],
          "id": "3b0331cfbf48bc9becc9-7066f270b2c7ccded8a5",
          "file": "public-ui.spec.ts",
          "line": 34,
          "column": 1
        }
      ]
    },
    {
      "title": "public-workspace.spec.ts",
      "file": "public-workspace.spec.ts",
      "column": 0,
      "line": 0,
      "specs": [
        {
          "title": "installed public workspace composes cards, history, references and layout controls",
          "ok": true,
          "tags": [],
          "tests": [
            {
              "timeout": 30000,
              "annotations": [],
              "expectedStatus": "passed",
              "projectId": "webkit",
              "projectName": "webkit",
              "results": [
                {
                  "workerIndex": 0,
                  "parallelIndex": 0,
                  "status": "passed",
                  "duration": 471,
                  "errors": [],
                  "stdout": [],
                  "stderr": [],
                  "retry": 0,
                  "startTime": "2026-10-08T17:29:16.679Z",
                  "annotations": [],
                  "attachments": []
                }
              ],
              "status": "expected"
            }
          ],
          "id": "bf3e357e4aed81c9673f-5767348bc7da102e5117",
          "file": "public-workspace.spec.ts",
          "line": 3,
          "column": 1
        },
        {
          "title": "installed public workspace remains usable without horizontal overflow at 390 pixels",
          "ok": true,
          "tags": [],
          "tests": [
            {
              "timeout": 30000,
              "annotations": [],
              "expectedStatus": "passed",
              "projectId": "webkit",
              "projectName": "webkit",
              "results": [
                {
                  "workerIndex": 0,
                  "parallelIndex": 0,
                  "status": "passed",
                  "duration": 398,
                  "errors": [],
                  "stdout": [],
                  "stderr": [],
                  "retry": 0,
                  "startTime": "2026-10-08T17:29:17.156Z",
                  "annotations": [],
                  "attachments": []
                }
              ],
              "status": "expected"
            }
          ],
          "id": "bf3e357e4aed81c9673f-3a2da4f2ded7f12b19ab",
          "file": "public-workspace.spec.ts",
          "line": 20,
          "column": 1
        },
        {
          "title": "installed public workspace composes cards, history, references and layout controls",
          "ok": true,
          "tags": [],
          "tests": [
            {
              "timeout": 30000,
              "annotations": [],
              "expectedStatus": "passed",
              "projectId": "chromium",
              "projectName": "chromium",
              "results": [
                {
                  "workerIndex": 1,
                  "parallelIndex": 0,
                  "status": "passed",
                  "duration": 291,
                  "errors": [],
                  "stdout": [],
                  "stderr": [],
                  "retry": 0,
                  "startTime": "2026-10-08T17:29:23.010Z",
                  "annotations": [],
                  "attachments": []
                }
              ],
              "status": "expected"
            }
          ],
          "id": "bf3e357e4aed81c9673f-11908298a0f5abf9a10e",
          "file": "public-workspace.spec.ts",
          "line": 3,
          "column": 1
        },
        {
          "title": "installed public workspace remains usable without horizontal overflow at 390 pixels",
          "ok": true,
          "tags": [],
          "tests": [
            {
              "timeout": 30000,
              "annotations": [],
              "expectedStatus": "passed",
              "projectId": "chromium",
              "projectName": "chromium",
              "results": [
                {
                  "workerIndex": 1,
                  "parallelIndex": 0,
                  "status": "passed",
                  "duration": 218,
                  "errors": [],
                  "stdout": [],
                  "stderr": [],
                  "retry": 0,
                  "startTime": "2026-10-08T17:29:23.310Z",
                  "annotations": [],
                  "attachments": []
                }
              ],
              "status": "expected"
            }
          ],
          "id": "bf3e357e4aed81c9673f-594f6c2f08c93fc6b8c9",
          "file": "public-workspace.spec.ts",
          "line": 20,
          "column": 1
        }
      ]
    }
  ],
  "errors": [],
  "stats": {
    "startTime": "2026-10-08T17:29:08.427Z",
    "duration": 15228.119,
    "expected": 22,
    "skipped": 0,
    "unexpected": 0,
    "flaky": 0
  }
}
