
> rom-ui@0.1.0-alpha.0 test:unit
> node --experimental-strip-types --test tests/unit/*.test.ts

TAP version 13
# (node:2243878) ExperimentalWarning: Type Stripping is an experimental feature and might change at any time
# (Use `node --trace-warnings ...` to show where the warning was created)
# Subtest: capture detaches exact context and every export attempt receives fresh data
ok 1 - capture detaches exact context and every export attempt receives fresh data
  ---
  duration_ms: 0.752316
  type: 'test'
  ...
# Subtest: captured identity is deeply immutable and excludes extra fields
ok 2 - captured identity is deeply immutable and excludes extra fields
  ---
  duration_ms: 0.349843
  type: 'test'
  ...
# Subtest: identity is captured before the clone callback can change host selection
ok 3 - identity is captured before the clone callback can change host selection
  ---
  duration_ms: 0.125788
  type: 'test'
  ...
# Subtest: a snapshot is context, not current authorization or a file operation
ok 4 - a snapshot is context, not current authorization or a file operation
  ---
  duration_ms: 0.661183
  type: 'test'
  ...
# (node:2243879) ExperimentalWarning: Type Stripping is an experimental feature and might change at any time
# (Use `node --trace-warnings ...` to show where the warning was created)
# Subtest: content notifications coalesce and keep the view at its latest item
ok 5 - content notifications coalesce and keep the view at its latest item
  ---
  duration_ms: 3.019651
  type: 'test'
  ...
# Subtest: manual upward scroll cancels following until explicit resume
ok 6 - manual upward scroll cancels following until explicit resume
  ---
  duration_ms: 1.50405
  type: 'test'
  ...
# Subtest: a manual scroll after queued content wins over the pending frame
ok 7 - a manual scroll after queued content wins over the pending frame
  ---
  duration_ms: 0.265904
  type: 'test'
  ...
# Subtest: disposal cancels queued frames, observers and future scroll effects
ok 8 - disposal cancels queued frames, observers and future scroll effects
  ---
  duration_ms: 0.377305
  type: 'test'
  ...
# Subtest: invalid thresholds are rejected before installing observers
ok 9 - invalid thresholds are rejected before installing observers
  ---
  duration_ms: 1.322456
  type: 'test'
  ...
# Subtest: a viewport resize scroll event without upward movement keeps following
ok 10 - a viewport resize scroll event without upward movement keeps following
  ---
  duration_ms: 1.088783
  type: 'test'
  ...
# Subtest: even a small upward movement stops following until explicit resume
ok 11 - even a small upward movement stops following until explicit resume
  ---
  duration_ms: 0.334854
  type: 'test'
  ...
# Subtest: viewport enlargement clamping the previous position does not count as manual upward movement
ok 12 - viewport enlargement clamping the previous position does not count as manual upward movement
  ---
  duration_ms: 0.205229
  type: 'test'
  ...
# (node:2243880) ExperimentalWarning: Type Stripping is an experimental feature and might change at any time
# (Use `node --trace-warnings ...` to show where the warning was created)
# Subtest: history preserves exact IDs and detaches bounded display data
ok 13 - history preserves exact IDs and detaches bounded display data
  ---
  duration_ms: 0.725745
  type: 'test'
  ...
# Subtest: history rejects duplicate IDs, excessive values and invalid dates
ok 14 - history rejects duplicate IDs, excessive values and invalid dates
  ---
  duration_ms: 0.484568
  type: 'test'
  ...
# Subtest: history dates use explicit locale and timezone without changing stored instants
ok 15 - history dates use explicit locale and timezone without changing stored instants
  ---
  duration_ms: 21.175449
  type: 'test'
  ...
# Subtest: history captures each value once before validating its admitted bounds
ok 16 - history captures each value once before validating its admitted bounds
  ---
  duration_ms: 0.177125
  type: 'test'
  ...
# Subtest: history iterates only its captured entry count without calling an overridden map
ok 17 - history iterates only its captured entry count without calling an overridden map
  ---
  duration_ms: 0.312462
  type: 'test'
  ...
# (node:2243881) ExperimentalWarning: Type Stripping is an experimental feature and might change at any time
# (Use `node --trace-warnings ...` to show where the warning was created)
# Subtest: superseding settles the caller even when old work ignores cancellation
ok 18 - superseding settles the caller even when old work ignores cancellation
  ---
  duration_ms: 17.158799
  type: 'test'
  ...
# Subtest: late errors never classify or publish over a newer result
ok 19 - late errors never classify or publish over a newer result
  ---
  duration_ms: 2.619684
  type: 'test'
  ...
# Subtest: an abort listener may start a newer request without the interrupted run overwriting it
ok 20 - an abort listener may start a newer request without the interrupted run overwriting it
  ---
  duration_ms: 1.077291
  type: 'test'
  ...
# Subtest: pending notification can clear work before its task starts
ok 21 - pending notification can clear work before its task starts
  ---
  duration_ms: 0.373658
  type: 'test'
  ...
# Subtest: clone and classifier callbacks cannot publish after clearing ownership
ok 22 - clone and classifier callbacks cannot publish after clearing ownership
  ---
  duration_ms: 0.440816
  type: 'test'
  ...
# Subtest: ready data is cloned and errors expose only the host code
ok 23 - ready data is cloned and errors expose only the host code
  ---
  duration_ms: 0.286393
  type: 'test'
  ...
# Subtest: dispose settles pending work and never publishes again
ok 24 - dispose settles pending work and never publishes again
  ---
  duration_ms: 4.242778
  type: 'test'
  ...
# Subtest: a throwing notification rejects the wrapper without classifying host defects
ok 25 - a throwing notification rejects the wrapper without classifying host defects
  ---
  duration_ms: 0.588665
  type: 'test'
  ...
# Subtest: a synchronous task rejection becomes a sanitized current error
ok 26 - a synchronous task rejection becomes a sanitized current error
  ---
  duration_ms: 0.355754
  type: 'test'
  ...
# (node:2243889) ExperimentalWarning: Type Stripping is an experimental feature and might change at any time
# (Use `node --trace-warnings ...` to show where the warning was created)
# Subtest: layout proposals retain exact IDs and validate move/size/visibility without mutation
ok 27 - layout proposals retain exact IDs and validate move/size/visibility without mutation
  ---
  duration_ms: 1.295734
  type: 'test'
  ...
# Subtest: invalid commands and corrupt layouts never propose a fallback
ok 28 - invalid commands and corrupt layouts never propose a fallback
  ---
  duration_ms: 0.17444
  type: 'test'
  ...
# (node:2243908) ExperimentalWarning: Type Stripping is an experimental feature and might change at any time
# (Use `node --trace-warnings ...` to show where the warning was created)
# Subtest: layout capture detaches and freezes only a valid host-selected catalog
ok 29 - layout capture detaches and freezes only a valid host-selected catalog
  ---
  duration_ms: 0.980568
  type: 'test'
  ...
# Subtest: unknown duplicate and malformed layout IDs are rejected without a fallback
ok 30 - unknown duplicate and malformed layout IDs are rejected without a fallback
  ---
  duration_ms: 0.23218
  type: 'test'
  ...
# Subtest: position size and visible values must satisfy finite integer catalog bounds
ok 31 - position size and visible values must satisfy finite integer catalog bounds
  ---
  duration_ms: 0.330195
  type: 'test'
  ...
# Subtest: corrupt stored layouts and entry limits are rejected without throwing
ok 32 - corrupt stored layouts and entry limits are rejected without throwing
  ---
  duration_ms: 0.209618
  type: 'test'
  ...
# Subtest: invalid host catalogs and limits are configuration errors
ok 33 - invalid host catalogs and limits are configuration errors
  ---
  duration_ms: 0.467105
  type: 'test'
  ...
# Subtest: stored getters cannot widen the captured host bounds
ok 34 - stored getters cannot widen the captured host bounds
  ---
  duration_ms: 0.132942
  type: 'test'
  ...
# Subtest: inherited and changing catalog bounds remain in the exact validated snapshot
ok 35 - inherited and changing catalog bounds remain in the exact validated snapshot
  ---
  duration_ms: 7.670703
  type: 'test'
  ...
# Subtest: stored array proxy errors become invalid layout results
ok 36 - stored array proxy errors become invalid layout results
  ---
  duration_ms: 0.7917
  type: 'test'
  ...
# Subtest: layout entry getters cannot extend the captured item limit during iteration
ok 37 - layout entry getters cannot extend the captured item limit during iteration
  ---
  duration_ms: 11.938589
  type: 'test'
  ...
# (node:2243909) ExperimentalWarning: Type Stripping is an experimental feature and might change at any time
# (Use `node --trace-warnings ...` to show where the warning was created)
# Subtest: the UI entry exposes disposable computations without application imports
ok 38 - the UI entry exposes disposable computations without application imports
  ---
  duration_ms: 4.38645
  type: 'test'
  ...
# Subtest: public composition combines exact selection with validated display links
ok 39 - public composition combines exact selection with validated display links
  ---
  duration_ms: 1.370847
  type: 'test'
  ...
# Subtest: headless package entry validates host layouts without importing Svelte
ok 40 - headless package entry validates host layouts without importing Svelte
  ---
  duration_ms: 2.81813
  type: 'test'
  ...
# (node:2243920) ExperimentalWarning: Type Stripping is an experimental feature and might change at any time
# (Use `node --trace-warnings ...` to show where the warning was created)
# Subtest: unknown classification holds one command until explicit reset without automatic retry
ok 41 - unknown classification holds one command until explicit reset without automatic retry
  ---
  duration_ms: 0.751244
  type: 'test'
  ...
# Subtest: old scope/rejection/disposal cannot publish a stale command result
ok 42 - old scope/rejection/disposal cannot publish a stale command result
  ---
  duration_ms: 0.205138
  type: 'test'
  ...
# Subtest: throwing then getter cannot establish an outcome
ok 43 - throwing then getter cannot establish an outcome
  ---
  duration_ms: 0.756082
  type: 'test'
  ...
# Subtest: callback acknowledgement failure is unknown until explicit host recovery
ok 44 - callback acknowledgement failure is unknown until explicit host recovery
  ---
  duration_ms: 0.17438
  type: 'test'
  ...
# Subtest: pending publisher reset or dispose prevents stale callback dispatch
ok 45 - pending publisher reset or dispose prevents stale callback dispatch
  ---
  duration_ms: 0.235256
  type: 'test'
  ...
# (node:2243921) ExperimentalWarning: Type Stripping is an experimental feature and might change at any time
# (Use `node --trace-warnings ...` to show where the warning was created)
# Subtest: selection preserves exact opaque IDs and returns detached snapshots
ok 46 - selection preserves exact opaque IDs and returns detached snapshots
  ---
  duration_ms: 1.378342
  type: 'test'
  ...
# Subtest: single selection toggles and replaces without inferring labels
ok 47 - single selection toggles and replaces without inferring labels
  ---
  duration_ms: 0.146328
  type: 'test'
  ...
# Subtest: removing available IDs prunes selection and clear empties it
ok 48 - removing available IDs prunes selection and clear empties it
  ---
  duration_ms: 0.423062
  type: 'test'
  ...
# Subtest: invalid catalogs and initial selection fail explicitly
ok 49 - invalid catalogs and initial selection fail explicitly
  ---
  duration_ms: 0.276955
  type: 'test'
  ...
# Subtest: invalid replacement is atomic and does not discard current selection
ok 50 - invalid replacement is atomic and does not discard current selection
  ---
  duration_ms: 0.156646
  type: 'test'
  ...
# (node:2243931) ExperimentalWarning: Type Stripping is an experimental feature and might change at any time
# (Use `node --trace-warnings ...` to show where the warning was created)
# Subtest: normalizes approved internal and external links without fetching
ok 51 - normalizes approved internal and external links without fetching
  ---
  duration_ms: 8.303292
  type: 'test'
  ...
# Subtest: scheme and credentials checks precede any internal callback
ok 52 - scheme and credentials checks precede any internal callback
  ---
  duration_ms: 0.281103
  type: 'test'
  ...
# Subtest: origin comparisons reject lookalike hosts and protocol-relative outsiders
ok 53 - origin comparisons reject lookalike hosts and protocol-relative outsiders
  ---
  duration_ms: 0.276383
  type: 'test'
  ...
# Subtest: internal callback sees immutable normalized path and failures reject links
ok 54 - internal callback sees immutable normalized path and failures reject links
  ---
  duration_ms: 0.187545
  type: 'test'
  ...
# Subtest: raw input has a fixed UTF8 bound and rejects control characters
ok 55 - raw input has a fixed UTF8 bound and rejects control characters
  ---
  duration_ms: 0.252819
  type: 'test'
  ...
# Subtest: unsafe or ambiguous configuration fails explicitly
ok 56 - unsafe or ambiguous configuration fails explicitly
  ---
  duration_ms: 0.586912
  type: 'test'
  ...
# Subtest: a JavaScript async internal validator cannot approve a blocked link
ok 57 - a JavaScript async internal validator cannot approve a blocked link
  ---
  duration_ms: 0.203104
  type: 'test'
  ...
# Subtest: a rejected async validator is ignored without an unhandled rejection
ok 58 - a rejected async validator is ignored without an unhandled rejection
  ---
  duration_ms: 24.775911
  type: 'test'
  ...
1..58
# tests 58
# suites 0
# pass 58
# fail 0
# cancelled 0
# skipped 0
# todo 0
# duration_ms 343.697333
