
> rom-ui@0.1.0-alpha.0 test:unit
> node --experimental-strip-types --test tests/unit/*.test.ts

TAP version 13
# (node:2257784) ExperimentalWarning: Type Stripping is an experimental feature and might change at any time
# (Use `node --trace-warnings ...` to show where the warning was created)
# Subtest: capture detaches exact context and every export attempt receives fresh data
ok 1 - capture detaches exact context and every export attempt receives fresh data
  ---
  duration_ms: 0.766372
  type: 'test'
  ...
# Subtest: captured identity is deeply immutable and excludes extra fields
ok 2 - captured identity is deeply immutable and excludes extra fields
  ---
  duration_ms: 0.275372
  type: 'test'
  ...
# Subtest: identity is captured before the clone callback can change host selection
ok 3 - identity is captured before the clone callback can change host selection
  ---
  duration_ms: 0.147479
  type: 'test'
  ...
# Subtest: a snapshot is context, not current authorization or a file operation
ok 4 - a snapshot is context, not current authorization or a file operation
  ---
  duration_ms: 0.625405
  type: 'test'
  ...
# (node:2257785) ExperimentalWarning: Type Stripping is an experimental feature and might change at any time
# (Use `node --trace-warnings ...` to show where the warning was created)
# Subtest: content notifications coalesce and keep the view at its latest item
ok 5 - content notifications coalesce and keep the view at its latest item
  ---
  duration_ms: 1.352062
  type: 'test'
  ...
# Subtest: manual upward scroll cancels following until explicit resume
ok 6 - manual upward scroll cancels following until explicit resume
  ---
  duration_ms: 0.238612
  type: 'test'
  ...
# Subtest: a manual scroll after queued content wins over the pending frame
ok 7 - a manual scroll after queued content wins over the pending frame
  ---
  duration_ms: 0.202724
  type: 'test'
  ...
# Subtest: disposal cancels queued frames, observers and future scroll effects
ok 8 - disposal cancels queued frames, observers and future scroll effects
  ---
  duration_ms: 0.196423
  type: 'test'
  ...
# Subtest: invalid thresholds are rejected before installing observers
ok 9 - invalid thresholds are rejected before installing observers
  ---
  duration_ms: 0.506219
  type: 'test'
  ...
# Subtest: a viewport resize scroll event without upward movement keeps following
ok 10 - a viewport resize scroll event without upward movement keeps following
  ---
  duration_ms: 0.267857
  type: 'test'
  ...
# Subtest: even a small upward movement stops following until explicit resume
ok 11 - even a small upward movement stops following until explicit resume
  ---
  duration_ms: 0.228743
  type: 'test'
  ...
# Subtest: viewport enlargement clamping the previous position does not count as manual upward movement
ok 12 - viewport enlargement clamping the previous position does not count as manual upward movement
  ---
  duration_ms: 0.143392
  type: 'test'
  ...
# (node:2257786) ExperimentalWarning: Type Stripping is an experimental feature and might change at any time
# (Use `node --trace-warnings ...` to show where the warning was created)
# Subtest: history preserves exact IDs and detaches bounded display data
ok 13 - history preserves exact IDs and detaches bounded display data
  ---
  duration_ms: 0.682965
  type: 'test'
  ...
# Subtest: history rejects duplicate IDs, excessive values and invalid dates
ok 14 - history rejects duplicate IDs, excessive values and invalid dates
  ---
  duration_ms: 0.392113
  type: 'test'
  ...
# Subtest: history dates use explicit locale and timezone without changing stored instants
ok 15 - history dates use explicit locale and timezone without changing stored instants
  ---
  duration_ms: 11.237717
  type: 'test'
  ...
# Subtest: history captures each value once before validating its admitted bounds
ok 16 - history captures each value once before validating its admitted bounds
  ---
  duration_ms: 0.177426
  type: 'test'
  ...
# Subtest: history iterates only its captured entry count without calling an overridden map
ok 17 - history iterates only its captured entry count without calling an overridden map
  ---
  duration_ms: 0.456334
  type: 'test'
  ...
# (node:2257787) ExperimentalWarning: Type Stripping is an experimental feature and might change at any time
# (Use `node --trace-warnings ...` to show where the warning was created)
# Subtest: superseding settles the caller even when old work ignores cancellation
ok 18 - superseding settles the caller even when old work ignores cancellation
  ---
  duration_ms: 5.823436
  type: 'test'
  ...
# Subtest: late errors never classify or publish over a newer result
ok 19 - late errors never classify or publish over a newer result
  ---
  duration_ms: 1.972157
  type: 'test'
  ...
# Subtest: an abort listener may start a newer request without the interrupted run overwriting it
ok 20 - an abort listener may start a newer request without the interrupted run overwriting it
  ---
  duration_ms: 3.330492
  type: 'test'
  ...
# Subtest: pending notification can clear work before its task starts
ok 21 - pending notification can clear work before its task starts
  ---
  duration_ms: 0.408605
  type: 'test'
  ...
# Subtest: clone and classifier callbacks cannot publish after clearing ownership
ok 22 - clone and classifier callbacks cannot publish after clearing ownership
  ---
  duration_ms: 0.432931
  type: 'test'
  ...
# Subtest: ready data is cloned and errors expose only the host code
ok 23 - ready data is cloned and errors expose only the host code
  ---
  duration_ms: 0.256216
  type: 'test'
  ...
# Subtest: dispose settles pending work and never publishes again
ok 24 - dispose settles pending work and never publishes again
  ---
  duration_ms: 1.789401
  type: 'test'
  ...
# Subtest: a throwing notification rejects the wrapper without classifying host defects
ok 25 - a throwing notification rejects the wrapper without classifying host defects
  ---
  duration_ms: 1.371981
  type: 'test'
  ...
# Subtest: a synchronous task rejection becomes a sanitized current error
ok 26 - a synchronous task rejection becomes a sanitized current error
  ---
  duration_ms: 0.302724
  type: 'test'
  ...
# (node:2257788) ExperimentalWarning: Type Stripping is an experimental feature and might change at any time
# (Use `node --trace-warnings ...` to show where the warning was created)
# Subtest: layout proposals retain exact IDs and validate move/size/visibility without mutation
ok 27 - layout proposals retain exact IDs and validate move/size/visibility without mutation
  ---
  duration_ms: 1.415372
  type: 'test'
  ...
# Subtest: invalid commands and corrupt layouts never propose a fallback
ok 28 - invalid commands and corrupt layouts never propose a fallback
  ---
  duration_ms: 0.18456
  type: 'test'
  ...
# (node:2257797) ExperimentalWarning: Type Stripping is an experimental feature and might change at any time
# (Use `node --trace-warnings ...` to show where the warning was created)
# Subtest: layout capture detaches and freezes only a valid host-selected catalog
ok 29 - layout capture detaches and freezes only a valid host-selected catalog
  ---
  duration_ms: 1.056713
  type: 'test'
  ...
# Subtest: unknown duplicate and malformed layout IDs are rejected without a fallback
ok 30 - unknown duplicate and malformed layout IDs are rejected without a fallback
  ---
  duration_ms: 0.236859
  type: 'test'
  ...
# Subtest: position size and visible values must satisfy finite integer catalog bounds
ok 31 - position size and visible values must satisfy finite integer catalog bounds
  ---
  duration_ms: 0.333351
  type: 'test'
  ...
# Subtest: corrupt stored layouts and entry limits are rejected without throwing
ok 32 - corrupt stored layouts and entry limits are rejected without throwing
  ---
  duration_ms: 0.231248
  type: 'test'
  ...
# Subtest: invalid host catalogs and limits are configuration errors
ok 33 - invalid host catalogs and limits are configuration errors
  ---
  duration_ms: 0.496511
  type: 'test'
  ...
# Subtest: stored getters cannot widen the captured host bounds
ok 34 - stored getters cannot widen the captured host bounds
  ---
  duration_ms: 0.155084
  type: 'test'
  ...
# Subtest: inherited and changing catalog bounds remain in the exact validated snapshot
ok 35 - inherited and changing catalog bounds remain in the exact validated snapshot
  ---
  duration_ms: 0.171154
  type: 'test'
  ...
# Subtest: stored array proxy errors become invalid layout results
ok 36 - stored array proxy errors become invalid layout results
  ---
  duration_ms: 0.635865
  type: 'test'
  ...
# Subtest: layout entry getters cannot extend the captured item limit during iteration
ok 37 - layout entry getters cannot extend the captured item limit during iteration
  ---
  duration_ms: 0.337439
  type: 'test'
  ...
# (node:2257814) ExperimentalWarning: Type Stripping is an experimental feature and might change at any time
# (Use `node --trace-warnings ...` to show where the warning was created)
# Subtest: the UI entry exposes disposable computations without application imports
ok 38 - the UI entry exposes disposable computations without application imports
  ---
  duration_ms: 0.823982
  type: 'test'
  ...
# Subtest: public composition combines exact selection with validated display links
ok 39 - public composition combines exact selection with validated display links
  ---
  duration_ms: 1.022638
  type: 'test'
  ...
# Subtest: headless package entry validates host layouts without importing Svelte
ok 40 - headless package entry validates host layouts without importing Svelte
  ---
  duration_ms: 3.22907
  type: 'test'
  ...
# (node:2257823) ExperimentalWarning: Type Stripping is an experimental feature and might change at any time
# (Use `node --trace-warnings ...` to show where the warning was created)
# Subtest: reference candidate admission detaches exact IDs and bounds count and UTF8 bytes
ok 41 - reference candidate admission detaches exact IDs and bounds count and UTF8 bytes
  ---
  duration_ms: 1.780715
  type: 'test'
  ...
# Subtest: reference admission rejects malformed/duplicate candidates and bounds search UTF8
ok 42 - reference admission rejects malformed/duplicate candidates and bounds search UTF8
  ---
  duration_ms: 0.228282
  type: 'test'
  ...
# (node:2257824) ExperimentalWarning: Type Stripping is an experimental feature and might change at any time
# (Use `node --trace-warnings ...` to show where the warning was created)
# Subtest: unknown classification holds one command until explicit reset without automatic retry
ok 43 - unknown classification holds one command until explicit reset without automatic retry
  ---
  duration_ms: 0.817038
  type: 'test'
  ...
# Subtest: old scope/rejection/disposal cannot publish a stale command result
ok 44 - old scope/rejection/disposal cannot publish a stale command result
  ---
  duration_ms: 0.246367
  type: 'test'
  ...
# Subtest: throwing then getter cannot establish an outcome
ok 45 - throwing then getter cannot establish an outcome
  ---
  duration_ms: 0.761002
  type: 'test'
  ...
# Subtest: callback acknowledgement failure is unknown until explicit host recovery
ok 46 - callback acknowledgement failure is unknown until explicit host recovery
  ---
  duration_ms: 0.180952
  type: 'test'
  ...
# Subtest: pending publisher reset or dispose prevents stale callback dispatch
ok 47 - pending publisher reset or dispose prevents stale callback dispatch
  ---
  duration_ms: 0.181634
  type: 'test'
  ...
# (node:2257833) ExperimentalWarning: Type Stripping is an experimental feature and might change at any time
# (Use `node --trace-warnings ...` to show where the warning was created)
# Subtest: selection preserves exact opaque IDs and returns detached snapshots
ok 48 - selection preserves exact opaque IDs and returns detached snapshots
  ---
  duration_ms: 1.510563
  type: 'test'
  ...
# Subtest: single selection toggles and replaces without inferring labels
ok 49 - single selection toggles and replaces without inferring labels
  ---
  duration_ms: 0.169491
  type: 'test'
  ...
# Subtest: removing available IDs prunes selection and clear empties it
ok 50 - removing available IDs prunes selection and clear empties it
  ---
  duration_ms: 0.479449
  type: 'test'
  ...
# Subtest: invalid catalogs and initial selection fail explicitly
ok 51 - invalid catalogs and initial selection fail explicitly
  ---
  duration_ms: 0.387645
  type: 'test'
  ...
# Subtest: invalid replacement is atomic and does not discard current selection
ok 52 - invalid replacement is atomic and does not discard current selection
  ---
  duration_ms: 0.186293
  type: 'test'
  ...
# (node:2257842) ExperimentalWarning: Type Stripping is an experimental feature and might change at any time
# (Use `node --trace-warnings ...` to show where the warning was created)
# Subtest: normalizes approved internal and external links without fetching
ok 53 - normalizes approved internal and external links without fetching
  ---
  duration_ms: 1.685615
  type: 'test'
  ...
# Subtest: scheme and credentials checks precede any internal callback
ok 54 - scheme and credentials checks precede any internal callback
  ---
  duration_ms: 0.396341
  type: 'test'
  ...
# Subtest: origin comparisons reject lookalike hosts and protocol-relative outsiders
ok 55 - origin comparisons reject lookalike hosts and protocol-relative outsiders
  ---
  duration_ms: 0.27978
  type: 'test'
  ...
# Subtest: internal callback sees immutable normalized path and failures reject links
ok 56 - internal callback sees immutable normalized path and failures reject links
  ---
  duration_ms: 0.246608
  type: 'test'
  ...
# Subtest: raw input has a fixed UTF8 bound and rejects control characters
ok 57 - raw input has a fixed UTF8 bound and rejects control characters
  ---
  duration_ms: 0.281683
  type: 'test'
  ...
# Subtest: unsafe or ambiguous configuration fails explicitly
ok 58 - unsafe or ambiguous configuration fails explicitly
  ---
  duration_ms: 0.63294
  type: 'test'
  ...
# Subtest: a JavaScript async internal validator cannot approve a blocked link
ok 59 - a JavaScript async internal validator cannot approve a blocked link
  ---
  duration_ms: 0.803002
  type: 'test'
  ...
# Subtest: a rejected async validator is ignored without an unhandled rejection
ok 60 - a rejected async validator is ignored without an unhandled rejection
  ---
  duration_ms: 9.653965
  type: 'test'
  ...
1..60
# tests 60
# suites 0
# pass 60
# fail 0
# cancelled 0
# skipped 0
# todo 0
# duration_ms 227.560158
