#0 building with "default" instance using docker driver

#1 [internal] load build definition from Dockerfile
#1 transferring dockerfile: 238B done
#1 DONE 0.0s

#2 [internal] load metadata for docker.io/library/nginx@sha256:3bcf852aed06467cf075c6105892e4d5a6ebbbafa0ce22d35062db9e90ddef4c
#2 DONE 0.0s

#3 [internal] load .dockerignore
#3 transferring context: 2B done
#3 DONE 0.0s

#4 [1/3] FROM docker.io/library/nginx@sha256:3bcf852aed06467cf075c6105892e4d5a6ebbbafa0ce22d35062db9e90ddef4c
#4 resolve docker.io/library/nginx@sha256:3bcf852aed06467cf075c6105892e4d5a6ebbbafa0ce22d35062db9e90ddef4c 0.0s done
#4 DONE 0.0s

#5 [internal] load build context
#5 transferring context: 2.66MB 0.0s done
#5 DONE 0.1s

#6 [2/3] COPY deploy/nginx.conf /etc/nginx/conf.d/default.conf
#6 CACHED

#7 [3/3] COPY dist/ /usr/share/nginx/html/
#7 DONE 0.1s

#8 exporting to image
#8 exporting layers
#8 exporting layers 0.2s done
#8 exporting manifest sha256:6895036043945979fa27d1d470e5cf06c764e78251728b86f453a70381e43888 0.0s done
#8 exporting config sha256:1750a11558f16c39590cd2306135db9198fb3152b07e37f2cd55c29b2ccc1344 0.0s done
#8 exporting attestation manifest sha256:a94d1f8072b6c225a40e745b4b5294f5e6b8befab33f6eb8b055302c1a0515b7 0.0s done
#8 exporting manifest list sha256:fbcfcc0267ba45879649726acf0df7d3442a99d8138fe6a59afa8585c4bc5427 0.0s done
#8 naming to docker.io/library/rom-ui-gallery:5f69d40 done
#8 unpacking to docker.io/library/rom-ui-gallery:5f69d40 0.1s done
#8 DONE 0.3s
 Container rom-ui-gallery Recreate 
 Container rom-ui-gallery Recreated 
 Container rom-ui-gallery Starting 
 Container rom-ui-gallery Started 
rom-ui-gallery:5f69d40 sha256:fbcfcc0267ba45879649726acf0df7d3442a99d8138fe6a59afa8585c4bc5427 running
